Archive member included to satisfy reference by file (symbol)

lib/libhpm_sdk_gcc_startup_lib.a(start.S.obj)
                              (--whole-archive)
lib/libhpm_sdk_gcc_startup_lib.a(initfini.c.obj)
                              (--whole-archive)
lib/libhpm_sdk_gcc_lib.a(reset.c.obj)
                              (--whole-archive)
lib/libhpm_sdk_gcc_lib.a(trap.c.obj)
                              (--whole-archive)
lib/libhpm_sdk_lib.a(hpm_l1c_drv.c.obj)
                              (--whole-archive)
lib/libhpm_sdk_lib.a(pinmux.c.obj)
                              (--whole-archive)
lib/libhpm_sdk_lib.a(board.c.obj)
                              (--whole-archive)
lib/libhpm_sdk_lib.a(system.c.obj)
                              (--whole-archive)
lib/libhpm_sdk_lib.a(hpm_sysctl_drv.c.obj)
                              (--whole-archive)
lib/libhpm_sdk_lib.a(hpm_clock_drv.c.obj)
                              (--whole-archive)
lib/libhpm_sdk_lib.a(hpm_otp_drv.c.obj)
                              (--whole-archive)
lib/libhpm_sdk_lib.a(hpm_pdgo_drv.c.obj)
                              (--whole-archive)
lib/libhpm_sdk_lib.a(hpm_trgm_soc_drv.c.obj)
                              (--whole-archive)
lib/libhpm_sdk_lib.a(hpm_qeiv2_soc_drv.c.obj)
                              (--whole-archive)
lib/libhpm_sdk_lib.a(hpm_bootheader.c.obj)
                              (--whole-archive)
lib/libhpm_sdk_lib.a(hpm_uart_drv.c.obj)
                              (--whole-archive)
lib/libhpm_sdk_lib.a(hpm_i2c_drv.c.obj)
                              (--whole-archive)
lib/libhpm_sdk_lib.a(hpm_pmp_drv.c.obj)
                              (--whole-archive)
lib/libhpm_sdk_lib.a(hpm_gpio_drv.c.obj)
                              (--whole-archive)
lib/libhpm_sdk_lib.a(hpm_spi_drv.c.obj)
                              (--whole-archive)
lib/libhpm_sdk_lib.a(hpm_gptmr_drv.c.obj)
                              (--whole-archive)
lib/libhpm_sdk_lib.a(hpm_pwmv2_drv.c.obj)
                              (--whole-archive)
lib/libhpm_sdk_lib.a(hpm_pllctlv2_drv.c.obj)
                              (--whole-archive)
lib/libhpm_sdk_lib.a(hpm_usb_drv.c.obj)
                              (--whole-archive)
lib/libhpm_sdk_lib.a(hpm_acmp_drv.c.obj)
                              (--whole-archive)
lib/libhpm_sdk_lib.a(hpm_enet_drv.c.obj)
                              (--whole-archive)
lib/libhpm_sdk_lib.a(hpm_adc16_drv.c.obj)
                              (--whole-archive)
lib/libhpm_sdk_lib.a(hpm_pcfg_drv.c.obj)
                              (--whole-archive)
lib/libhpm_sdk_lib.a(hpm_ptpc_drv.c.obj)
                              (--whole-archive)
lib/libhpm_sdk_lib.a(hpm_mchtmr_drv.c.obj)
                              (--whole-archive)
lib/libhpm_sdk_lib.a(hpm_tsns_drv.c.obj)
                              (--whole-archive)
lib/libhpm_sdk_lib.a(hpm_crc_drv.c.obj)
                              (--whole-archive)
lib/libhpm_sdk_lib.a(hpm_sdm_drv.c.obj)
                              (--whole-archive)
lib/libhpm_sdk_lib.a(hpm_mcan_drv.c.obj)
                              (--whole-archive)
lib/libhpm_sdk_lib.a(hpm_qeiv2_drv.c.obj)
                              (--whole-archive)
lib/libhpm_sdk_lib.a(hpm_enc_pos_drv.c.obj)
                              (--whole-archive)
lib/libhpm_sdk_lib.a(hpm_qeov2_drv.c.obj)
                              (--whole-archive)
lib/libhpm_sdk_lib.a(hpm_dmav2_drv.c.obj)
                              (--whole-archive)
lib/libhpm_sdk_lib.a(hpm_ewdg_drv.c.obj)
                              (--whole-archive)
lib/libhpm_sdk_lib.a(hpm_plb_drv.c.obj)
                              (--whole-archive)
lib/libhpm_sdk_lib.a(hpm_tfa_drv.S.obj)
                              (--whole-archive)
lib/libhpm_sdk_lib.a(hpm_esc_drv.c.obj)
                              (--whole-archive)
lib/libhpm_sdk_lib.a(hpm_ppi_drv.c.obj)
                              (--whole-archive)
lib/libhpm_sdk_lib.a(hpm_lobs_drv.c.obj)
                              (--whole-archive)
lib/libhpm_sdk_lib.a(hpm_eui_drv.c.obj)
                              (--whole-archive)
lib/libhpm_sdk_lib.a(hpm_owr_drv.c.obj)
                              (--whole-archive)
lib/libhpm_sdk_lib.a(hpm_sbrk.c.obj)
                              (--whole-archive)
lib/libhpm_sdk_lib.a(hpm_swap.c.obj)
                              (--whole-archive)
lib/libhpm_sdk_lib.a(hpm_ffssi.c.obj)
                              (--whole-archive)
lib/libhpm_sdk_lib.a(hpm_crc32.c.obj)
                              (--whole-archive)
lib/libhpm_sdk_lib.a(hpm_debug_console.c.obj)
                              (--whole-archive)
lib/libhpm_sdk_lib.a(eeprom_emulation.c.obj)
                              (--whole-archive)
lib/libhpm_sdk_lib.a(hpm_nor_flash.c.obj)
                              (--whole-archive)
lib/libhpm_sdk_lib.a(coeappl.c.obj)
                              (--whole-archive)
lib/libhpm_sdk_lib.a(ecatappl.c.obj)
                              (--whole-archive)
lib/libhpm_sdk_lib.a(ecatcoe.c.obj)
[...]
Memory Configuration

Name             Origin             Length             Attributes
FLASH            0x80000000         0x00100000         xr
ILM              0x00000000         0x00020000         xw
DLM              0x00200000         0x00020000         w
AXI_SRAM         0x01200000         0x00030000         xw
AXI_SRAM_NONCACHEABLE 0x01230000         0x00010000         xw
AHB_SRAM         0xf0200000         0x00008000         w
*default*        0x00000000         0xffffffff

Linker script and memory map

LOAD CMakeFiles/app.dir/ecat.c.obj
LOAD lib/libhpm_sdk_gcc_startup_lib.a
LOAD lib/libhpm_sdk_gcc_lib.a
LOAD lib/libhpm_sdk_lib.a
                0x00004000                        _heap_size = 0x4000
                0x00004000                        _stack_size = 0x4000
                0x00100000                        _flash_size = 0x100000
                0x00010000                        _noncacheable_size = 0x10000
LOAD C:/sdk_env_v1.11.0/toolchains/rv32imac_zicsr_zifencei_multilib_b_ext-win/bin/../lib/gcc/riscv32-unknown-elf/13.2.0/rv32imac_zicsr_zifencei_zba_zbb_zbc_zbs/ilp32\libgcc.a
LOAD C:/sdk_env_v1.11.0/toolchains/rv32imac_zicsr_zifencei_multilib_b_ext-win/bin/../lib/gcc/riscv32-unknown-elf/13.2.0/../../../../riscv32-unknown-elf/lib/rv32imac_zicsr_zifencei_zba_zbb_zbc_zbs/ilp32\libg_nano.a
LOAD C:/sdk_env_v1.11.0/toolchains/rv32imac_zicsr_zifencei_multilib_b_ext-win/bin/../lib/gcc/riscv32-unknown-elf/13.2.0/../../../../riscv32-unknown-elf/lib/rv32imac_zicsr_zifencei_zba_zbb_zbc_zbs/ilp32\libc_nano.a
LOAD C:/sdk_env_v1.11.0/toolchains/rv32imac_zicsr_zifencei_multilib_b_ext-win/bin/../lib/gcc/riscv32-unknown-elf/13.2.0/rv32imac_zicsr_zifencei_zba_zbb_zbc_zbs/ilp32\libgcc.a
START GROUP
LOAD C:/sdk_env_v1.11.0/toolchains/rv32imac_zicsr_zifencei_multilib_b_ext-win/bin/../lib/gcc/riscv32-unknown-elf/13.2.0/rv32imac_zicsr_zifencei_zba_zbb_zbc_zbs/ilp32\libgcc.a
LOAD C:/sdk_env_v1.11.0/toolchains/rv32imac_zicsr_zifencei_multilib_b_ext-win/bin/../lib/gcc/riscv32-unknown-elf/13.2.0/../../../../riscv32-unknown-elf/lib/rv32imac_zicsr_zifencei_zba_zbb_zbc_zbs/ilp32\libc_nano.a
LOAD C:/sdk_env_v1.11.0/toolchains/rv32imac_zicsr_zifencei_multilib_b_ext-win/bin/../lib/gcc/riscv32-unknown-elf/13.2.0/../../../../riscv32-unknown-elf/lib/rv32imac_zicsr_zifencei_zba_zbb_zbc_zbs/ilp32\libgloss_nano.a
END GROUP
                0x00004000                        STACK_SIZE = _stack_size
                0x00004000                        HEAP_SIZE = _heap_size
                0x80000400                        __nor_cfg_option_load_addr__ = (ORIGIN (FLASH) + 0x400)
                0x80001000                        __boot_header_load_addr__ = (ORIGIN (FLASH) + 0x1000)
                0x80003000                        __app_load_addr__ = (ORIGIN (FLASH) + 0x3000)
                0x00000090                        __boot_header_length__ = (__boot_header_end__ - __boot_header_start__)
                0x00002000                        __app_offset__ = (__app_load_addr__ - __boot_header_load_addr__)

.nor_cfg_option
                0x80000400       0x10
 *(.nor_cfg_option)
 .nor_cfg_option
                0x80000400       0x10 lib/libhpm_sdk_lib.a(board.c.obj)
                0x80000400                option

.boot_header    0x80001000       0x90
                0x80001000                        __boot_header_start__ = .
 *(.boot_header)
 .boot_header   0x80001000       0x10 lib/libhpm_sdk_lib.a(hpm_bootheader.c.obj)
                0x80001000                header
 *(.fw_info_table)
 .fw_info_table
                0x80001010       0x80 lib/libhpm_sdk_lib.a(hpm_bootheader.c.obj)
                0x80001010                fw_info
 *(.dc_info)
                0x80001090                        __boot_header_end__ = .

.start          0x80003000       0x50
                0x80003000                        . = ALIGN (0x8)
 *(.start)
 .start         0x80003000       0x4a lib/libhpm_sdk_gcc_startup_lib.a(start.S.obj)
                0x80003000                _start
                0x80003048                exit
                0x80003050                        . = ALIGN (0x8)
 *fill*         0x8000304a        0x6 
                0x80003050                        __vector_load_addr__ = (ADDR (.start) + SIZEOF (.start))

.vectors        0x00000000      0xa58 load address 0x80003050
                0x00000000                        . = ALIGN (0x8)
                0x00000000                        __vector_ram_start__ = .
 *(.vector_table)
 .vector_table  0x00000000      0x142 lib/libhpm_sdk_gcc_startup_lib.a(start.S.obj)
                0x00000000                __vector_table
                0x00000140                default_isr_s_59
                0x00000140                default_isr_s_54
                0x00000140                default_isr_s_28
                0x00000140                default_isr_s_22
                0x00000140                default_isr_s_21
                0x00000140                default_isr_s_41
                0x00000140                default_isr_s_19
                0x00000140                default_isr_s_18
                0x00000140                default_isr_s_13
                0x00000140                default_isr_s_12
                0x00000140                default_isr_s_56
                0x00000140                default_isr_s_64
                0x00000140                default_isr_s_4
                0x00000140                default_isr_s_71
                0x00000140                default_isr_s_48
                0x00000140                default_isr_s_26
                0x00000140                default_isr_s_25
                0x00000140                default_isr_s_61
                0x00000140                default_isr_s_8
                0x00000140                default_isr_s_3
                0x00000140                default_isr_s_40
                0x00000140                default_isr_s_45
                0x00000140                default_isr_s_73
                0x00000140                default_isr_s_30
                0x00000140                default_isr_s_78
                0x00000140                default_isr_s_35
                0x00000140                default_isr_s_70
                0x00000140                default_isr_s_60
                0x00000140                default_isr_s_50
                0x00000140                default_isr_s_58
                0x00000140                default_isr_s_66
                0x00000140                default_isr_s_20
                0x00000140                default_isr_s_6
                0x00000140                default_isr_s_17
                0x00000140                default_isr_s_16
                0x00000140                default_isr_s_63
                0x00000140                default_isr_s_11
                0x00000140                default_isr_s_10
                0x00000140                default_isr_s_53
                0x00000140                default_isr_s_42
                0x00000140                default_isr_s_7
                0x00000140                default_isr_s_75
                0x00000140                default_isr_s_32
                0x00000140                default_isr_s_37
                0x00000140                default_isr_s_43
                0x00000140                default_isr_s_47
                0x00000140                default_isr_s_24
                0x00000140                default_isr_s_72
                0x00000140                default_isr_s_39
                0x00000140                default_isr_s_77
                0x00000140                default_isr_s_34
                0x00000140                default_isr_s_68
                0x00000140                default_isr_s_74
                0x00000140                default_isr_s_31
                0x00000140                default_isr_s_44
                0x00000140                default_isr_s_55
                0x00000140                default_isr_s_29
                0x00000140                default_isr_s_23
                0x00000140                default_isr_s_51
                0x00000140                default_isr_s_65
                0x00000140                default_isr_s_49
                0x00000140                default_isr_s_15
                0x00000140                default_isr_s_14
                0x00000140                default_isr_s_57
                0x00000140                default_isr_s_52
                0x00000140                default_irq_s_handler
                0x00000140                default_isr_s_9
                0x00000140                default_isr_s_2
                0x00000140                default_isr_s_79
                0x00000140                default_isr_s_36
                0x00000140                default_isr_s_27
                0x00000140                default_isr_s_69
                0x00000140                default_isr_s_62
                0x00000140                default_isr_s_76
                0x00000140                default_isr_s_33
                0x00000140                default_isr_s_1
                0x00000140                default_isr_s_46
                0x00000140                default_isr_s_38
                0x00000140                default_isr_s_5
                0x00000140                default_isr_s_67
 *(.isr_vector)
 *fill*         0x00000142        0x2 
 .isr_vector    0x00000144        0x8 lib/libhpm_sdk_gcc_startup_lib.a(start.S.obj)
                0x00000144                nmi_handler
                0x00000148                default_isr_73
                0x00000148                default_isr_17
                0x00000148                default_isr_9
                0x00000148                default_isr_35
                0x00000148                default_isr_41
                0x00000148                default_isr_66
                0x00000148                default_isr_23
                0x00000148                default_isr_5
                0x00000148                default_isr_68
                0x00000148                default_isr_25
                0x00000148                default_isr_76
                0x00000148                default_isr_31
                0x00000148                default_isr_53
                0x00000148                default_isr_27
                0x00000148                default_isr_71
                0x00000148                default_isr_3
                0x00000148                default_isr_38
                0x00000148                default_isr_1
                0x00000148                default_isr_20
                0x00000148                default_isr_13
                0x00000148                default_isr_40
                0x00000148                default_isr_58
                0x00000148                default_isr_10
                0x00000148                default_isr_55
                0x00000148                default_isr_46
                0x00000148                default_isr_75
                0x00000148                default_isr_30
                0x00000148                default_isr_4
                0x00000148                default_isr_48
                0x00000148                default_isr_78
                0x00000148                default_isr_33
                0x00000148                default_isr_16
                0x00000148                default_isr_28
                0x00000148                default_isr_52
                0x00000148                default_isr_50
                0x00000148                default_isr_69
                0x00000148                default_isr_26
                0x00000148                default_isr_77
                0x00000148                default_isr_32
                0x00000148                default_isr_70
                0x00000148                default_isr_43
                0x00000148                default_isr_56
                0x00000148                default_isr_8
                0x00000148                default_irq_handler
                0x00000148                default_isr_60
                0x00000148                default_isr_49
                0x00000148                default_isr_72
                0x00000148                default_isr_2
                0x00000148                default_isr_74
                0x00000148                default_isr_47
                0x00000148                default_isr_6
                0x00000148                default_isr_18
                0x00000148                default_isr_65
                0x00000148                default_isr_22
                0x00000148                default_isr_42
                0x00000148                default_isr_79
                0x00000148                default_isr_34
                0x00000148                default_isr_36
                0x00000148                default_isr_67
                0x00000148                default_isr_24
                0x00000148                default_isr_19
                0x00000148                default_isr_29
                0x00000148                default_isr_15
                0x00000148                default_isr_51
                0x00000148                default_isr_37
                0x00000148                default_isr_39
                0x00000148                default_isr_7
                0x00000148                default_isr_12
                0x00000148                default_isr_44
                0x00000148                default_isr_57
                0x00000148                default_isr_21
                0x00000148                default_isr_59
                0x00000148                default_isr_54
                0x00000148                default_isr_45
 .isr_vector    0x0000014c      0x15a lib/libhpm_sdk_gcc_lib.a(trap.c.obj)
                0x0000014c                irq_handler_trap
 *fill*         0x000002a6        0x2 
 .isr_vector    0x000002a8       0xd8 lib/libhpm_sdk_lib.a(board.c.obj)
                0x000002a8                board_timer_isr
                0x000002e0                default_isr_14
 .isr_vector    0x00000380      0x408 lib/libhpm_sdk_lib.a(hpm_ecat_hw.c.obj)
                0x00000380                ecat_time_ms_isr
                0x000003c8                default_isr_11
                0x00000466                ecat_pdi_isr
                0x0000047c                default_isr_61
                0x0000051c                ecat_sync0_isr
                0x00000554                default_isr_62
                0x000005f4                ecat_sync1_isr
                0x0000062c                default_isr_63
                0x000006cc                ecat_reset_isr
                0x000006e8                default_isr_64
 *(.isr_vector.*)
 *(.vector_s_table)
 *fill*         0x00000788       0x78 
 .vector_s_table
                0x00000800      0x140 lib/libhpm_sdk_gcc_startup_lib.a(start.S.obj)
                0x00000800                __vector_s_table
 *(.isr_s_vector)
 .isr_s_vector  0x00000940      0x112 lib/libhpm_sdk_gcc_lib.a(trap.c.obj)
                0x00000940                irq_handler_s_trap
 *(.isr_s_vector.*)
                0x00000a58                        . = ALIGN (0x8)
 *fill*         0x00000a52        0x6 
                0x00000a58                        __vector_ram_end__ = .

.text           0x80003aa8    0x15eb0
                0x80003aa8                        . = ALIGN (0x8)
 *(EXCLUDE_FILE(nx*.o*) .text)
 .text          0x80003aa8      0x350 C:/sdk_env_v1.11.0/toolchains/rv32imac_zicsr_zifencei_multilib_b_ext-win/bin/../lib/gcc/riscv32-unknown-elf/13.2.0/rv32imac_zicsr_zifencei_zba_zbb_zbc_zbs/ilp32\libgcc.a(_udivdi3.o)
                0x80003aa8                __udivdi3
 .text          0x80003df8      0x5dc C:/sdk_env_v1.11.0/toolchains/rv32imac_zicsr_zifencei_multilib_b_ext-win/bin/../lib/gcc/riscv32-unknown-elf/13.2.0/rv32imac_zicsr_zifencei_zba_zbb_zbc_zbs/ilp32\libgcc.a(adddf3.o)
                0x80003df8                __adddf3
 .text          0x800043d4      0x50a C:/sdk_env_v1.11.0/toolchains/rv32imac_zicsr_zifencei_multilib_b_ext-win/bin/../lib/gcc/riscv32-unknown-elf/13.2.0/rv32imac_zicsr_zifencei_zba_zbb_zbc_zbs/ilp32\libgcc.a(divdf3.o)
                0x800043d4                __divdf3
 .text          0x800048de       0x9a C:/sdk_env_v1.11.0/toolchains/rv32imac_zicsr_zifencei_multilib_b_ext-win/bin/../lib/gcc/riscv32-unknown-elf/13.2.0/rv32imac_zicsr_zifencei_zba_zbb_zbc_zbs/ilp32\libgcc.a(gedf2.o)
                0x800048de                __gedf2
                0x800048de                __gtdf2
 .text          0x80004978       0x9a C:/sdk_env_v1.11.0/toolchains/rv32imac_zicsr_zifencei_multilib_b_ext-win/bin/../lib/gcc/riscv32-unknown-elf/13.2.0/rv32imac_zicsr_zifencei_zba_zbb_zbc_zbs/ilp32\libgcc.a(ledf2.o)
                0x80004978                __ledf2
                0x80004978                __ltdf2
 .text          0x80004a12      0x446 C:/sdk_env_v1.11.0/toolchains/rv32imac_zicsr_zifencei_multilib_b_ext-win/bin/../lib/gcc/riscv32-unknown-elf/13.2.0/rv32imac_zicsr_zifencei_zba_zbb_zbc_zbs/ilp32\libgcc.a(muldf3.o)
                0x80004a12                __muldf3
 .text          0x80004e58      0x5f0 C:/sdk_env_v1.11.0/toolchains/rv32imac_zicsr_zifencei_multilib_b_ext-win/bin/../lib/gcc/riscv32-unknown-elf/13.2.0/rv32imac_zicsr_zifencei_zba_zbb_zbc_zbs/ilp32\libgcc.a(subdf3.o)
                0x80004e58                __subdf3
 .text          0x80005448       0x62 C:/sdk_env_v1.11.0/toolchains/rv32imac_zicsr_zifencei_multilib_b_ext-win/bin/../lib/gcc/riscv32-unknown-elf/13.2.0/rv32imac_zicsr_zifencei_zba_zbb_zbc_zbs/ilp32\libgcc.a(fixdfsi.o)
                0x80005448                __fixdfsi
 .text          0x800054aa       0x60 C:/sdk_env_v1.11.0/toolchains/rv32imac_zicsr_zifencei_multilib_b_ext-win/bin/../lib/gcc/riscv32-unknown-elf/13.2.0/rv32imac_zicsr_zifencei_zba_zbb_zbc_zbs/ilp32\libgcc.a(fixunsdfsi.o)
                0x800054aa                __fixunsdfsi
 .text          0x8000550a       0x42 C:/sdk_env_v1.11.0/toolchains/rv32imac_zicsr_zifencei_multilib_b_ext-win/bin/../lib/gcc/riscv32-unknown-elf/13.2.0/rv32imac_zicsr_zifencei_zba_zbb_zbc_zbs/ilp32\libgcc.a(floatunsidf.o)
                0x8000550a                __floatunsidf
 .text          0x8000554c      0x112 C:/sdk_env_v1.11.0/toolchains/rv32imac_zicsr_zifencei_multilib_b_ext-win/bin/../lib/gcc/riscv32-unknown-elf/13.2.0/rv32imac_zicsr_zifencei_zba_zbb_zbc_zbs/ilp32\libgcc.a(truncdfsf2.o)
                0x8000554c                __truncdfsf2
 .text          0x8000565e       0x16 C:/sdk_env_v1.11.0/toolchains/rv32imac_zicsr_zifencei_multilib_b_ext-win/bin/../lib/gcc/riscv32-unknown-elf/13.2.0/../../../../riscv32-unknown-elf/lib/rv32imac_zicsr_zifencei_zba_zbb_zbc_zbs/ilp32\libg_nano.a(lib_a-memcpy-asm.o)
                0x8000565e                memcpy
 .text          0x80005674       0x26 C:/sdk_env_v1.11.0/toolchains/rv32imac_zicsr_zifencei_multilib_b_ext-win/bin/../lib/gcc/riscv32-unknown-elf/13.2.0/../../../../riscv32-unknown-elf/lib/rv32imac_zicsr_zifencei_zba_zbb_zbc_zbs/ilp32\libg_nano.a(lib_a-memmove.o)
                0x80005674                memmove
 .text          0x8000569a       0x10 C:/sdk_env_v1.11.0/toolchains/rv32imac_zicsr_zifencei_multilib_b_ext-win/bin/../lib/gcc/riscv32-unknown-elf/13.2.0/../../../../riscv32-unknown-elf/lib/rv32imac_zicsr_zifencei_zba_zbb_zbc_zbs/ilp32\libg_nano.a(lib_a-memset.o)
                0x8000569a                memset
 .text          0x800056aa       0x6a C:/sdk_env_v1.11.0/toolchains/rv32imac_zicsr_zifencei_multilib_b_ext-win/bin/../lib/gcc/riscv32-unknown-elf/13.2.0/rv32imac_zicsr_zifencei_zba_zbb_zbc_zbs/ilp32\libgcc.a(eqdf2.o)
                0x800056aa                __nedf2
                0x800056aa                __eqdf2
 .text          0x80005714       0x38 C:/sdk_env_v1.11.0/toolchains/rv32imac_zicsr_zifencei_multilib_b_ext-win/bin/../lib/gcc/riscv32-unknown-elf/13.2.0/rv32imac_zicsr_zifencei_zba_zbb_zbc_zbs/ilp32\libgcc.a(unorddf2.o)
                0x80005714                __unorddf2
 .text          0x8000574c       0x54 C:/sdk_env_v1.11.0/toolchains/rv32imac_zicsr_zifencei_multilib_b_ext-win/bin/../lib/gcc/riscv32-unknown-elf/13.2.0/rv32imac_zicsr_zifencei_zba_zbb_zbc_zbs/ilp32\libgcc.a(floatsidf.o)
                0x8000574c                __floatsidf
 .text          0x800057a0       0x98 C:/sdk_env_v1.11.0/toolchains/rv32imac_zicsr_zifencei_multilib_b_ext-win/bin/../lib/gcc/riscv32-unknown-elf/13.2.0/rv32imac_zicsr_zifencei_zba_zbb_zbc_zbs/ilp32\libgcc.a(fixdfdi.o)
                0x800057a0                __fixdfdi
 .text          0x80005838      0x154 C:/sdk_env_v1.11.0/toolchains/rv32imac_zicsr_zifencei_multilib_b_ext-win/bin/../lib/gcc/riscv32-unknown-elf/13.2.0/rv32imac_zicsr_zifencei_zba_zbb_zbc_zbs/ilp32\libgcc.a(floatdidf.o)
                0x80005838                __floatdidf
 .text          0x8000598c      0x152 C:/sdk_env_v1.11.0/toolchains/rv32imac_zicsr_zifencei_multilib_b_ext-win/bin/../lib/gcc/riscv32-unknown-elf/13.2.0/rv32imac_zicsr_zifencei_zba_zbb_zbc_zbs/ilp32\libgcc.a(extenddftf2.o)
                0x8000598c                __extenddftf2
 .text          0x80005ade      0x240 C:/sdk_env_v1.11.0/toolchains/rv32imac_zicsr_zifencei_multilib_b_ext-win/bin/../lib/gcc/riscv32-unknown-elf/13.2.0/rv32imac_zicsr_zifencei_zba_zbb_zbc_zbs/ilp32\libgcc.a(trunctfdf2.o)
                0x80005ade                __trunctfdf2
 .text          0x80005d1e       0x28 C:/sdk_env_v1.11.0/toolchains/rv32imac_zicsr_zifencei_multilib_b_ext-win/bin/../lib/gcc/riscv32-unknown-elf/13.2.0/rv32imac_zicsr_zifencei_zba_zbb_zbc_zbs/ilp32\libgcc.a(_lshrdi3.o)
                0x80005d1e                __lshrdi3
 .text          0x80005d46       0x28 C:/sdk_env_v1.11.0/toolchains/rv32imac_zicsr_zifencei_multilib_b_ext-win/bin/../lib/gcc/riscv32-unknown-elf/13.2.0/rv32imac_zicsr_zifencei_zba_zbb_zbc_zbs/ilp32\libgcc.a(_ashldi3.o)
                0x80005d46                __ashldi3
 *(EXCLUDE_FILE(nx*.o*) .text*)
 .text.main     0x80005d6e       0xb8 CMakeFiles/app.dir/ecat.c.obj
                0x80005d6e                main
 .text.__libc_init_array
                0x80005e26       0x6e lib/libhpm_sdk_gcc_startup_lib.a(initfini.c.obj)
                0x80005e26                __libc_init_array
 .text._clean_up
                0x80005e94       0xaa lib/libhpm_sdk_gcc_lib.a(reset.c.obj)
                0x80005e94                _clean_up
 .text.c_startup
                0x80005f3e      0x23a lib/libhpm_sdk_gcc_lib.a(reset.c.obj)
                0x80005f3e                c_startup
 .text.reset_handler
                0x80006178       0x16 lib/libhpm_sdk_gcc_lib.a(reset.c.obj)
                0x80006178                reset_handler
 .text._init    0x8000618e        0x4 lib/libhpm_sdk_gcc_lib.a(reset.c.obj)
                0x8000618e                _init
 .text.mchtmr_isr
                0x80006192        0x4 lib/libhpm_sdk_gcc_lib.a(trap.c.obj)
                0x80006192                mchtmr_isr
 .text.swi_isr  0x80006196        0x4 lib/libhpm_sdk_gcc_lib.a(trap.c.obj)
                0x80006196                swi_isr
 .text.syscall_handler
                0x8000619a       0x12 lib/libhpm_sdk_gcc_lib.a(trap.c.obj)
                0x8000619a                syscall_handler
 .text.exception_handler
                0x800061ac       0x2c lib/libhpm_sdk_gcc_lib.a(trap.c.obj)
                0x800061ac                exception_handler
 .text.exception_s_handler
                0x800061d8        0xe lib/libhpm_sdk_gcc_lib.a(trap.c.obj)
                0x800061d8                exception_s_handler
 .text.swi_s_isr
                0x800061e6        0x4 lib/libhpm_sdk_gcc_lib.a(trap.c.obj)
                0x800061e6                swi_s_isr
 .text.mchtmr_s_isr
                0x800061ea        0x4 lib/libhpm_sdk_gcc_lib.a(trap.c.obj)
                0x800061ea                mchtmr_s_isr
 .text.l1c_op   0x800061ee       0x52 lib/libhpm_sdk_lib.a(hpm_l1c_drv.c.obj)
 .text.l1c_dc_enable
                0x80006240       0x34 lib/libhpm_sdk_lib.a(hpm_l1c_drv.c.obj)
                0x80006240                l1c_dc_enable
 .text.l1c_ic_enable
                0x80006274       0x2e lib/libhpm_sdk_lib.a(hpm_l1c_drv.c.obj)
                0x80006274                l1c_ic_enable
 .text.l1c_dc_invalidate_all
                0x800062a2       0x18 lib/libhpm_sdk_lib.a(hpm_l1c_drv.c.obj)
                0x800062a2                l1c_dc_invalidate_all
 .text.l1c_dc_invalidate
                0x800062ba       0x68 lib/libhpm_sdk_lib.a(hpm_l1c_drv.c.obj)
                0x800062ba                l1c_dc_invalidate
 .text.l1c_dc_enable_writearound
                0x80006322        0xa lib/libhpm_sdk_lib.a(hpm_l1c_drv.c.obj)
                0x80006322                l1c_dc_enable_writearound
 .text.init_uart0_pins
                0x8000632c       0x14 lib/libhpm_sdk_lib.a(pinmux.c.obj)
                0x8000632c                init_uart0_pins
 .text.init_uart4_pins
                0x80006340       0x18 lib/libhpm_sdk_lib.a(pinmux.c.obj)
                0x80006340                init_uart4_pins
 .text.init_esc_pins
                0x80006358      0x1f0 lib/libhpm_sdk_lib.a(pinmux.c.obj)
                0x80006358                init_esc_pins
 .text.init_esc_in_out_pin
                0x80006548       0x24 lib/libhpm_sdk_lib.a(pinmux.c.obj)
                0x80006548                init_esc_in_out_pin
 .text.sysctl_clock_set_preset
                0x8000656c       0x28 lib/libhpm_sdk_lib.a(board.c.obj)
 .text.gptmr_check_status
                0x80006594       0x24 lib/libhpm_sdk_lib.a(board.c.obj)
 .text.gptmr_clear_status
                0x800065b8       0x14 lib/libhpm_sdk_lib.a(board.c.obj)
 .text.gpio_set_pin_input
                0x800065cc       0x2c lib/libhpm_sdk_lib.a(board.c.obj)
 .text.pllctlv2_xtal_set_rampup_time
                0x800065f8       0x26 lib/libhpm_sdk_lib.a(board.c.obj)
 .text.board_init_console
                0x8000661e       0x4e lib/libhpm_sdk_lib.a(board.c.obj)
                0x8000661e                board_init_console
 .text.board_print_clock_freq
                0x8000666c      0x100 lib/libhpm_sdk_lib.a(board.c.obj)
                0x8000666c                board_print_clock_freq
 .text.board_print_banner
                0x8000676c       0x3e lib/libhpm_sdk_lib.a(board.c.obj)
                0x8000676c                board_print_banner
 .text.board_init
                0x800067aa       0x16 lib/libhpm_sdk_lib.a(board.c.obj)
                0x800067aa                board_init
 .text.board_delay_ms
                0x800067c0       0x14 lib/libhpm_sdk_lib.a(board.c.obj)
                0x800067c0                board_delay_ms
 .text.board_init_pmp
                0x800067d4      0x18c lib/libhpm_sdk_lib.a(board.c.obj)
                0x800067d4                board_init_pmp
 .text.board_init_clock
                0x80006960      0x1bc lib/libhpm_sdk_lib.a(board.c.obj)
                0x80006960                board_init_clock
 .text.board_init_ethercat
                0x80006b1c       0x48 lib/libhpm_sdk_lib.a(board.c.obj)
                0x80006b1c                board_init_ethercat
 .text.board_init_switch_led
                0x80006b64       0x40 lib/libhpm_sdk_lib.a(board.c.obj)
                0x80006b64                board_init_switch_led
 .text.init_uart_pins
                0x80006ba4       0x2c lib/libhpm_sdk_lib.a(board.c.obj)
                0x80006ba4                init_uart_pins
 .text.enable_plic_feature
                0x80006bd0       0x2c lib/libhpm_sdk_lib.a(system.c.obj)
                0x80006bd0                enable_plic_feature
 .text.system_init
                0x80006bfc       0x54 lib/libhpm_sdk_lib.a(system.c.obj)
                0x80006bfc                system_init
 .text.sysctl_resource_target_is_busy
                0x80006c50       0x24 lib/libhpm_sdk_lib.a(hpm_sysctl_drv.c.obj)
 .text.sysctl_clock_target_is_busy
                0x80006c74       0x28 lib/libhpm_sdk_lib.a(hpm_sysctl_drv.c.obj)
 .text.sysctl_enable_group_resource
                0x80006c9c       0x9c lib/libhpm_sdk_lib.a(hpm_sysctl_drv.c.obj)
                0x80006c9c                sysctl_enable_group_resource
 .text.sysctl_config_clock
                0x80006d38       0x7a lib/libhpm_sdk_lib.a(hpm_sysctl_drv.c.obj)
                0x80006d38                sysctl_config_clock
 .text.hpm_csr_get_core_cycle
                0x80006db2       0x7a lib/libhpm_sdk_lib.a(hpm_clock_drv.c.obj)
 .text.clock_get_frequency
                0x80006e2c       0x9e lib/libhpm_sdk_lib.a(hpm_clock_drv.c.obj)
                0x80006e2c                clock_get_frequency
 .text.get_frequency_for_source
                0x80006eca       0xae lib/libhpm_sdk_lib.a(hpm_clock_drv.c.obj)
                0x80006eca                get_frequency_for_source
 .text.get_frequency_for_ip_in_common_group
                0x80006f78       0x64 lib/libhpm_sdk_lib.a(hpm_clock_drv.c.obj)
 .text.get_frequency_for_adc
                0x80006fdc       0x7e lib/libhpm_sdk_lib.a(hpm_clock_drv.c.obj)
 .text.get_frequency_for_ewdg
                0x8000705a       0x36 lib/libhpm_sdk_lib.a(hpm_clock_drv.c.obj)
 .text.get_frequency_for_pewdg
                0x80007090       0x28 lib/libhpm_sdk_lib.a(hpm_clock_drv.c.obj)
 .text.clock_set_source_divider
                0x800070b8       0xb6 lib/libhpm_sdk_lib.a(hpm_clock_drv.c.obj)
                0x800070b8                clock_set_source_divider
 .text.clock_add_to_group
                0x8000716e       0x32 lib/libhpm_sdk_lib.a(hpm_clock_drv.c.obj)
                0x8000716e                clock_add_to_group
 .text.clock_connect_group_to_cpu
                0x800071a0       0x2c lib/libhpm_sdk_lib.a(hpm_clock_drv.c.obj)
                0x800071a0                clock_connect_group_to_cpu
 .text.clock_get_core_clock_ticks_per_ms
                0x800071cc       0x2c lib/libhpm_sdk_lib.a(hpm_clock_drv.c.obj)
                0x800071cc                clock_get_core_clock_ticks_per_ms
 .text.clock_cpu_delay_ms
                0x800071f8       0x90 lib/libhpm_sdk_lib.a(hpm_clock_drv.c.obj)
                0x800071f8                clock_cpu_delay_ms
 .text.clock_update_core_clock
                0x80007288       0x1a lib/libhpm_sdk_lib.a(hpm_clock_drv.c.obj)
                0x80007288                clock_update_core_clock
 .text.uart_modem_config
                0x800072a2       0x3c lib/libhpm_sdk_lib.a(hpm_uart_drv.c.obj)
 .text.uart_disable_irq
                0x800072de       0x1c lib/libhpm_sdk_lib.a(hpm_uart_drv.c.obj)
 .text.uart_enable_irq
                0x800072fa       0x18 lib/libhpm_sdk_lib.a(hpm_uart_drv.c.obj)
 .text.uart_default_config
                0x80007312       0x94 lib/libhpm_sdk_lib.a(hpm_uart_drv.c.obj)
                0x80007312                uart_default_config
 .text.uart_calculate_baudrate
                0x800073a6      0x25e lib/libhpm_sdk_lib.a(hpm_uart_drv.c.obj)
 .text.uart_init
                0x80007604      0x1ca lib/libhpm_sdk_lib.a(hpm_uart_drv.c.obj)
                0x80007604                uart_init
 .text.uart_send_byte
                0x800077ce       0x4e lib/libhpm_sdk_lib.a(hpm_uart_drv.c.obj)
                0x800077ce                uart_send_byte
 .text.uart_flush
                0x8000781c       0x40 lib/libhpm_sdk_lib.a(hpm_uart_drv.c.obj)
                0x8000781c                uart_flush
 .text.uart_receive_byte
                0x8000785c       0x4e lib/libhpm_sdk_lib.a(hpm_uart_drv.c.obj)
                0x8000785c                uart_receive_byte
 .text.uart_init_rxline_idle_detection
                0x800078aa       0x60 lib/libhpm_sdk_lib.a(hpm_uart_drv.c.obj)
                0x800078aa                uart_init_rxline_idle_detection
 .text.uart_init_txline_idle_detection
                0x8000790a       0x76 lib/libhpm_sdk_lib.a(hpm_uart_drv.c.obj)
                0x8000790a                uart_init_txline_idle_detection
 .text.read_pmp_cfg
                0x80007980       0x6e lib/libhpm_sdk_lib.a(hpm_pmp_drv.c.obj)
                0x80007980                read_pmp_cfg
 .text.write_pmp_cfg
                0x800079ee       0x5c lib/libhpm_sdk_lib.a(hpm_pmp_drv.c.obj)
                0x800079ee                write_pmp_cfg
 .text.write_pmp_addr
                0x80007a4a       0xaa lib/libhpm_sdk_lib.a(hpm_pmp_drv.c.obj)
                0x80007a4a                write_pmp_addr
 .text.read_pma_cfg
                0x80007af4       0x6e lib/libhpm_sdk_lib.a(hpm_pmp_drv.c.obj)
                0x80007af4                read_pma_cfg
 .text.write_pma_cfg
                0x80007b62       0x5c lib/libhpm_sdk_lib.a(hpm_pmp_drv.c.obj)
                0x80007b62                write_pma_cfg
 .text.write_pma_addr
                0x80007bbe       0xaa lib/libhpm_sdk_lib.a(hpm_pmp_drv.c.obj)
                0x80007bbe                write_pma_addr
 .text.pmp_config
                0x80007c68       0xf8 lib/libhpm_sdk_lib.a(hpm_pmp_drv.c.obj)
                0x80007c68                pmp_config
 .text.gpio_set_pin_output_with_initial
                0x80007d60       0x6e lib/libhpm_sdk_lib.a(hpm_gpio_drv.c.obj)
                0x80007d60                gpio_set_pin_output_with_initial
 .text.gptmr_channel_reset_count
                0x80007dce       0x4a lib/libhpm_sdk_lib.a(hpm_gptmr_drv.c.obj)
 .text.gptmr_channel_set_capmode
                0x80007e18       0x36 lib/libhpm_sdk_lib.a(hpm_gptmr_drv.c.obj)
 .text.gptmr_update_cmp
                0x80007e4e       0x42 lib/libhpm_sdk_lib.a(hpm_gptmr_drv.c.obj)
 .text.gptmr_channel_config_update_reload
                0x80007e90       0x32 lib/libhpm_sdk_lib.a(hpm_gptmr_drv.c.obj)
 .text.gptmr_channel_enable_monitor
                0x80007ec2       0x2c lib/libhpm_sdk_lib.a(hpm_gptmr_drv.c.obj)
 .text.gptmr_channel_disable_monitor
                0x80007eee       0x2e lib/libhpm_sdk_lib.a(hpm_gptmr_drv.c.obj)
 .text.gptmr_channel_set_monitor_type
                0x80007f1c       0x3e lib/libhpm_sdk_lib.a(hpm_gptmr_drv.c.obj)
 .text.gptmr_channel_get_default_config
                0x80007f5a       0x94 lib/libhpm_sdk_lib.a(hpm_gptmr_drv.c.obj)
                0x80007f5a                gptmr_channel_get_default_config
 .text.gptmr_channel_config
                0x80007fee      0x1ba lib/libhpm_sdk_lib.a(hpm_gptmr_drv.c.obj)
                0x80007fee                gptmr_channel_config
 .text.gptmr_channel_get_default_monitor_config
                0x800081a8       0x1e lib/libhpm_sdk_lib.a(hpm_gptmr_drv.c.obj)
                0x800081a8                gptmr_channel_get_default_monitor_config
 .text.gptmr_channel_monitor_config
                0x800081c6       0xa6 lib/libhpm_sdk_lib.a(hpm_gptmr_drv.c.obj)
                0x800081c6                gptmr_channel_monitor_config
 .text.pllctlv2_pll_is_stable
                0x8000826c       0x40 lib/libhpm_sdk_lib.a(hpm_pllctlv2_drv.c.obj)
 .text.pllctlv2_pll_clk_is_stable
                0x800082ac       0x4c lib/libhpm_sdk_lib.a(hpm_pllctlv2_drv.c.obj)
 .text.pllctlv2_init_pll_with_freq
                0x800082f8       0x9c lib/libhpm_sdk_lib.a(hpm_pllctlv2_drv.c.obj)
                0x800082f8                pllctlv2_init_pll_with_freq
 .text.pllctlv2_set_postdiv
                0x80008394       0x70 lib/libhpm_sdk_lib.a(hpm_pllctlv2_drv.c.obj)
                0x80008394                pllctlv2_set_postdiv
 .text.pllctlv2_get_pll_freq_in_hz
                0x80008404      0x13a lib/libhpm_sdk_lib.a(hpm_pllctlv2_drv.c.obj)
                0x80008404                pllctlv2_get_pll_freq_in_hz
 .text.pllctlv2_get_pll_postdiv_freq_in_hz
                0x8000853e       0x78 lib/libhpm_sdk_lib.a(hpm_pllctlv2_drv.c.obj)
                0x8000853e                pllctlv2_get_pll_postdiv_freq_in_hz
 .text.pcfg_dcdc_set_voltage
                0x800085b6       0x48 lib/libhpm_sdk_lib.a(hpm_pcfg_drv.c.obj)
                0x800085b6                pcfg_dcdc_set_voltage
 .text.pcfg_dcdc_switch_to_dcm_mode
                0x800085fe       0xd0 lib/libhpm_sdk_lib.a(hpm_pcfg_drv.c.obj)
                0x800085fe                pcfg_dcdc_switch_to_dcm_mode
 .text.esc_mdio_write
                0x800086ce       0xec lib/libhpm_sdk_lib.a(hpm_esc_drv.c.obj)
                0x800086ce                esc_mdio_write
 .text.esc_check_eeprom_loading
                0x800087ba       0x84 lib/libhpm_sdk_lib.a(hpm_esc_drv.c.obj)
                0x800087ba                esc_check_eeprom_loading
 .text._sbrk    0x8000883e       0x74 lib/libhpm_sdk_lib.a(hpm_sbrk.c.obj)
                0x8000883e                _sbrk
 .text.crc32    0x800088b2       0x70 lib/libhpm_sdk_lib.a(hpm_crc32.c.obj)
                0x800088b2                crc32
 .text.console_init
                0x80008922       0x96 lib/libhpm_sdk_lib.a(hpm_debug_console.c.obj)
                0x80008922                console_init
 .text._write   0x800089b8       0x80 lib/libhpm_sdk_lib.a(hpm_debug_console.c.obj)
                0x800089b8                _write
 .text._read    0x80008a38       0x2a lib/libhpm_sdk_lib.a(hpm_debug_console.c.obj)
                0x80008a38                _read
 .text._fstat   0x80008a62       0x14 lib/libhpm_sdk_lib.a(hpm_debug_console.c.obj)
                0x80008a62                _fstat
 .text.rom_xpi_nor_get_property
                0x80008a76       0x2c lib/libhpm_sdk_lib.a(hpm_nor_flash.c.obj)
 .text.e2p_enter_critical
                0x80008aa2       0x1a lib/libhpm_sdk_lib.a(hpm_nor_flash.c.obj)
                0x80008aa2                e2p_enter_critical
 .text.e2p_exit_critical
                0x80008abc       0x14 lib/libhpm_sdk_lib.a(hpm_nor_flash.c.obj)
                0x80008abc                e2p_exit_critical
 .text.Read0x10F8
                0x80008ad0       0x68 lib/libhpm_sdk_lib.a(coeappl.c.obj)
                0x80008ad0                Read0x10F8
 .text.COE_SyncTimeStamp
                0x80008b38       0xe0 lib/libhpm_sdk_lib.a(coeappl.c.obj)
                0x80008b38                COE_SyncTimeStamp
 .text.COE_GetObjectDictionary
                0x80008c18        0xc lib/libhpm_sdk_lib.a(coeappl.c.obj)
                0x80008c18                COE_GetObjectDictionary
 .text.COE_UpdateSyncErrorStatus
                0x80008c24       0xd2 lib/libhpm_sdk_lib.a(coeappl.c.obj)
                0x80008c24                COE_UpdateSyncErrorStatus
 .text.COE_ObjInit
                0x80008cf6      0x428 lib/libhpm_sdk_lib.a(coeappl.c.obj)
                0x80008cf6                COE_ObjInit
 .text.COE_AddObjectToDic
                0x8000911e       0xfe lib/libhpm_sdk_lib.a(coeappl.c.obj)
                0x8000911e                COE_AddObjectToDic
 .text.COE_RemoveDicEntry
                0x8000921c       0x82 lib/libhpm_sdk_lib.a(coeappl.c.obj)
                0x8000921c                COE_RemoveDicEntry
 .text.COE_ClearObjDictionary
                0x8000929e       0x40 lib/libhpm_sdk_lib.a(coeappl.c.obj)
                0x8000929e                COE_ClearObjDictionary
 .text.AddObjectsToObjDictionary
                0x800092de       0x48 lib/libhpm_sdk_lib.a(coeappl.c.obj)
                0x800092de                AddObjectsToObjDictionary
 .text.COE_ObjDictionaryInit
                0x80009326       0x48 lib/libhpm_sdk_lib.a(coeappl.c.obj)
                0x80009326                COE_ObjDictionaryInit
 .text.COE_Main
                0x8000936e      0x106 lib/libhpm_sdk_lib.a(coeappl.c.obj)
                0x8000936e                COE_Main
 .text.PDO_InputMapping
                0x80009474      0x15a lib/libhpm_sdk_lib.a(ecatappl.c.obj)
                0x80009474                PDO_InputMapping
 .text.PDO_OutputMapping
                0x800095ce      0x15c lib/libhpm_sdk_lib.a(ecatappl.c.obj)
                0x800095ce                PDO_OutputMapping
 .text.ECAT_CheckTimer
                0x8000972a      0x140 lib/libhpm_sdk_lib.a(ecatappl.c.obj)
                0x8000972a                ECAT_CheckTimer
 .text.HandleCycleTimeMeasurement
                0x8000986a      0x1a4 lib/libhpm_sdk_lib.a(ecatappl.c.obj)
                0x8000986a                HandleCycleTimeMeasurement
 .text.GetSystemTimeDelay
                0x80009a0e       0x6e lib/libhpm_sdk_lib.a(ecatappl.c.obj)
                0x80009a0e                GetSystemTimeDelay
 .text.PDI_Isr  0x80009a7c      0x31c lib/libhpm_sdk_lib.a(ecatappl.c.obj)
                0x80009a7c                PDI_Isr
 .text.Sync0_Isr
                0x80009d98      0x296 lib/libhpm_sdk_lib.a(ecatappl.c.obj)
                0x80009d98                Sync0_Isr
 .text.Sync1_Isr
                0x8000a02e       0x60 lib/libhpm_sdk_lib.a(ecatappl.c.obj)
                0x8000a02e                Sync1_Isr
 .text.MainInit
                0x8000a08e      0x14e lib/libhpm_sdk_lib.a(ecatappl.c.obj)
                0x8000a08e                MainInit
 .text.MainLoop
                0x8000a1dc       0xf6 lib/libhpm_sdk_lib.a(ecatappl.c.obj)
                0x8000a1dc                MainLoop
 .text.ECAT_Application
                0x8000a2d2       0x56 lib/libhpm_sdk_lib.a(ecatappl.c.obj)
                0x8000a2d2                ECAT_Application
 .text.EEPROM_CommandHandler
                0x8000a328      0x33e lib/libhpm_sdk_lib.a(ecatappl.c.obj)
                0x8000a328                EEPROM_CommandHandler
 .text.COE_Init
                0x8000a666       0x14 lib/libhpm_sdk_lib.a(ecatcoe.c.obj)
                0x8000a666                COE_Init
 .text.COE_ServiceInd
                0x8000a67a       0x7e lib/libhpm_sdk_lib.a(ecatcoe.c.obj)
                0x8000a67a                COE_ServiceInd
 .text.COE_ContinueInd
                0x8000a6f8       0x62 lib/libhpm_sdk_lib.a(ecatcoe.c.obj)
                0x8000a6f8                COE_ContinueInd
 .text.ResetALEventMask
                0x8000a75a       0x46 lib/libhpm_sdk_lib.a(ecatslv.c.obj)
                0x8000a75a                ResetALEventMask
 .text.SetALEventMask
                0x8000a7a0       0x46 lib/libhpm_sdk_lib.a(ecatslv.c.obj)
                0x8000a7a0                SetALEventMask
 .text.UpdateEEPROMLoadedState
                0x8000a7e6       0x44 lib/libhpm_sdk_lib.a(ecatslv.c.obj)
                0x8000a7e6                UpdateEEPROMLoadedState
 .text.GetSyncMan
                0x8000a82a       0x3e lib/libhpm_sdk_lib.a(ecatslv.c.obj)
                0x8000a82a                GetSyncMan
 .text.DisableSyncManChannel
                0x8000a868       0x6e lib/libhpm_sdk_lib.a(ecatslv.c.obj)
                0x8000a868                DisableSyncManChannel
 .text.EnableSyncManChannel
                0x8000a8d6       0x6a lib/libhpm_sdk_lib.a(ecatslv.c.obj)
                0x8000a8d6                EnableSyncManChannel
 .text.CheckSmSettings
                0x8000a940      0x69e lib/libhpm_sdk_lib.a(ecatslv.c.obj)
                0x8000a940                CheckSmSettings
 .text.StartInputHandler
                0x8000afde      0xcfe lib/libhpm_sdk_lib.a(ecatslv.c.obj)
                0x8000afde                StartInputHandler
 .text.StartOutputHandler
                0x8000bcdc       0xd4 lib/libhpm_sdk_lib.a(ecatslv.c.obj)
                0x8000bcdc                StartOutputHandler
 .text.StopOutputHandler
                0x8000bdb0       0x14 lib/libhpm_sdk_lib.a(ecatslv.c.obj)
                0x8000bdb0                StopOutputHandler
 .text.StopInputHandler
                0x8000bdc4      0x170 lib/libhpm_sdk_lib.a(ecatslv.c.obj)
                0x8000bdc4                StopInputHandler
 .text.BackToInitTransition
                0x8000bf34        0xc lib/libhpm_sdk_lib.a(ecatslv.c.obj)
                0x8000bf34                BackToInitTransition
 .text.SetALStatus
                0x8000bf40      0x206 lib/libhpm_sdk_lib.a(ecatslv.c.obj)
                0x8000bf40                SetALStatus
 .text.AL_ControlInd
                0x8000c146      0x65e lib/libhpm_sdk_lib.a(ecatslv.c.obj)
                0x8000c146                AL_ControlInd
 .text.AL_ControlRes
                0x8000c7a4      0x39c lib/libhpm_sdk_lib.a(ecatslv.c.obj)
                0x8000c7a4                AL_ControlRes
 .text.DC_CheckWatchdog
                0x8000cb40      0x182 lib/libhpm_sdk_lib.a(ecatslv.c.obj)
                0x8000cb40                DC_CheckWatchdog
 .text.CheckIfEcatError
                0x8000ccc2       0x90 lib/libhpm_sdk_lib.a(ecatslv.c.obj)
                0x8000ccc2                CheckIfEcatError
 .text.ECAT_Init
                0x8000cd52      0x150 lib/libhpm_sdk_lib.a(ecatslv.c.obj)
                0x8000cd52                ECAT_Init
 .text.ECAT_Main
                0x8000cea2      0x242 lib/libhpm_sdk_lib.a(ecatslv.c.obj)
                0x8000cea2                ECAT_Main
 .text.PutInMbxQueue
                0x8000d0e4       0x58 lib/libhpm_sdk_lib.a(mailbox.c.obj)
                0x8000d0e4                PutInMbxQueue
 .text.GetOutOfMbxQueue
                0x8000d13c       0x62 lib/libhpm_sdk_lib.a(mailbox.c.obj)
                0x8000d13c                GetOutOfMbxQueue
 .text.MBX_Init
                0x8000d19e      0x10e lib/libhpm_sdk_lib.a(mailbox.c.obj)
                0x8000d19e                MBX_Init
 .text.MBX_StartMailboxHandler
                0x8000d2ac      0x1a8 lib/libhpm_sdk_lib.a(mailbox.c.obj)
                0x8000d2ac                MBX_StartMailboxHandler
 .text.MBX_StopMailboxHandler
                0x8000d454      0x168 lib/libhpm_sdk_lib.a(mailbox.c.obj)
                0x8000d454                MBX_StopMailboxHandler
 .text.MailboxServiceInd
                0x8000d5bc       0x38 lib/libhpm_sdk_lib.a(mailbox.c.obj)
                0x8000d5bc                MailboxServiceInd
 .text.MBX_MailboxWriteInd
                0x8000d5f4      0x164 lib/libhpm_sdk_lib.a(mailbox.c.obj)
                0x8000d5f4                MBX_MailboxWriteInd
 .text.MBX_MailboxReadInd
                0x8000d758       0xfa lib/libhpm_sdk_lib.a(mailbox.c.obj)
                0x8000d758                MBX_MailboxReadInd
 .text.MBX_MailboxRepeatReq
                0x8000d852       0x7e lib/libhpm_sdk_lib.a(mailbox.c.obj)
                0x8000d852                MBX_MailboxRepeatReq
 .text.MBX_MailboxSendReq
                0x8000d8d0      0x118 lib/libhpm_sdk_lib.a(mailbox.c.obj)
                0x8000d8d0                MBX_MailboxSendReq
 .text.MBX_CheckAndCopyMailbox
                0x8000d9e8      0x1dc lib/libhpm_sdk_lib.a(mailbox.c.obj)
                0x8000d9e8                MBX_CheckAndCopyMailbox
 .text.MBX_CopyToSendMailbox
                0x8000dbc4      0x1e6 lib/libhpm_sdk_lib.a(mailbox.c.obj)
                0x8000dbc4                MBX_CopyToSendMailbox
 .text.MBX_Main
                0x8000ddaa       0xc2 lib/libhpm_sdk_lib.a(mailbox.c.obj)
                0x8000ddaa                MBX_Main
 .text.OBJ_GetObjectHandle
                0x8000de6c       0x38 lib/libhpm_sdk_lib.a(objdef.c.obj)
                0x8000de6c                OBJ_GetObjectHandle
 .text.OBJ_GetObjectLength
                0x8000dea4      0x18e lib/libhpm_sdk_lib.a(objdef.c.obj)
                0x8000dea4                OBJ_GetObjectLength
 .text.OBJ_CopyNumberToString
                0x8000e032       0x96 lib/libhpm_sdk_lib.a(objdef.c.obj)
                0x8000e032                OBJ_CopyNumberToString
 .text.OBJ_GetNoOfObjects
                0x8000e0c8       0xc6 lib/libhpm_sdk_lib.a(objdef.c.obj)
                0x8000e0c8                OBJ_GetNoOfObjects
 .text.OBJ_GetObjectList
                0x8000e18e      0x13a lib/libhpm_sdk_lib.a(objdef.c.obj)
                0x8000e18e                OBJ_GetObjectList
 .text.OBJ_GetDesc
                0x8000e2c8      0x14c lib/libhpm_sdk_lib.a(objdef.c.obj)
                0x8000e2c8                OBJ_GetDesc
 .text.OBJ_GetEntryDesc
                0x8000e414       0x5a lib/libhpm_sdk_lib.a(objdef.c.obj)
                0x8000e414                OBJ_GetEntryDesc
 .text.OBJ_GetObjDesc
                0x8000e46e        0xe lib/libhpm_sdk_lib.a(objdef.c.obj)
                0x8000e46e                OBJ_GetObjDesc
 .text.OBJ_GetEntryOffset
                0x8000e47c      0x278 lib/libhpm_sdk_lib.a(objdef.c.obj)
                0x8000e47c                OBJ_GetEntryOffset
 .text.CheckSyncTypeValue
                0x8000e6f4      0x16c lib/libhpm_sdk_lib.a(objdef.c.obj)
                0x8000e6f4                CheckSyncTypeValue
 .text.OBJ_Read
                0x8000e860      0x82a lib/libhpm_sdk_lib.a(objdef.c.obj)
                0x8000e860                OBJ_Read
 .text.OBJ_Write
                0x8000f08a      0xa9e lib/libhpm_sdk_lib.a(objdef.c.obj)
                0x8000f08a                OBJ_Write
 .text.SdoDownloadSegmentInd
                0x8000fb28      0x37c lib/libhpm_sdk_lib.a(sdoserv.c.obj)
 .text.SdoUploadSegmentInd
                0x8000fea4      0x258 lib/libhpm_sdk_lib.a(sdoserv.c.obj)
 .text.SdoRes   0x800100fc      0x3a2 lib/libhpm_sdk_lib.a(sdoserv.c.obj)
                0x800100fc                SdoRes
 .text.SDOS_SdoInd
                0x8001049e      0x6d2 lib/libhpm_sdk_lib.a(sdoserv.c.obj)
                0x8001049e                SDOS_SdoInd
 .text.SDOS_SdoRes
                0x80010b70      0x150 lib/libhpm_sdk_lib.a(sdoserv.c.obj)
                0x80010b70                SDOS_SdoRes
 .text.SDOS_ClearPendingResponse
                0x80010cc0       0xd2 lib/libhpm_sdk_lib.a(sdoserv.c.obj)
                0x80010cc0                SDOS_ClearPendingResponse
 .text.SDOS_SdoInfoInd
                0x80010d92      0x7d8 lib/libhpm_sdk_lib.a(sdoserv.c.obj)
                0x80010d92                SDOS_SdoInfoInd
 .text.gptmr_enable_irq
                0x8001156a       0x1c lib/libhpm_sdk_lib.a(hpm_ecat_hw.c.obj)
 .text.gptmr_check_status
                0x80011586       0x24 lib/libhpm_sdk_lib.a(hpm_ecat_hw.c.obj)
 .text.gptmr_clear_status
                0x800115aa       0x14 lib/libhpm_sdk_lib.a(hpm_ecat_hw.c.obj)
 .text.gptmr_channel_is_opmode
                0x800115be       0x2e lib/libhpm_sdk_lib.a(hpm_ecat_hw.c.obj)
 .text.gptmr_start_counter
                0x800115ec       0x5c lib/libhpm_sdk_lib.a(hpm_ecat_hw.c.obj)
 .text.esc_core_enable_clock
                0x80011648       0x42 lib/libhpm_sdk_lib.a(hpm_ecat_hw.c.obj)
 .text.esc_phy_enable_clock
                0x8001168a       0x40 lib/libhpm_sdk_lib.a(hpm_ecat_hw.c.obj)
 .text.esc_config_eeprom_and_clock
                0x800116ca       0x84 lib/libhpm_sdk_lib.a(hpm_ecat_hw.c.obj)
 .text.esc_config_ctrl_signal_function
                0x8001174e       0x3e lib/libhpm_sdk_lib.a(hpm_ecat_hw.c.obj)
 .text.esc_config_nmii_link_source
                0x8001178c      0x102 lib/libhpm_sdk_lib.a(hpm_ecat_hw.c.obj)
 .text.esc_set_phy_offset
                0x8001188e       0x30 lib/libhpm_sdk_lib.a(hpm_ecat_hw.c.obj)
 .text.esc_get_eeprom_cmd
                0x800118be       0x20 lib/libhpm_sdk_lib.a(hpm_ecat_hw.c.obj)
 .text.esc_eeprom_emulation_ack
                0x800118de       0x62 lib/libhpm_sdk_lib.a(hpm_ecat_hw.c.obj)
 .text.esc_read_eeprom_data
                0x80011940       0x16 lib/libhpm_sdk_lib.a(hpm_ecat_hw.c.obj)
 .text.esc_write_eeprom_data
                0x80011956       0x1c lib/libhpm_sdk_lib.a(hpm_ecat_hw.c.obj)
 .text.esc_enable_irq
                0x80011972       0x26 lib/libhpm_sdk_lib.a(hpm_ecat_hw.c.obj)
 .text.esc_enable_sync_irq_to_pdi_irq
                0x80011998       0x46 lib/libhpm_sdk_lib.a(hpm_ecat_hw.c.obj)
 .text.ppor_sw_reset
                0x800119de       0x12 lib/libhpm_sdk_lib.a(hpm_ecat_hw.c.obj)
 .text.ecat_hardware_init
                0x800119f0      0x114 lib/libhpm_sdk_lib.a(hpm_ecat_hw.c.obj)
                0x800119f0                ecat_hardware_init
 .text.ecat_timer_ms_enable
                0x80011b04       0xe2 lib/libhpm_sdk_lib.a(hpm_ecat_hw.c.obj)
                0x80011b04                ecat_timer_ms_enable
 .text.HW_Init  0x80011be6       0x12 lib/libhpm_sdk_lib.a(hpm_ecat_hw.c.obj)
                0x80011be6                HW_Init
 .text.DISABLE_ESC_INT
                0x80011bf8      0x1aa lib/libhpm_sdk_lib.a(hpm_ecat_hw.c.obj)
                0x80011bf8                DISABLE_ESC_INT
 .text.ENABLE_ESC_INT
                0x80011da2      0x29e lib/libhpm_sdk_lib.a(hpm_ecat_hw.c.obj)
                0x80011da2                ENABLE_ESC_INT
 .text.ecat_eeprom_emulation_store
                0x80012040        0x4 lib/libhpm_sdk_lib.a(hpm_ecat_hw.c.obj)
                0x80012040                ecat_eeprom_emulation_store
 .text.HW_EepromReload
                0x80012044        0x6 lib/libhpm_sdk_lib.a(hpm_ecat_hw.c.obj)
                0x80012044                HW_EepromReload
 .text.gpio_write_pin
                0x8001204a       0x52 lib/libhpm_sdk_lib.a(hpm_ecat_phy.c.obj)
 .text.ecat_phy_reset
                0x8001209c       0x6c lib/libhpm_sdk_lib.a(hpm_ecat_phy.c.obj)
                0x8001209c                ecat_phy_reset
 .text.ecat_phy_keep_reset
                0x80012108       0x3c lib/libhpm_sdk_lib.a(hpm_ecat_phy.c.obj)
                0x80012108                ecat_phy_keep_reset
 .text.ecat_jl1111_phy_config_led_mode
                0x80012144       0x64 lib/libhpm_sdk_lib.a(hpm_ecat_phy.c.obj)
 .text.ecat_jl1111_phy_disable_broadcast_response
                0x800121a8       0xa0 lib/libhpm_sdk_lib.a(hpm_ecat_phy.c.obj)
 .text.ecat_phy_config
                0x80012248       0x82 lib/libhpm_sdk_lib.a(hpm_ecat_phy.c.obj)
                0x80012248                ecat_phy_config
 .text.flash_read
                0x800122ca       0x2a lib/libhpm_sdk_lib.a(hpm_ecat_e2p_emulation.c.obj)
 .text.flash_write
                0x800122f4       0x2a lib/libhpm_sdk_lib.a(hpm_ecat_e2p_emulation.c.obj)
 .text.flash_erase
                0x8001231e       0x24 lib/libhpm_sdk_lib.a(hpm_ecat_e2p_emulation.c.obj)
 .text.ecat_flash_eeprom_check_configuration_area
                0x80012342       0x76 lib/libhpm_sdk_lib.a(hpm_ecat_e2p_emulation.c.obj)
 .text.ecat_flash_eeprom_init
                0x800123b8      0x392 lib/libhpm_sdk_lib.a(hpm_ecat_e2p_emulation.c.obj)
                0x800123b8                ecat_flash_eeprom_init
 .text.ecat_flash_eeprom_write
                0x8001274a       0x40 lib/libhpm_sdk_lib.a(hpm_ecat_e2p_emulation.c.obj)
                0x8001274a                ecat_flash_eeprom_write
 .text.ecat_flash_eeprom_read
                0x8001278a       0x22 lib/libhpm_sdk_lib.a(hpm_ecat_e2p_emulation.c.obj)
                0x8001278a                ecat_flash_eeprom_read
 .text.gpio_read_pin
                0x800127ac       0x34 lib/libhpm_sdk_lib.a(digital_io.c.obj)
 .text.gpio_write_pin
                0x800127e0       0x52 lib/libhpm_sdk_lib.a(digital_io.c.obj)
 .text.APPL_AckErrorInd
                0x80012832        0xe lib/libhpm_sdk_lib.a(digital_io.c.obj)
                0x80012832                APPL_AckErrorInd
 .text.APPL_StartMailboxHandler
                0x80012840        0x6 lib/libhpm_sdk_lib.a(digital_io.c.obj)
                0x80012840                APPL_StartMailboxHandler
 .text.APPL_StopMailboxHandler
                0x80012846        0x6 lib/libhpm_sdk_lib.a(digital_io.c.obj)
                0x80012846                APPL_StopMailboxHandler
 .text.APPL_StartInputHandler
                0x8001284c        0xc lib/libhpm_sdk_lib.a(digital_io.c.obj)
                0x8001284c                APPL_StartInputHandler
 .text.APPL_StopInputHandler
                0x80012858        0x6 lib/libhpm_sdk_lib.a(digital_io.c.obj)
                0x80012858                APPL_StopInputHandler
 .text.APPL_StartOutputHandler
                0x8001285e        0x6 lib/libhpm_sdk_lib.a(digital_io.c.obj)
                0x8001285e                APPL_StartOutputHandler
 .text.APPL_StopOutputHandler
                0x80012864        0x6 lib/libhpm_sdk_lib.a(digital_io.c.obj)
                0x80012864                APPL_StopOutputHandler
 .text.APPL_GenerateMapping
                0x8001286a      0x1ca lib/libhpm_sdk_lib.a(digital_io.c.obj)
                0x8001286a                APPL_GenerateMapping
 .text.APPL_InputMapping
                0x80012a34       0x1e lib/libhpm_sdk_lib.a(digital_io.c.obj)
                0x80012a34                APPL_InputMapping
 .text.APPL_OutputMapping
                0x80012a52       0x1e lib/libhpm_sdk_lib.a(digital_io.c.obj)
                0x80012a52                APPL_OutputMapping
 .text.APPL_Application
                0x80012a70       0x24 lib/libhpm_sdk_lib.a(digital_io.c.obj)
                0x80012a70                APPL_Application
 .text.APPL_GetDeviceID
                0x80012a94        0x6 lib/libhpm_sdk_lib.a(digital_io.c.obj)
                0x80012a94                APPL_GetDeviceID
 .text.APPL_SetLed
                0x80012a9a       0x4c lib/libhpm_sdk_lib.a(digital_io.c.obj)
                0x80012a9a                APPL_SetLed
 .text.APPL_GetDipSw
                0x80012ae6       0x40 lib/libhpm_sdk_lib.a(digital_io.c.obj)
                0x80012ae6                APPL_GetDipSw
 .text.__assert_func
                0x80012b26       0x3c C:/sdk_env_v1.11.0/toolchains/rv32imac_zicsr_zifencei_multilib_b_ext-win/bin/../lib/gcc/riscv32-unknown-elf/13.2.0/../../../../riscv32-unknown-elf/lib/rv32imac_zicsr_zifencei_zba_zbb_zbc_zbs/ilp32\libg_nano.a(lib_a-assert.o)
                0x80012b26                __assert_func
 .text.__errno  0x80012b62        0x6 C:/sdk_env_v1.11.0/toolchains/rv32imac_zicsr_zifencei_multilib_b_ext-win/bin/../lib/gcc/riscv32-unknown-elf/13.2.0/../../../../riscv32-unknown-elf/lib/rv32imac_zicsr_zifencei_zba_zbb_zbc_zbs/ilp32\libg_nano.a(lib_a-errno.o)
                0x80012b62                __errno
 .text.fprintf  0x80012b68       0x26 C:/sdk_env_v1.11.0/toolchains/rv32imac_zicsr_zifencei_multilib_b_ext-win/bin/../lib/gcc/riscv32-unknown-elf/13.2.0/../../../../riscv32-unknown-elf/lib/rv32imac_zicsr_zifencei_zba_zbb_zbc_zbs/ilp32\libg_nano.a(lib_a-fprintf.o)
                0x80012b68                fiprintf
                0x80012b68                fprintf
 .text.malloc   0x80012b8e        0x8 C:/sdk_env_v1.11.0/toolchains/rv32imac_zicsr_zifencei_multilib_b_ext-win/bin/../lib/gcc/riscv32-unknown-elf/13.2.0/../../../../riscv32-unknown-elf/lib/rv32imac_zicsr_zifencei_zba_zbb_zbc_zbs/ilp32\libg_nano.a(lib_a-malloc.o)
                0x80012b8e                malloc
 .text.free     0x80012b96        0x8 C:/sdk_env_v1.11.0/toolchains/rv32imac_zicsr_zifencei_multilib_b_ext-win/bin/../lib/gcc/riscv32-unknown-elf/13.2.0/../../../../riscv32-unknown-elf/lib/rv32imac_zicsr_zifencei_zba_zbb_zbc_zbs/ilp32\libg_nano.a(lib_a-malloc.o)
                0x80012b96                free
 .text._free_r  0x80012b9e       0xa6 C:/sdk_env_v1.11.0/toolchains/rv32imac_zicsr_zifencei_multilib_b_ext-win/bin/../lib/gcc/riscv32-unknown-elf/13.2.0/../../../../riscv32-unknown-elf/lib/rv32imac_zicsr_zifencei_zba_zbb_zbc_zbs/ilp32\libg_nano.a(lib_a-nano-freer.o)
                0x80012b9e                _free_r
 .text._malloc_r
                0x80012c44       0xe4 C:/sdk_env_v1.11.0/toolchains/rv32imac_zicsr_zifencei_multilib_b_ext-win/bin/../lib/gcc/riscv32-unknown-elf/13.2.0/../../../../riscv32-unknown-elf/lib/rv32imac_zicsr_zifencei_zba_zbb_zbc_zbs/ilp32\libg_nano.a(lib_a-nano-mallocr.o)
                0x80012c44                _malloc_r
 .text.__cvt    0x80012d28       0xee C:/sdk_env_v1.11.0/toolchains/rv32imac_zicsr_zifencei_multilib_b_ext-win/bin/../lib/gcc/riscv32-unknown-elf/13.2.0/../../../../riscv32-unknown-elf/lib/rv32imac_zicsr_zifencei_zba_zbb_zbc_zbs/ilp32\libg_nano.a(lib_a-nano-vfprintf_float.o)
                0x80012d28                __cvt
 .text.__exponent
                0x80012e16       0x9c C:/sdk_env_v1.11.0/toolchains/rv32imac_zicsr_zifencei_multilib_b_ext-win/bin/../lib/gcc/riscv32-unknown-elf/13.2.0/../../../../riscv32-unknown-elf/lib/rv32imac_zicsr_zifencei_zba_zbb_zbc_zbs/ilp32\libg_nano.a(lib_a-nano-vfprintf_float.o)
                0x80012e16                __exponent
 .text._printf_float
                0x80012eb2      0x4ae C:/sdk_env_v1.11.0/toolchains/rv32imac_zicsr_zifencei_multilib_b_ext-win/bin/../lib/gcc/riscv32-unknown-elf/13.2.0/../../../../riscv32-unknown-elf/lib/rv32imac_zicsr_zifencei_zba_zbb_zbc_zbs/ilp32\libg_nano.a(lib_a-nano-vfprintf_float.o)
                0x80012eb2                _printf_float
 .text._printf_common
                0x80013360      0x108 C:/sdk_env_v1.11.0/toolchains/rv32imac_zicsr_zifencei_multilib_b_ext-win/bin/../lib/gcc/riscv32-unknown-elf/13.2.0/../../../../riscv32-unknown-elf/lib/rv32imac_zicsr_zifencei_zba_zbb_zbc_zbs/ilp32\libg_nano.a(lib_a-nano-vfprintf_i.o)
                0x80013360                _printf_common
 .text._printf_i
                0x80013468      0x25c C:/sdk_env_v1.11.0/toolchains/rv32imac_zicsr_zifencei_multilib_b_ext-win/bin/../lib/gcc/riscv32-unknown-elf/13.2.0/../../../../riscv32-unknown-elf/lib/rv32imac_zicsr_zifencei_zba_zbb_zbc_zbs/ilp32\libg_nano.a(lib_a-nano-vfprintf_i.o)
                0x80013468                _printf_i
 .text.__sfputc_r
                0x800136c4       0x2a C:/sdk_env_v1.11.0/toolchains/rv32imac_zicsr_zifencei_multilib_b_ext-win/bin/../lib/gcc/riscv32-unknown-elf/13.2.0/../../../../riscv32-unknown-elf/lib/rv32imac_zicsr_zifencei_zba_zbb_zbc_zbs/ilp32\libg_nano.a(lib_a-nano-vfprintf.o)
 .text.__sfputs_r
                0x800136ee       0x44 C:/sdk_env_v1.11.0/toolchains/rv32imac_zicsr_zifencei_multilib_b_ext-win/bin/../lib/gcc/riscv32-unknown-elf/13.2.0/../../../../riscv32-unknown-elf/lib/rv32imac_zicsr_zifencei_zba_zbb_zbc_zbs/ilp32\libg_nano.a(lib_a-nano-vfprintf.o)
                0x800136ee                __sfputs_r
 .text._vfprintf_r
                0x80013732      0x2a4 C:/sdk_env_v1.11.0/toolchains/rv32imac_zicsr_zifencei_multilib_b_ext-win/bin/../lib/gcc/riscv32-unknown-elf/13.2.0/../../../../riscv32-unknown-elf/lib/rv32imac_zicsr_zifencei_zba_zbb_zbc_zbs/ilp32\libg_nano.a(lib_a-nano-vfprintf.o)
                0x80013732                _vfprintf_r
                0x80013732                _vfiprintf_r
 .text._scanf_float
                0x800139d6      0x480 C:/sdk_env_v1.11.0/toolchains/rv32imac_zicsr_zifencei_multilib_b_ext-win/bin/../lib/gcc/riscv32-unknown-elf/13.2.0/../../../../riscv32-unknown-elf/lib/rv32imac_zicsr_zifencei_zba_zbb_zbc_zbs/ilp32\libg_nano.a(lib_a-nano-vfscanf_float.o)
                0x800139d6                _scanf_float
 .text.printf   0x80013e56       0x3c C:/sdk_env_v1.11.0/toolchains/rv32imac_zicsr_zifencei_multilib_b_ext-win/bin/../lib/gcc/riscv32-unknown-elf/13.2.0/../../../../riscv32-unknown-elf/lib/rv32imac_zicsr_zifencei_zba_zbb_zbc_zbs/ilp32\libg_nano.a(lib_a-printf.o)
                0x80013e56                iprintf
                0x80013e56                printf
 .text._sbrk_r  0x80013e92       0x30 C:/sdk_env_v1.11.0/toolchains/rv32imac_zicsr_zifencei_multilib_b_ext-win/bin/../lib/gcc/riscv32-unknown-elf/13.2.0/../../../../riscv32-unknown-elf/lib/rv32imac_zicsr_zifencei_zba_zbb_zbc_zbs/ilp32\libg_nano.a(lib_a-sbrkr.o)
                0x80013e92                _sbrk_r
 .text.setvbuf  0x80013ec2      0x18c C:/sdk_env_v1.11.0/toolchains/rv32imac_zicsr_zifencei_multilib_b_ext-win/bin/../lib/gcc/riscv32-unknown-elf/13.2.0/../../../../riscv32-unknown-elf/lib/rv32imac_zicsr_zifencei_zba_zbb_zbc_zbs/ilp32\libg_nano.a(lib_a-setvbuf.o)
                0x80013ec2                setvbuf
 .text.nanf     0x8001404e        0xa C:/sdk_env_v1.11.0/toolchains/rv32imac_zicsr_zifencei_multilib_b_ext-win/bin/../lib/gcc/riscv32-unknown-elf/13.2.0/../../../../riscv32-unknown-elf/lib/rv32imac_zicsr_zifencei_zba_zbb_zbc_zbs/ilp32\libg_nano.a(lib_a-sf_nan.o)
                0x8001404e                nanf
 .text.sprintf  0x80014058       0x42 C:/sdk_env_v1.11.0/toolchains/rv32imac_zicsr_zifencei_multilib_b_ext-win/bin/../lib/gcc/riscv32-unknown-elf/13.2.0/../../../../riscv32-unknown-elf/lib/rv32imac_zicsr_zifencei_zba_zbb_zbc_zbs/ilp32\libg_nano.a(lib_a-sprintf.o)
                0x80014058                siprintf
                0x80014058                sprintf
 .text.strlen   0x8001409a       0x12 C:/sdk_env_v1.11.0/toolchains/rv32imac_zicsr_zifencei_multilib_b_ext-win/bin/../lib/gcc/riscv32-unknown-elf/13.2.0/../../../../riscv32-unknown-elf/lib/rv32imac_zicsr_zifencei_zba_zbb_zbc_zbs/ilp32\libg_nano.a(lib_a-strlen.o)
                0x8001409a                strlen
 .text.sulp     0x800140ac       0x50 C:/sdk_env_v1.11.0/toolchains/rv32imac_zicsr_zifencei_multilib_b_ext-win/bin/../lib/gcc/riscv32-unknown-elf/13.2.0/../../../../riscv32-unknown-elf/lib/rv32imac_zicsr_zifencei_zba_zbb_zbc_zbs/ilp32\libg_nano.a(lib_a-strtod.o)
 .text._strtod_l
                0x800140fc      0xc5c C:/sdk_env_v1.11.0/toolchains/rv32imac_zicsr_zifencei_multilib_b_ext-win/bin/../lib/gcc/riscv32-unknown-elf/13.2.0/../../../../riscv32-unknown-elf/lib/rv32imac_zicsr_zifencei_zba_zbb_zbc_zbs/ilp32\libg_nano.a(lib_a-strtod.o)
                0x800140fc                _strtod_l
 .text._strtod_r
                0x80014d58        0x8 C:/sdk_env_v1.11.0/toolchains/rv32imac_zicsr_zifencei_multilib_b_ext-win/bin/../lib/gcc/riscv32-unknown-elf/13.2.0/../../../../riscv32-unknown-elf/lib/rv32imac_zicsr_zifencei_zba_zbb_zbc_zbs/ilp32\libg_nano.a(lib_a-strtod.o)
                0x80014d58                _strtod_r
 .text._strtol_l.isra.0
                0x80014d60      0x136 C:/sdk_env_v1.11.0/toolchains/rv32imac_zicsr_zifencei_multilib_b_ext-win/bin/../lib/gcc/riscv32-unknown-elf/13.2.0/../../../../riscv32-unknown-elf/lib/rv32imac_zicsr_zifencei_zba_zbb_zbc_zbs/ilp32\libg_nano.a(lib_a-strtol.o)
 .text._strtol_r
                0x80014e96        0x4 C:/sdk_env_v1.11.0/toolchains/rv32imac_zicsr_zifencei_multilib_b_ext-win/bin/../lib/gcc/riscv32-unknown-elf/13.2.0/../../../../riscv32-unknown-elf/lib/rv32imac_zicsr_zifencei_zba_zbb_zbc_zbs/ilp32\libg_nano.a(lib_a-strtol.o)
                0x80014e96                _strtol_r
 .text.__swbuf_r
                0x80014e9a       0xc6 C:/sdk_env_v1.11.0/toolchains/rv32imac_zicsr_zifencei_multilib_b_ext-win/bin/../lib/gcc/riscv32-unknown-elf/13.2.0/../../../../riscv32-unknown-elf/lib/rv32imac_zicsr_zifencei_zba_zbb_zbc_zbs/ilp32\libg_nano.a(lib_a-wbuf.o)
                0x80014e9a                __swbuf_r
 .text.__swsetup_r
                0x80014f60      0x102 C:/sdk_env_v1.11.0/toolchains/rv32imac_zicsr_zifencei_multilib_b_ext-win/bin/../lib/gcc/riscv32-unknown-elf/13.2.0/../../../../riscv32-unknown-elf/lib/rv32imac_zicsr_zifencei_zba_zbb_zbc_zbs/ilp32\libg_nano.a(lib_a-wsetup.o)
                0x80014f60                __swsetup_r
 .text.abort    0x80015062       0x10 C:/sdk_env_v1.11.0/toolchains/rv32imac_zicsr_zifencei_multilib_b_ext-win/bin/../lib/gcc/riscv32-unknown-elf/13.2.0/../../../../riscv32-unknown-elf/lib/rv32imac_zicsr_zifencei_zba_zbb_zbc_zbs/ilp32\libg_nano.a(lib_a-abort.o)
                0x80015062                abort
 .text.quorem   0x80015072      0x12c C:/sdk_env_v1.11.0/toolchains/rv32imac_zicsr_zifencei_multilib_b_ext-win/bin/../lib/gcc/riscv32-unknown-elf/13.2.0/../../../../riscv32-unknown-elf/lib/rv32imac_zicsr_zifencei_zba_zbb_zbc_zbs/ilp32\libg_nano.a(lib_a-dtoa.o)
 .text._dtoa_r  0x8001519e      0xc1a C:/sdk_env_v1.11.0/toolchains/rv32imac_zicsr_zifencei_multilib_b_ext-win/bin/../lib/gcc/riscv32-unknown-elf/13.2.0/../../../../riscv32-unknown-elf/lib/rv32imac_zicsr_zifencei_zba_zbb_zbc_zbs/ilp32\libg_nano.a(lib_a-dtoa.o)
                0x8001519e                _dtoa_r
 .text.__sflush_r
                0x80015db8      0x13a C:/sdk_env_v1.11.0/toolchains/rv32imac_zicsr_zifencei_multilib_b_ext-win/bin/../lib/gcc/riscv32-unknown-elf/13.2.0/../../../../riscv32-unknown-elf/lib/rv32imac_zicsr_zifencei_zba_zbb_zbc_zbs/ilp32\libg_nano.a(lib_a-fflush.o)
                0x80015db8                __sflush_r
 .text._fflush_r
                0x80015ef2       0x66 C:/sdk_env_v1.11.0/toolchains/rv32imac_zicsr_zifencei_multilib_b_ext-win/bin/../lib/gcc/riscv32-unknown-elf/13.2.0/../../../../riscv32-unknown-elf/lib/rv32imac_zicsr_zifencei_zba_zbb_zbc_zbs/ilp32\libg_nano.a(lib_a-fflush.o)
                0x80015ef2                _fflush_r
 .text.std      0x80015f58       0x6a C:/sdk_env_v1.11.0/toolchains/rv32imac_zicsr_zifencei_multilib_b_ext-win/bin/../lib/gcc/riscv32-unknown-elf/13.2.0/../../../../riscv32-unknown-elf/lib/rv32imac_zicsr_zifencei_zba_zbb_zbc_zbs/ilp32\libg_nano.a(lib_a-findfp.o)
 .text._cleanup_r
                0x80015fc2        0xa C:/sdk_env_v1.11.0/toolchains/rv32imac_zicsr_zifencei_multilib_b_ext-win/bin/../lib/gcc/riscv32-unknown-elf/13.2.0/../../../../riscv32-unknown-elf/lib/rv32imac_zicsr_zifencei_zba_zbb_zbc_zbs/ilp32\libg_nano.a(lib_a-findfp.o)
                0x80015fc2                _cleanup_r
 .text.__sfmoreglue
                0x80015fcc       0x48 C:/sdk_env_v1.11.0/toolchains/rv32imac_zicsr_zifencei_multilib_b_ext-win/bin/../lib/gcc/riscv32-unknown-elf/13.2.0/../../../../riscv32-unknown-elf/lib/rv32imac_zicsr_zifencei_zba_zbb_zbc_zbs/ilp32\libg_nano.a(lib_a-findfp.o)
                0x80015fcc                __sfmoreglue
 .text.__sinit  0x80016014       0x70 C:/sdk_env_v1.11.0/toolchains/rv32imac_zicsr_zifencei_multilib_b_ext-win/bin/../lib/gcc/riscv32-unknown-elf/13.2.0/../../../../riscv32-unknown-elf/lib/rv32imac_zicsr_zifencei_zba_zbb_zbc_zbs/ilp32\libg_nano.a(lib_a-findfp.o)
                0x80016014                __sinit
 .text.__sfp    0x80016084       0xa2 C:/sdk_env_v1.11.0/toolchains/rv32imac_zicsr_zifencei_multilib_b_ext-win/bin/../lib/gcc/riscv32-unknown-elf/13.2.0/../../../../riscv32-unknown-elf/lib/rv32imac_zicsr_zifencei_zba_zbb_zbc_zbs/ilp32\libg_nano.a(lib_a-findfp.o)
                0x80016084                __sfp
 .text._fwalk_reent
                0x80016126       0x6a C:/sdk_env_v1.11.0/toolchains/rv32imac_zicsr_zifencei_multilib_b_ext-win/bin/../lib/gcc/riscv32-unknown-elf/13.2.0/../../../../riscv32-unknown-elf/lib/rv32imac_zicsr_zifencei_zba_zbb_zbc_zbs/ilp32\libg_nano.a(lib_a-fwalk.o)
                0x80016126                _fwalk_reent
 .text.rshift   0x80016190       0xb2 C:/sdk_env_v1.11.0/toolchains/rv32imac_zicsr_zifencei_multilib_b_ext-win/bin/../lib/gcc/riscv32-unknown-elf/13.2.0/../../../../riscv32-unknown-elf/lib/rv32imac_zicsr_zifencei_zba_zbb_zbc_zbs/ilp32\libg_nano.a(lib_a-gdtoa-gethex.o)
 .text.__hexdig_fun
                0x80016242       0x42 C:/sdk_env_v1.11.0/toolchains/rv32imac_zicsr_zifencei_multilib_b_ext-win/bin/../lib/gcc/riscv32-unknown-elf/13.2.0/../../../../riscv32-unknown-elf/lib/rv32imac_zicsr_zifencei_zba_zbb_zbc_zbs/ilp32\libg_nano.a(lib_a-gdtoa-gethex.o)
                0x80016242                __hexdig_fun
 .text.__gethex
                0x80016284      0x4d4 C:/sdk_env_v1.11.0/toolchains/rv32imac_zicsr_zifencei_multilib_b_ext-win/bin/../lib/gcc/riscv32-unknown-elf/13.2.0/../../../../riscv32-unknown-elf/lib/rv32imac_zicsr_zifencei_zba_zbb_zbc_zbs/ilp32\libg_nano.a(lib_a-gdtoa-gethex.o)
                0x80016284                __gethex
 .text.L_shift  0x80016758       0x2a C:/sdk_env_v1.11.0/toolchains/rv32imac_zicsr_zifencei_multilib_b_ext-win/bin/../lib/gcc/riscv32-unknown-elf/13.2.0/../../../../riscv32-unknown-elf/lib/rv32imac_zicsr_zifencei_zba_zbb_zbc_zbs/ilp32\libg_nano.a(lib_a-gdtoa-hexnan.o)
 .text.__match  0x80016782       0x30 C:/sdk_env_v1.11.0/toolchains/rv32imac_zicsr_zifencei_multilib_b_ext-win/bin/../lib/gcc/riscv32-unknown-elf/13.2.0/../../../../riscv32-unknown-elf/lib/rv32imac_zicsr_zifencei_zba_zbb_zbc_zbs/ilp32\libg_nano.a(lib_a-gdtoa-hexnan.o)
                0x80016782                __match
 .text.__hexnan
                0x800167b2      0x176 C:/sdk_env_v1.11.0/toolchains/rv32imac_zicsr_zifencei_multilib_b_ext-win/bin/../lib/gcc/riscv32-unknown-elf/13.2.0/../../../../riscv32-unknown-elf/lib/rv32imac_zicsr_zifencei_zba_zbb_zbc_zbs/ilp32\libg_nano.a(lib_a-gdtoa-hexnan.o)
                0x800167b2                __hexnan
 .text._localeconv_r
                0x80016928        0x6 C:/sdk_env_v1.11.0/toolchains/rv32imac_zicsr_zifencei_multilib_b_ext-win/bin/../lib/gcc/riscv32-unknown-elf/13.2.0/../../../../riscv32-unknown-elf/lib/rv32imac_zicsr_zifencei_zba_zbb_zbc_zbs/ilp32\libg_nano.a(lib_a-localeconv.o)
                0x80016928                _localeconv_r
 .text.__swhatbuf_r
                0x8001692e       0x5c C:/sdk_env_v1.11.0/toolchains/rv32imac_zicsr_zifencei_multilib_b_ext-win/bin/../lib/gcc/riscv32-unknown-elf/13.2.0/../../../../riscv32-unknown-elf/lib/rv32imac_zicsr_zifencei_zba_zbb_zbc_zbs/ilp32\libg_nano.a(lib_a-makebuf.o)
                0x8001692e                __swhatbuf_r
 .text.__smakebuf_r
                0x8001698a       0xac C:/sdk_env_v1.11.0/toolchains/rv32imac_zicsr_zifencei_multilib_b_ext-win/bin/../lib/gcc/riscv32-unknown-elf/13.2.0/../../../../riscv32-unknown-elf/lib/rv32imac_zicsr_zifencei_zba_zbb_zbc_zbs/ilp32\libg_nano.a(lib_a-makebuf.o)
                0x8001698a                __smakebuf_r
 .text.__ascii_mbtowc
                0x80016a36       0x3a C:/sdk_env_v1.11.0/toolchains/rv32imac_zicsr_zifencei_multilib_b_ext-win/bin/../lib/gcc/riscv32-unknown-elf/13.2.0/../../../../riscv32-unknown-elf/lib/rv32imac_zicsr_zifencei_zba_zbb_zbc_zbs/ilp32\libg_nano.a(lib_a-mbtowc_r.o)
                0x80016a36                __ascii_mbtowc
 .text.memchr   0x80016a70       0x1a C:/sdk_env_v1.11.0/toolchains/rv32imac_zicsr_zifencei_multilib_b_ext-win/bin/../lib/gcc/riscv32-unknown-elf/13.2.0/../../../../riscv32-unknown-elf/lib/rv32imac_zicsr_zifencei_zba_zbb_zbc_zbs/ilp32\libg_nano.a(lib_a-memchr.o)
                0x80016a70                memchr
 .text.__malloc_lock
                0x80016a8a        0x2 C:/sdk_env_v1.11.0/toolchains/rv32imac_zicsr_zifencei_multilib_b_ext-win/bin/../lib/gcc/riscv32-unknown-elf/13.2.0/../../../../riscv32-unknown-elf/lib/rv32imac_zicsr_zifencei_zba_zbb_zbc_zbs/ilp32\libg_nano.a(lib_a-mlock.o)
                0x80016a8a                __malloc_lock
 .text.__malloc_unlock
                0x80016a8c        0x2 C:/sdk_env_v1.11.0/toolchains/rv32imac_zicsr_zifencei_multilib_b_ext-win/bin/../lib/gcc/riscv32-unknown-elf/13.2.0/../../../../riscv32-unknown-elf/lib/rv32imac_zicsr_zifencei_zba_zbb_zbc_zbs/ilp32\libg_nano.a(lib_a-mlock.o)
                0x80016a8c                __malloc_unlock
 .text._Balloc  0x80016a8e       0xaa C:/sdk_env_v1.11.0/toolchains/rv32imac_zicsr_zifencei_multilib_b_ext-win/bin/../lib/gcc/riscv32-unknown-elf/13.2.0/../../../../riscv32-unknown-elf/lib/rv32imac_zicsr_zifencei_zba_zbb_zbc_zbs/ilp32\libg_nano.a(lib_a-mprec.o)
                0x80016a8e                _Balloc
 .text._Bfree   0x80016b38       0x60 C:/sdk_env_v1.11.0/toolchains/rv32imac_zicsr_zifencei_multilib_b_ext-win/bin/../lib/gcc/riscv32-unknown-elf/13.2.0/../../../../riscv32-unknown-elf/lib/rv32imac_zicsr_zifencei_zba_zbb_zbc_zbs/ilp32\libg_nano.a(lib_a-mprec.o)
                0x80016b38                _Bfree
 .text.__multadd
                0x80016b98       0xba C:/sdk_env_v1.11.0/toolchains/rv32imac_zicsr_zifencei_multilib_b_ext-win/bin/../lib/gcc/riscv32-unknown-elf/13.2.0/../../../../riscv32-unknown-elf/lib/rv32imac_zicsr_zifencei_zba_zbb_zbc_zbs/ilp32\libg_nano.a(lib_a-mprec.o)
                0x80016b98                __multadd
 .text.__s2b    0x80016c52       0xc2 C:/sdk_env_v1.11.0/toolchains/rv32imac_zicsr_zifencei_multilib_b_ext-win/bin/../lib/gcc/riscv32-unknown-elf/13.2.0/../../../../riscv32-unknown-elf/lib/rv32imac_zicsr_zifencei_zba_zbb_zbc_zbs/ilp32\libg_nano.a(lib_a-mprec.o)
                0x80016c52                __s2b
 .text.__hi0bits
                0x80016d14       0x46 C:/sdk_env_v1.11.0/toolchains/rv32imac_zicsr_zifencei_multilib_b_ext-win/bin/../lib/gcc/riscv32-unknown-elf/13.2.0/../../../../riscv32-unknown-elf/lib/rv32imac_zicsr_zifencei_zba_zbb_zbc_zbs/ilp32\libg_nano.a(lib_a-mprec.o)
                0x80016d14                __hi0bits
 .text.__lo0bits
                0x80016d5a       0x68 C:/sdk_env_v1.11.0/toolchains/rv32imac_zicsr_zifencei_multilib_b_ext-win/bin/../lib/gcc/riscv32-unknown-elf/13.2.0/../../../../riscv32-unknown-elf/lib/rv32imac_zicsr_zifencei_zba_zbb_zbc_zbs/ilp32\libg_nano.a(lib_a-mprec.o)
                0x80016d5a                __lo0bits
 .text.__i2b    0x80016dc2       0x38 C:/sdk_env_v1.11.0/toolchains/rv32imac_zicsr_zifencei_multilib_b_ext-win/bin/../lib/gcc/riscv32-unknown-elf/13.2.0/../../../../riscv32-unknown-elf/lib/rv32imac_zicsr_zifencei_zba_zbb_zbc_zbs/ilp32\libg_nano.a(lib_a-mprec.o)
                0x80016dc2                __i2b
 .text.__multiply
                0x80016dfa      0x178 C:/sdk_env_v1.11.0/toolchains/rv32imac_zicsr_zifencei_multilib_b_ext-win/bin/../lib/gcc/riscv32-unknown-elf/13.2.0/../../../../riscv32-unknown-elf/lib/rv32imac_zicsr_zifencei_zba_zbb_zbc_zbs/ilp32\libg_nano.a(lib_a-mprec.o)
                0x80016dfa                __multiply
 .text.__pow5mult
                0x80016f72       0xda C:/sdk_env_v1.11.0/toolchains/rv32imac_zicsr_zifencei_multilib_b_ext-win/bin/../lib/gcc/riscv32-unknown-elf/13.2.0/../../../../riscv32-unknown-elf/lib/rv32imac_zicsr_zifencei_zba_zbb_zbc_zbs/ilp32\libg_nano.a(lib_a-mprec.o)
                0x80016f72                __pow5mult
 .text.__lshift
                0x8001704c      0x102 C:/sdk_env_v1.11.0/toolchains/rv32imac_zicsr_zifencei_multilib_b_ext-win/bin/../lib/gcc/riscv32-unknown-elf/13.2.0/../../../../riscv32-unknown-elf/lib/rv32imac_zicsr_zifencei_zba_zbb_zbc_zbs/ilp32\libg_nano.a(lib_a-mprec.o)
                0x8001704c                __lshift
 .text.__mcmp   0x8001714e       0x36 C:/sdk_env_v1.11.0/toolchains/rv32imac_zicsr_zifencei_multilib_b_ext-win/bin/../lib/gcc/riscv32-unknown-elf/13.2.0/../../../../riscv32-unknown-elf/lib/rv32imac_zicsr_zifencei_zba_zbb_zbc_zbs/ilp32\libg_nano.a(lib_a-mprec.o)
                0x8001714e                __mcmp
 .text.__mdiff  0x80017184      0x16a C:/sdk_env_v1.11.0/toolchains/rv32imac_zicsr_zifencei_multilib_b_ext-win/bin/../lib/gcc/riscv32-unknown-elf/13.2.0/../../../../riscv32-unknown-elf/lib/rv32imac_zicsr_zifencei_zba_zbb_zbc_zbs/ilp32\libg_nano.a(lib_a-mprec.o)
                0x80017184                __mdiff
 .text.__ulp    0x800172ee       0x44 C:/sdk_env_v1.11.0/toolchains/rv32imac_zicsr_zifencei_multilib_b_ext-win/bin/../lib/gcc/riscv32-unknown-elf/13.2.0/../../../../riscv32-unknown-elf/lib/rv32imac_zicsr_zifencei_zba_zbb_zbc_zbs/ilp32\libg_nano.a(lib_a-mprec.o)
                0x800172ee                __ulp
 .text.__b2d    0x80017332       0xb6 C:/sdk_env_v1.11.0/toolchains/rv32imac_zicsr_zifencei_multilib_b_ext-win/bin/../lib/gcc/riscv32-unknown-elf/13.2.0/../../../../riscv32-unknown-elf/lib/rv32imac_zicsr_zifencei_zba_zbb_zbc_zbs/ilp32\libg_nano.a(lib_a-mprec.o)
                0x80017332                __b2d
 .text.__d2b    0x800173e8       0xdc C:/sdk_env_v1.11.0/toolchains/rv32imac_zicsr_zifencei_multilib_b_ext-win/bin/../lib/gcc/riscv32-unknown-elf/13.2.0/../../../../riscv32-unknown-elf/lib/rv32imac_zicsr_zifencei_zba_zbb_zbc_zbs/ilp32\libg_nano.a(lib_a-mprec.o)
                0x800173e8                __d2b
 .text.__ratio  0x800174c4       0x72 C:/sdk_env_v1.11.0/toolchains/rv32imac_zicsr_zifencei_multilib_b_ext-win/bin/../lib/gcc/riscv32-unknown-elf/13.2.0/../../../../riscv32-unknown-elf/lib/rv32imac_zicsr_zifencei_zba_zbb_zbc_zbs/ilp32\libg_nano.a(lib_a-mprec.o)
                0x800174c4                __ratio
 .text.__copybits
                0x80017536       0x4c C:/sdk_env_v1.11.0/toolchains/rv32imac_zicsr_zifencei_multilib_b_ext-win/bin/../lib/gcc/riscv32-unknown-elf/13.2.0/../../../../riscv32-unknown-elf/lib/rv32imac_zicsr_zifencei_zba_zbb_zbc_zbs/ilp32\libg_nano.a(lib_a-mprec.o)
                0x80017536                __copybits
 .text.__any_on
                0x80017582       0x44 C:/sdk_env_v1.11.0/toolchains/rv32imac_zicsr_zifencei_multilib_b_ext-win/bin/../lib/gcc/riscv32-unknown-elf/13.2.0/../../../../riscv32-unknown-elf/lib/rv32imac_zicsr_zifencei_zba_zbb_zbc_zbs/ilp32\libg_nano.a(lib_a-mprec.o)
                0x80017582                __any_on
 .text._calloc_r
                0x800175c6       0x36 C:/sdk_env_v1.11.0/toolchains/rv32imac_zicsr_zifencei_multilib_b_ext-win/bin/../lib/gcc/riscv32-unknown-elf/13.2.0/../../../../riscv32-unknown-elf/lib/rv32imac_zicsr_zifencei_zba_zbb_zbc_zbs/ilp32\libg_nano.a(lib_a-nano-callocr.o)
                0x800175c6                _calloc_r
 .text._realloc_r
                0x800175fc       0x78 C:/sdk_env_v1.11.0/toolchains/rv32imac_zicsr_zifencei_multilib_b_ext-win/bin/../lib/gcc/riscv32-unknown-elf/13.2.0/../../../../riscv32-unknown-elf/lib/rv32imac_zicsr_zifencei_zba_zbb_zbc_zbs/ilp32\libg_nano.a(lib_a-nano-reallocr.o)
                0x800175fc                _realloc_r
 .text.__ssputs_r
                0x80017674       0xe8 C:/sdk_env_v1.11.0/toolchains/rv32imac_zicsr_zifencei_multilib_b_ext-win/bin/../lib/gcc/riscv32-unknown-elf/13.2.0/../../../../riscv32-unknown-elf/lib/rv32imac_zicsr_zifencei_zba_zbb_zbc_zbs/ilp32\libg_nano.a(lib_a-nano-svfprintf.o)
                0x80017674                __ssputs_r
 .text._svfprintf_r
                0x8001775c      0x278 C:/sdk_env_v1.11.0/toolchains/rv32imac_zicsr_zifencei_multilib_b_ext-win/bin/../lib/gcc/riscv32-unknown-elf/13.2.0/../../../../riscv32-unknown-elf/lib/rv32imac_zicsr_zifencei_zba_zbb_zbc_zbs/ilp32\libg_nano.a(lib_a-nano-svfprintf.o)
                0x8001775c                _svfiprintf_r
                0x8001775c                _svfprintf_r
 .text._raise_r
                0x800179d4       0x5e C:/sdk_env_v1.11.0/toolchains/rv32imac_zicsr_zifencei_multilib_b_ext-win/bin/../lib/gcc/riscv32-unknown-elf/13.2.0/../../../../riscv32-unknown-elf/lib/rv32imac_zicsr_zifencei_zba_zbb_zbc_zbs/ilp32\libg_nano.a(lib_a-signal.o)
                0x800179d4                _raise_r
 .text.raise    0x80017a32        0xa C:/sdk_env_v1.11.0/toolchains/rv32imac_zicsr_zifencei_multilib_b_ext-win/bin/../lib/gcc/riscv32-unknown-elf/13.2.0/../../../../riscv32-unknown-elf/lib/rv32imac_zicsr_zifencei_zba_zbb_zbc_zbs/ilp32\libg_nano.a(lib_a-signal.o)
                0x80017a32                raise
 .text._kill_r  0x80017a3c       0x30 C:/sdk_env_v1.11.0/toolchains/rv32imac_zicsr_zifencei_multilib_b_ext-win/bin/../lib/gcc/riscv32-unknown-elf/13.2.0/../../../../riscv32-unknown-elf/lib/rv32imac_zicsr_zifencei_zba_zbb_zbc_zbs/ilp32\libg_nano.a(lib_a-signalr.o)
                0x80017a3c                _kill_r
 .text._getpid_r
                0x80017a6c        0x2 C:/sdk_env_v1.11.0/toolchains/rv32imac_zicsr_zifencei_multilib_b_ext-win/bin/../lib/gcc/riscv32-unknown-elf/13.2.0/../../../../riscv32-unknown-elf/lib/rv32imac_zicsr_zifencei_zba_zbb_zbc_zbs/ilp32\libg_nano.a(lib_a-signalr.o)
                0x80017a6c                _getpid_r
 .text.nan      0x80017a6e        0xe C:/sdk_env_v1.11.0/toolchains/rv32imac_zicsr_zifencei_multilib_b_ext-win/bin/../lib/gcc/riscv32-unknown-elf/13.2.0/../../../../riscv32-unknown-elf/lib/rv32imac_zicsr_zifencei_zba_zbb_zbc_zbs/ilp32\libg_nano.a(lib_a-s_nan.o)
                0x80017a6e                nan
 .text.__sread  0x80017a7c       0x2e C:/sdk_env_v1.11.0/toolchains/rv32imac_zicsr_zifencei_multilib_b_ext-win/bin/../lib/gcc/riscv32-unknown-elf/13.2.0/../../../../riscv32-unknown-elf/lib/rv32imac_zicsr_zifencei_zba_zbb_zbc_zbs/ilp32\libg_nano.a(lib_a-stdio.o)
                0x80017a7c                __sread
 .text.__swrite
                0x80017aaa       0x4c C:/sdk_env_v1.11.0/toolchains/rv32imac_zicsr_zifencei_multilib_b_ext-win/bin/../lib/gcc/riscv32-unknown-elf/13.2.0/../../../../riscv32-unknown-elf/lib/rv32imac_zicsr_zifencei_zba_zbb_zbc_zbs/ilp32\libg_nano.a(lib_a-stdio.o)
                0x80017aaa                __swrite
 .text.__sseek  0x80017af6       0x34 C:/sdk_env_v1.11.0/toolchains/rv32imac_zicsr_zifencei_multilib_b_ext-win/bin/../lib/gcc/riscv32-unknown-elf/13.2.0/../../../../riscv32-unknown-elf/lib/rv32imac_zicsr_zifencei_zba_zbb_zbc_zbs/ilp32\libg_nano.a(lib_a-stdio.o)
                0x80017af6                __sseek
 .text.__sclose
                0x80017b2a        0x6 C:/sdk_env_v1.11.0/toolchains/rv32imac_zicsr_zifencei_multilib_b_ext-win/bin/../lib/gcc/riscv32-unknown-elf/13.2.0/../../../../riscv32-unknown-elf/lib/rv32imac_zicsr_zifencei_zba_zbb_zbc_zbs/ilp32\libg_nano.a(lib_a-stdio.o)
                0x80017b2a                __sclose
 .text.strncmp  0x80017b30       0x2c C:/sdk_env_v1.11.0/toolchains/rv32imac_zicsr_zifencei_multilib_b_ext-win/bin/../lib/gcc/riscv32-unknown-elf/13.2.0/../../../../riscv32-unknown-elf/lib/rv32imac_zicsr_zifencei_zba_zbb_zbc_zbs/ilp32\libg_nano.a(lib_a-strncmp.o)
                0x80017b30                strncmp
 .text.__ascii_wctomb
                0x80017b5c       0x20 C:/sdk_env_v1.11.0/toolchains/rv32imac_zicsr_zifencei_multilib_b_ext-win/bin/../lib/gcc/riscv32-unknown-elf/13.2.0/../../../../riscv32-unknown-elf/lib/rv32imac_zicsr_zifencei_zba_zbb_zbc_zbs/ilp32\libg_nano.a(lib_a-wctomb_r.o)
                0x80017b5c                __ascii_wctomb
 .text._write_r
                0x80017b7c       0x34 C:/sdk_env_v1.11.0/toolchains/rv32imac_zicsr_zifencei_multilib_b_ext-win/bin/../lib/gcc/riscv32-unknown-elf/13.2.0/../../../../riscv32-unknown-elf/lib/rv32imac_zicsr_zifencei_zba_zbb_zbc_zbs/ilp32\libg_nano.a(lib_a-writer.o)
                0x80017b7c                _write_r
 .text._close_r
                0x80017bb0       0x2e C:/sdk_env_v1.11.0/toolchains/rv32imac_zicsr_zifencei_multilib_b_ext-win/bin/../lib/gcc/riscv32-unknown-elf/13.2.0/../../../../riscv32-unknown-elf/lib/rv32imac_zicsr_zifencei_zba_zbb_zbc_zbs/ilp32\libg_nano.a(lib_a-closer.o)
                0x80017bb0                _close_r
 .text._fstat_r
                0x80017bde       0x32 C:/sdk_env_v1.11.0/toolchains/rv32imac_zicsr_zifencei_multilib_b_ext-win/bin/../lib/gcc/riscv32-unknown-elf/13.2.0/../../../../riscv32-unknown-elf/lib/rv32imac_zicsr_zifencei_zba_zbb_zbc_zbs/ilp32\libg_nano.a(lib_a-fstatr.o)
                0x80017bde                _fstat_r
 .text._isatty_r
                0x80017c10       0x2e C:/sdk_env_v1.11.0/toolchains/rv32imac_zicsr_zifencei_multilib_b_ext-win/bin/../lib/gcc/riscv32-unknown-elf/13.2.0/../../../../riscv32-unknown-elf/lib/rv32imac_zicsr_zifencei_zba_zbb_zbc_zbs/ilp32\libg_nano.a(lib_a-isattyr.o)
                0x80017c10                _isatty_r
 .text._lseek_r
                0x80017c3e       0x32 C:/sdk_env_v1.11.0/toolchains/rv32imac_zicsr_zifencei_multilib_b_ext-win/bin/../lib/gcc/riscv32-unknown-elf/13.2.0/../../../../riscv32-unknown-elf/lib/rv32imac_zicsr_zifencei_zba_zbb_zbc_zbs/ilp32\libg_nano.a(lib_a-lseekr.o)
                0x80017c3e                _lseek_r
 .text._malloc_usable_size_r
                0x80017c70       0x14 C:/sdk_env_v1.11.0/toolchains/rv32imac_zicsr_zifencei_multilib_b_ext-win/bin/../lib/gcc/riscv32-unknown-elf/13.2.0/../../../../riscv32-unknown-elf/lib/rv32imac_zicsr_zifencei_zba_zbb_zbc_zbs/ilp32\libg_nano.a(lib_a-nano-msizer.o)
                0x80017c70                _malloc_usable_size_r
 .text._read_r  0x80017c84       0x34 C:/sdk_env_v1.11.0/toolchains/rv32imac_zicsr_zifencei_multilib_b_ext-win/bin/../lib/gcc/riscv32-unknown-elf/13.2.0/../../../../riscv32-unknown-elf/lib/rv32imac_zicsr_zifencei_zba_zbb_zbc_zbs/ilp32\libg_nano.a(lib_a-readr.o)
                0x80017c84                _read_r
 .text._close   0x80017cb8       0x2a C:/sdk_env_v1.11.0/toolchains/rv32imac_zicsr_zifencei_multilib_b_ext-win/bin/../lib/gcc/riscv32-unknown-elf/13.2.0/../../../../riscv32-unknown-elf/lib/rv32imac_zicsr_zifencei_zba_zbb_zbc_zbs/ilp32\libgloss_nano.a(sys_close.o)
                0x80017cb8                _close
 .text._exit    0x80017ce2       0x22 C:/sdk_env_v1.11.0/toolchains/rv32imac_zicsr_zifencei_multilib_b_ext-win/bin/../lib/gcc/riscv32-unknown-elf/13.2.0/../../../../riscv32-unknown-elf/lib/rv32imac_zicsr_zifencei_zba_zbb_zbc_zbs/ilp32\libgloss_nano.a(sys_exit.o)
                0x80017ce2                _exit
 .text._getpid  0x80017d04        0x4 C:/sdk_env_v1.11.0/toolchains/rv32imac_zicsr_zifencei_multilib_b_ext-win/bin/../lib/gcc/riscv32-unknown-elf/13.2.0/../../../../riscv32-unknown-elf/lib/rv32imac_zicsr_zifencei_zba_zbb_zbc_zbs/ilp32\libgloss_nano.a(sys_getpid.o)
                0x80017d04                _getpid
 .text._isatty  0x80017d08       0x20 C:/sdk_env_v1.11.0/toolchains/rv32imac_zicsr_zifencei_multilib_b_ext-win/bin/../lib/gcc/riscv32-unknown-elf/13.2.0/../../../../riscv32-unknown-elf/lib/rv32imac_zicsr_zifencei_zba_zbb_zbc_zbs/ilp32\libgloss_nano.a(sys_isatty.o)
                0x80017d08                _isatty
 .text._kill    0x80017d28       0x14 C:/sdk_env_v1.11.0/toolchains/rv32imac_zicsr_zifencei_multilib_b_ext-win/bin/../lib/gcc/riscv32-unknown-elf/13.2.0/../../../../riscv32-unknown-elf/lib/rv32imac_zicsr_zifencei_zba_zbb_zbc_zbs/ilp32\libgloss_nano.a(sys_kill.o)
                0x80017d28                _kill
 .text._lseek   0x80017d3c       0x2a C:/sdk_env_v1.11.0/toolchains/rv32imac_zicsr_zifencei_multilib_b_ext-win/bin/../lib/gcc/riscv32-unknown-elf/13.2.0/../../../../riscv32-unknown-elf/lib/rv32imac_zicsr_zifencei_zba_zbb_zbc_zbs/ilp32\libgloss_nano.a(sys_lseek.o)
                0x80017d3c                _lseek
 *(EXCLUDE_FILE(nx*.o*) .rodata)
 *fill*         0x80017d66        0x2 
 .rodata        0x80017d68       0x51 CMakeFiles/app.dir/ecat.c.obj
 *fill*         0x80017db9        0x3 
 .rodata        0x80017dbc       0x83 lib/libhpm_sdk_lib.a(hpm_l1c_drv.c.obj)
 *fill*         0x80017e3f        0x1 
 .rodata        0x80017e40      0x43b lib/libhpm_sdk_lib.a(board.c.obj)
 *fill*         0x8001827b        0x1 
 .rodata        0x8001827c       0x62 lib/libhpm_sdk_lib.a(hpm_pllctlv2_drv.c.obj)
 *fill*         0x800182de        0x2 
 .rodata        0x800182e0       0x20 lib/libhpm_sdk_lib.a(hpm_pcfg_drv.c.obj)
 .rodata        0x80018300       0xba lib/libhpm_sdk_lib.a(eeprom_emulation.c.obj)
 *fill*         0x800183ba        0x2 
 .rodata        0x800183bc      0x1a7 lib/libhpm_sdk_lib.a(hpm_ecat_hw.c.obj)
 *fill*         0x80018563        0x1 
 .rodata        0x80018564       0xed lib/libhpm_sdk_lib.a(hpm_ecat_e2p_emulation.c.obj)
 *fill*         0x80018651        0x3 
 .rodata        0x80018654       0x3c C:/sdk_env_v1.11.0/toolchains/rv32imac_zicsr_zifencei_multilib_b_ext-win/bin/../lib/gcc/riscv32-unknown-elf/13.2.0/rv32imac_zicsr_zifencei_zba_zbb_zbc_zbs/ilp32\libgcc.a(divdf3.o)
 .rodata        0x80018690      0x100 C:/sdk_env_v1.11.0/toolchains/rv32imac_zicsr_zifencei_multilib_b_ext-win/bin/../lib/gcc/riscv32-unknown-elf/13.2.0/rv32imac_zicsr_zifencei_zba_zbb_zbc_zbs/ilp32\libgcc.a(_clz.o)
                0x80018690                __clz_tab
 *(EXCLUDE_FILE(nx*.o*) .rodata*)
 .rodata.exception_handler
                0x80018790       0x40 lib/libhpm_sdk_gcc_lib.a(trap.c.obj)
 .rodata.__func__.5
                0x800187d0       0x12 lib/libhpm_sdk_lib.a(hpm_l1c_drv.c.obj)
 *fill*         0x800187e2        0x2 
 .rodata.__func__.0
                0x800187e4        0xf lib/libhpm_sdk_lib.a(board.c.obj)
 *fill*         0x800187f3        0x1 
 .rodata.clock_get_frequency
                0x800187f4       0x2c lib/libhpm_sdk_lib.a(hpm_clock_drv.c.obj)
 .rodata.get_frequency_for_source
                0x80018820       0x20 lib/libhpm_sdk_lib.a(hpm_clock_drv.c.obj)
 .rodata.clock_set_source_divider
                0x80018840       0x2c lib/libhpm_sdk_lib.a(hpm_clock_drv.c.obj)
 .rodata.uart_init
                0x8001886c       0x14 lib/libhpm_sdk_lib.a(hpm_uart_drv.c.obj)
 .rodata.write_pmp_addr
                0x80018880       0x40 lib/libhpm_sdk_lib.a(hpm_pmp_drv.c.obj)
 .rodata.write_pma_addr
                0x800188c0       0x40 lib/libhpm_sdk_lib.a(hpm_pmp_drv.c.obj)
 .rodata.__func__.0
                0x80018900       0x1c lib/libhpm_sdk_lib.a(hpm_pllctlv2_drv.c.obj)
 .rodata.asEntryDesc0x1600
                0x8001891c        0xc lib/libhpm_sdk_lib.a(coeappl.c.obj)
                0x8001891c                asEntryDesc0x1600
 .rodata.aName0x1600
                0x80018928       0x32 lib/libhpm_sdk_lib.a(coeappl.c.obj)
                0x80018928                aName0x1600
 *fill*         0x8001895a        0x2 
 .rodata.asEntryDesc0x1A00
                0x8001895c        0xc lib/libhpm_sdk_lib.a(coeappl.c.obj)
                0x8001895c                asEntryDesc0x1A00
 .rodata.aName0x1A00
                0x80018968       0x31 lib/libhpm_sdk_lib.a(coeappl.c.obj)
                0x80018968                aName0x1A00
 *fill*         0x80018999        0x3 
 .rodata.asEntryDesc0x1C12
                0x8001899c        0xc lib/libhpm_sdk_lib.a(coeappl.c.obj)
                0x8001899c                asEntryDesc0x1C12
 .rodata.aName0x1C12
                0x800189a8       0x1b lib/libhpm_sdk_lib.a(coeappl.c.obj)
                0x800189a8                aName0x1C12
 *fill*         0x800189c3        0x1 
 .rodata.asEntryDesc0x1C13
                0x800189c4        0xc lib/libhpm_sdk_lib.a(coeappl.c.obj)
                0x800189c4                asEntryDesc0x1C13
 .rodata.aName0x1C13
                0x800189d0       0x1b lib/libhpm_sdk_lib.a(coeappl.c.obj)
                0x800189d0                aName0x1C13
 *fill*         0x800189eb        0x1 
 .rodata.aName0x6000
                0x800189ec        0xf lib/libhpm_sdk_lib.a(coeappl.c.obj)
                0x800189ec                aName0x6000
 *fill*         0x800189fb        0x1 
 .rodata.aName0x7010
                0x800189fc       0x10 lib/libhpm_sdk_lib.a(coeappl.c.obj)
                0x800189fc                aName0x7010
 .rodata.asEntryDesc0xF000
                0x80018a0c       0x12 lib/libhpm_sdk_lib.a(coeappl.c.obj)
                0x80018a0c                asEntryDesc0xF000
 *fill*         0x80018a1e        0x2 
 .rodata.aName0xF000
                0x80018a20       0x44 lib/libhpm_sdk_lib.a(coeappl.c.obj)
                0x80018a20                aName0xF000
 .rodata.aName0x1000
                0x80018a64        0xc lib/libhpm_sdk_lib.a(coeappl.c.obj)
                0x80018a64                aName0x1000
 .rodata.aName0x1001
                0x80018a70        0xf lib/libhpm_sdk_lib.a(coeappl.c.obj)
                0x80018a70                aName0x1001
 *fill*         0x80018a7f        0x1 
 .rodata.aName0x1008
                0x80018a80        0xc lib/libhpm_sdk_lib.a(coeappl.c.obj)
                0x80018a80                aName0x1008
 .rodata.aName0x1009
                0x80018a8c       0x1e lib/libhpm_sdk_lib.a(coeappl.c.obj)
                0x80018a8c                aName0x1009
 *fill*         0x80018aaa        0x2 
 .rodata.aName0x100A
                0x80018aac       0x1e lib/libhpm_sdk_lib.a(coeappl.c.obj)
                0x80018aac                aName0x100A
 *fill*         0x80018aca        0x2 
 .rodata.asEntryDesc0x1018
                0x80018acc       0x1e lib/libhpm_sdk_lib.a(coeappl.c.obj)
                0x80018acc                asEntryDesc0x1018