Archive member included to satisfy reference by file (symbol)

lib/libhpm_sdk_gcc_startup_lib.a(start.S.obj)
                              (--whole-archive)
lib/libhpm_sdk_gcc_startup_lib.a(initfini.c.obj)
                              (--whole-archive)
lib/libhpm_sdk_gcc_lib.a(reset.c.obj)
                              (--whole-archive)
lib/libhpm_sdk_gcc_lib.a(trap.c.obj)
                              (--whole-archive)
lib/libhpm_sdk_lib.a(hpm_l1c_drv.c.obj)
                              (--whole-archive)
lib/libhpm_sdk_lib.a(pinmux.c.obj)
                              (--whole-archive)
lib/libhpm_sdk_lib.a(board.c.obj)
                              (--whole-archive)
lib/libhpm_sdk_lib.a(system.c.obj)
                              (--whole-archive)
lib/libhpm_sdk_lib.a(hpm_sysctl_drv.c.obj)
                              (--whole-archive)
lib/libhpm_sdk_lib.a(hpm_clock_drv.c.obj)
                              (--whole-archive)
lib/libhpm_sdk_lib.a(hpm_otp_drv.c.obj)
                              (--whole-archive)
lib/libhpm_sdk_lib.a(hpm_pdgo_drv.c.obj)
                              (--whole-archive)
lib/libhpm_sdk_lib.a(hpm_trgm_soc_drv.c.obj)
                              (--whole-archive)
lib/libhpm_sdk_lib.a(hpm_qeiv2_soc_drv.c.obj)
                              (--whole-archive)
lib/libhpm_sdk_lib.a(hpm_bootheader.c.obj)
                              (--whole-archive)
lib/libhpm_sdk_lib.a(hpm_uart_drv.c.obj)
                              (--whole-archive)
lib/libhpm_sdk_lib.a(hpm_i2c_drv.c.obj)
                              (--whole-archive)
lib/libhpm_sdk_lib.a(hpm_pmp_drv.c.obj)
                              (--whole-archive)
lib/libhpm_sdk_lib.a(hpm_gpio_drv.c.obj)
                              (--whole-archive)
lib/libhpm_sdk_lib.a(hpm_spi_drv.c.obj)
                              (--whole-archive)
lib/libhpm_sdk_lib.a(hpm_gptmr_drv.c.obj)
                              (--whole-archive)
lib/libhpm_sdk_lib.a(hpm_pwmv2_drv.c.obj)
                              (--whole-archive)
lib/libhpm_sdk_lib.a(hpm_pllctlv2_drv.c.obj)
                              (--whole-archive)
lib/libhpm_sdk_lib.a(hpm_usb_drv.c.obj)
                              (--whole-archive)
lib/libhpm_sdk_lib.a(hpm_acmp_drv.c.obj)
                              (--whole-archive)
lib/libhpm_sdk_lib.a(hpm_enet_drv.c.obj)
                              (--whole-archive)
lib/libhpm_sdk_lib.a(hpm_adc16_drv.c.obj)
                              (--whole-archive)
lib/libhpm_sdk_lib.a(hpm_pcfg_drv.c.obj)
                              (--whole-archive)
lib/libhpm_sdk_lib.a(hpm_ptpc_drv.c.obj)
                              (--whole-archive)
lib/libhpm_sdk_lib.a(hpm_mchtmr_drv.c.obj)
                              (--whole-archive)
lib/libhpm_sdk_lib.a(hpm_tsns_drv.c.obj)
                              (--whole-archive)
lib/libhpm_sdk_lib.a(hpm_crc_drv.c.obj)
                              (--whole-archive)
lib/libhpm_sdk_lib.a(hpm_sdm_drv.c.obj)
                              (--whole-archive)
lib/libhpm_sdk_lib.a(hpm_mcan_drv.c.obj)
                              (--whole-archive)
lib/libhpm_sdk_lib.a(hpm_qeiv2_drv.c.obj)
                              (--whole-archive)
lib/libhpm_sdk_lib.a(hpm_enc_pos_drv.c.obj)
                              (--whole-archive)
lib/libhpm_sdk_lib.a(hpm_qeov2_drv.c.obj)
                              (--whole-archive)
lib/libhpm_sdk_lib.a(hpm_dmav2_drv.c.obj)
                              (--whole-archive)
lib/libhpm_sdk_lib.a(hpm_ewdg_drv.c.obj)
                              (--whole-archive)
lib/libhpm_sdk_lib.a(hpm_plb_drv.c.obj)
                              (--whole-archive)
lib/libhpm_sdk_lib.a(hpm_tfa_drv.S.obj)
                              (--whole-archive)
lib/libhpm_sdk_lib.a(hpm_esc_drv.c.obj)
                              (--whole-archive)
lib/libhpm_sdk_lib.a(hpm_ppi_drv.c.obj)
                              (--whole-archive)
lib/libhpm_sdk_lib.a(hpm_lobs_drv.c.obj)
                              (--whole-archive)
lib/libhpm_sdk_lib.a(hpm_eui_drv.c.obj)
                              (--whole-archive)
lib/libhpm_sdk_lib.a(hpm_owr_drv.c.obj)
                              (--whole-archive)
lib/libhpm_sdk_lib.a(hpm_sbrk.c.obj)
                              (--whole-archive)
lib/libhpm_sdk_lib.a(hpm_swap.c.obj)
                              (--whole-archive)
lib/libhpm_sdk_lib.a(hpm_ffssi.c.obj)
                              (--whole-archive)
lib/libhpm_sdk_lib.a(hpm_crc32.c.obj)
                              (--whole-archive)
lib/libhpm_sdk_lib.a(hpm_debug_console.c.obj)
                              (--whole-archive)
lib/libhpm_sdk_lib.a(eeprom_emulation.c.obj)
                              (--whole-archive)
lib/libhpm_sdk_lib.a(hpm_nor_flash.c.obj)
                              (--whole-archive)
lib/libhpm_sdk_lib.a(coeappl.c.obj)
                              (--whole-archive)
lib/libhpm_sdk_lib.a(ecatappl.c.obj)
                              (--whole-archive)
lib/libhpm_sdk_lib.a(ecatcoe.c.obj)
[...]
Memory Configuration

Name             Origin             Length             Attributes
FLASH            0x80000000         0x00100000         xr
ILM              0x00000000         0x00020000         xw
DLM              0x00200000         0x00020000         w
AXI_SRAM         0x01200000         0x00030000         xw
AXI_SRAM_NONCACHEABLE 0x01230000         0x00010000         xw
AHB_SRAM         0xf0200000         0x00008000         w
*default*        0x00000000         0xffffffff

Linker script and memory map

LOAD CMakeFiles/app.dir/ecat.c.obj
LOAD lib/libhpm_sdk_gcc_startup_lib.a
LOAD lib/libhpm_sdk_gcc_lib.a
LOAD lib/libhpm_sdk_lib.a
                0x00004000                        _heap_size = 0x4000
                0x00004000                        _stack_size = 0x4000
                0x00100000                        _flash_size = 0x100000
                0x00010000                        _noncacheable_size = 0x10000
LOAD C:/sdk_env_v1.11.0/toolchains/rv32imac_zicsr_zifencei_multilib_b_ext-win/bin/../lib/gcc/riscv32-unknown-elf/13.2.0/rv32imac_zicsr_zifencei_zba_zbb_zbc_zbs/ilp32\libgcc.a
LOAD C:/sdk_env_v1.11.0/toolchains/rv32imac_zicsr_zifencei_multilib_b_ext-win/bin/../lib/gcc/riscv32-unknown-elf/13.2.0/../../../../riscv32-unknown-elf/lib/rv32imac_zicsr_zifencei_zba_zbb_zbc_zbs/ilp32\libg_nano.a
LOAD C:/sdk_env_v1.11.0/toolchains/rv32imac_zicsr_zifencei_multilib_b_ext-win/bin/../lib/gcc/riscv32-unknown-elf/13.2.0/../../../../riscv32-unknown-elf/lib/rv32imac_zicsr_zifencei_zba_zbb_zbc_zbs/ilp32\libc_nano.a
LOAD C:/sdk_env_v1.11.0/toolchains/rv32imac_zicsr_zifencei_multilib_b_ext-win/bin/../lib/gcc/riscv32-unknown-elf/13.2.0/rv32imac_zicsr_zifencei_zba_zbb_zbc_zbs/ilp32\libgcc.a
START GROUP
LOAD C:/sdk_env_v1.11.0/toolchains/rv32imac_zicsr_zifencei_multilib_b_ext-win/bin/../lib/gcc/riscv32-unknown-elf/13.2.0/rv32imac_zicsr_zifencei_zba_zbb_zbc_zbs/ilp32\libgcc.a
LOAD C:/sdk_env_v1.11.0/toolchains/rv32imac_zicsr_zifencei_multilib_b_ext-win/bin/../lib/gcc/riscv32-unknown-elf/13.2.0/../../../../riscv32-unknown-elf/lib/rv32imac_zicsr_zifencei_zba_zbb_zbc_zbs/ilp32\libc_nano.a
LOAD C:/sdk_env_v1.11.0/toolchains/rv32imac_zicsr_zifencei_multilib_b_ext-win/bin/../lib/gcc/riscv32-unknown-elf/13.2.0/../../../../riscv32-unknown-elf/lib/rv32imac_zicsr_zifencei_zba_zbb_zbc_zbs/ilp32\libgloss_nano.a
END GROUP
                0x00004000                        STACK_SIZE = _stack_size
                0x00004000                        HEAP_SIZE = _heap_size
                0x80000400                        __nor_cfg_option_load_addr__ = (ORIGIN (FLASH) + 0x400)
                0x80001000                        __boot_header_load_addr__ = (ORIGIN (FLASH) + 0x1000)
                0x80003000                        __app_load_addr__ = (ORIGIN (FLASH) + 0x3000)
                0x00000090                        __boot_header_length__ = (__boot_header_end__ - __boot_header_start__)
                0x00002000                        __app_offset__ = (__app_load_addr__ - __boot_header_load_addr__)

.nor_cfg_option
                0x80000400       0x10
 *(.nor_cfg_option)
 .nor_cfg_option
                0x80000400       0x10 lib/libhpm_sdk_lib.a(board.c.obj)
                0x80000400                option

.boot_header    0x80001000       0x90
                0x80001000                        __boot_header_start__ = .
 *(.boot_header)
 .boot_header   0x80001000       0x10 lib/libhpm_sdk_lib.a(hpm_bootheader.c.obj)
                0x80001000                header
 *(.fw_info_table)
 .fw_info_table
                0x80001010       0x80 lib/libhpm_sdk_lib.a(hpm_bootheader.c.obj)
                0x80001010                fw_info
 *(.dc_info)
                0x80001090                        __boot_header_end__ = .

.start          0x80003000       0x50
                0x80003000                        . = ALIGN (0x8)
 *(.start)
 .start         0x80003000       0x4a lib/libhpm_sdk_gcc_startup_lib.a(start.S.obj)
                0x80003000                _start
                0x80003048                exit
                0x80003050                        . = ALIGN (0x8)
 *fill*         0x8000304a        0x6 
                0x80003050                        __vector_load_addr__ = (ADDR (.start) + SIZEOF (.start))

.vectors        0x00000000      0xc58 load address 0x80003050
                0x00000000                        . = ALIGN (0x8)
                0x00000000                        __vector_ram_start__ = .
 *(.vector_table)
 .vector_table  0x00000000      0x142 lib/libhpm_sdk_gcc_startup_lib.a(start.S.obj)
                0x00000000                __vector_table
                0x00000140                default_isr_s_59
                0x00000140                default_isr_s_54
                0x00000140                default_isr_s_28
                0x00000140                default_isr_s_22
                0x00000140                default_isr_s_21
                0x00000140                default_isr_s_41
                0x00000140                default_isr_s_19
                0x00000140                default_isr_s_18
                0x00000140                default_isr_s_13
                0x00000140                default_isr_s_12
                0x00000140                default_isr_s_56
                0x00000140                default_isr_s_64
                0x00000140                default_isr_s_4
                0x00000140                default_isr_s_71
                0x00000140                default_isr_s_48
                0x00000140                default_isr_s_26
                0x00000140                default_isr_s_25
                0x00000140                default_isr_s_61
                0x00000140                default_isr_s_8
                0x00000140                default_isr_s_3
                0x00000140                default_isr_s_40
                0x00000140                default_isr_s_45
                0x00000140                default_isr_s_73
                0x00000140                default_isr_s_30
                0x00000140                default_isr_s_78
                0x00000140                default_isr_s_35
                0x00000140                default_isr_s_70
                0x00000140                default_isr_s_60
                0x00000140                default_isr_s_50
                0x00000140                default_isr_s_58
                0x00000140                default_isr_s_66
                0x00000140                default_isr_s_20
                0x00000140                default_isr_s_6
                0x00000140                default_isr_s_17
                0x00000140                default_isr_s_16
                0x00000140                default_isr_s_63
                0x00000140                default_isr_s_11
                0x00000140                default_isr_s_10
                0x00000140                default_isr_s_53
                0x00000140                default_isr_s_42
                0x00000140                default_isr_s_7
                0x00000140                default_isr_s_75
                0x00000140                default_isr_s_32
                0x00000140                default_isr_s_37
                0x00000140                default_isr_s_43
                0x00000140                default_isr_s_47
                0x00000140                default_isr_s_24
                0x00000140                default_isr_s_72
                0x00000140                default_isr_s_39
                0x00000140                default_isr_s_77
                0x00000140                default_isr_s_34
                0x00000140                default_isr_s_68
                0x00000140                default_isr_s_74
                0x00000140                default_isr_s_31
                0x00000140                default_isr_s_44
                0x00000140                default_isr_s_55
                0x00000140                default_isr_s_29
                0x00000140                default_isr_s_23
                0x00000140                default_isr_s_51
                0x00000140                default_isr_s_65
                0x00000140                default_isr_s_49
                0x00000140                default_isr_s_15
                0x00000140                default_isr_s_14
                0x00000140                default_isr_s_57
                0x00000140                default_isr_s_52
                0x00000140                default_irq_s_handler
                0x00000140                default_isr_s_9
                0x00000140                default_isr_s_2
                0x00000140                default_isr_s_79
                0x00000140                default_isr_s_36
                0x00000140                default_isr_s_27
                0x00000140                default_isr_s_69
                0x00000140                default_isr_s_62
                0x00000140                default_isr_s_76
                0x00000140                default_isr_s_33
                0x00000140                default_isr_s_1
                0x00000140                default_isr_s_46
                0x00000140                default_isr_s_38
                0x00000140                default_isr_s_5
                0x00000140                default_isr_s_67
 *(.isr_vector)
 *fill*         0x00000142        0x2 
 .isr_vector    0x00000144        0x8 lib/libhpm_sdk_gcc_startup_lib.a(start.S.obj)
                0x00000144                nmi_handler
                0x00000148                default_isr_73
                0x00000148                default_isr_17
                0x00000148                default_isr_9
                0x00000148                default_isr_35
                0x00000148                default_isr_41
                0x00000148                default_isr_66
                0x00000148                default_isr_5
                0x00000148                default_isr_68
                0x00000148                default_isr_25
                0x00000148                default_isr_76
                0x00000148                default_isr_31
                0x00000148                default_isr_53
                0x00000148                default_isr_27
                0x00000148                default_isr_71
                0x00000148                default_isr_3
                0x00000148                default_isr_38
                0x00000148                default_isr_1
                0x00000148                default_isr_20
                0x00000148                default_isr_13
                0x00000148                default_isr_40
                0x00000148                default_isr_58
                0x00000148                default_isr_10
                0x00000148                default_isr_55
                0x00000148                default_isr_46
                0x00000148                default_isr_75
                0x00000148                default_isr_30
                0x00000148                default_isr_4
                0x00000148                default_isr_48
                0x00000148                default_isr_78
                0x00000148                default_isr_33
                0x00000148                default_isr_16
                0x00000148                default_isr_28
                0x00000148                default_isr_52
                0x00000148                default_isr_50
                0x00000148                default_isr_69
                0x00000148                default_isr_26
                0x00000148                default_isr_77
                0x00000148                default_isr_32
                0x00000148                default_isr_70
                0x00000148                default_isr_43
                0x00000148                default_isr_56
                0x00000148                default_isr_8
                0x00000148                default_irq_handler
                0x00000148                default_isr_60
                0x00000148                default_isr_49
                0x00000148                default_isr_72
                0x00000148                default_isr_2
                0x00000148                default_isr_74
                0x00000148                default_isr_47
                0x00000148                default_isr_6
                0x00000148                default_isr_18
                0x00000148                default_isr_65
                0x00000148                default_isr_22
                0x00000148                default_isr_42
                0x00000148                default_isr_79
                0x00000148                default_isr_34
                0x00000148                default_isr_36
                0x00000148                default_isr_67
                0x00000148                default_isr_24
                0x00000148                default_isr_19
                0x00000148                default_isr_29
                0x00000148                default_isr_15
                0x00000148                default_isr_51
                0x00000148                default_isr_37
                0x00000148                default_isr_39
                0x00000148                default_isr_7
                0x00000148                default_isr_12
                0x00000148                default_isr_44
                0x00000148                default_isr_57
                0x00000148                default_isr_21
                0x00000148                default_isr_59
                0x00000148                default_isr_54
                0x00000148                default_isr_45
 .isr_vector    0x0000014c      0x15a lib/libhpm_sdk_gcc_lib.a(trap.c.obj)
                0x0000014c                irq_handler_trap
 *fill*         0x000002a6        0x2 
 .isr_vector    0x000002a8       0xd8 lib/libhpm_sdk_lib.a(board.c.obj)
                0x000002a8                board_timer_isr
                0x000002e0                default_isr_14
 .isr_vector    0x00000380      0x408 lib/libhpm_sdk_lib.a(hpm_ecat_hw.c.obj)
                0x00000380                ecat_time_ms_isr
                0x000003c8                default_isr_11
                0x00000466                ecat_pdi_isr
                0x0000047c                default_isr_61
                0x0000051c                ecat_sync0_isr
                0x00000554                default_isr_62
                0x000005f4                ecat_sync1_isr
                0x0000062c                default_isr_63
                0x000006cc                ecat_reset_isr
                0x000006e8                default_isr_64
 .isr_vector    0x00000788      0x13e lib/libhpm_sdk_lib.a(rs485_hal.c.obj)
                0x00000788                isr_uart4
                0x00000828                default_isr_23
 *(.isr_vector.*)
 *(.vector_s_table)
 *fill*         0x000008c6      0x13a 
 .vector_s_table
                0x00000a00      0x140 lib/libhpm_sdk_gcc_startup_lib.a(start.S.obj)
                0x00000a00                __vector_s_table
 *(.isr_s_vector)
 .isr_s_vector  0x00000b40      0x112 lib/libhpm_sdk_gcc_lib.a(trap.c.obj)
                0x00000b40                irq_handler_s_trap
 *(.isr_s_vector.*)
                0x00000c58                        . = ALIGN (0x8)
 *fill*         0x00000c52        0x6 
                0x00000c58                        __vector_ram_end__ = .

.text           0x80003ca8    0x16408
                0x80003ca8                        . = ALIGN (0x8)
 *(EXCLUDE_FILE(nx*.o*) .text)
 .text          0x80003ca8      0x350 C:/sdk_env_v1.11.0/toolchains/rv32imac_zicsr_zifencei_multilib_b_ext-win/bin/../lib/gcc/riscv32-unknown-elf/13.2.0/rv32imac_zicsr_zifencei_zba_zbb_zbc_zbs/ilp32\libgcc.a(_udivdi3.o)
                0x80003ca8                __udivdi3
 .text          0x80003ff8      0x5dc C:/sdk_env_v1.11.0/toolchains/rv32imac_zicsr_zifencei_multilib_b_ext-win/bin/../lib/gcc/riscv32-unknown-elf/13.2.0/rv32imac_zicsr_zifencei_zba_zbb_zbc_zbs/ilp32\libgcc.a(adddf3.o)
                0x80003ff8                __adddf3
 .text          0x800045d4      0x50a C:/sdk_env_v1.11.0/toolchains/rv32imac_zicsr_zifencei_multilib_b_ext-win/bin/../lib/gcc/riscv32-unknown-elf/13.2.0/rv32imac_zicsr_zifencei_zba_zbb_zbc_zbs/ilp32\libgcc.a(divdf3.o)
                0x800045d4                __divdf3
 .text          0x80004ade       0x9a C:/sdk_env_v1.11.0/toolchains/rv32imac_zicsr_zifencei_multilib_b_ext-win/bin/../lib/gcc/riscv32-unknown-elf/13.2.0/rv32imac_zicsr_zifencei_zba_zbb_zbc_zbs/ilp32\libgcc.a(gedf2.o)
                0x80004ade                __gedf2
                0x80004ade                __gtdf2
 .text          0x80004b78       0x9a C:/sdk_env_v1.11.0/toolchains/rv32imac_zicsr_zifencei_multilib_b_ext-win/bin/../lib/gcc/riscv32-unknown-elf/13.2.0/rv32imac_zicsr_zifencei_zba_zbb_zbc_zbs/ilp32\libgcc.a(ledf2.o)
                0x80004b78                __ledf2
                0x80004b78                __ltdf2
 .text          0x80004c12      0x446 C:/sdk_env_v1.11.0/toolchains/rv32imac_zicsr_zifencei_multilib_b_ext-win/bin/../lib/gcc/riscv32-unknown-elf/13.2.0/rv32imac_zicsr_zifencei_zba_zbb_zbc_zbs/ilp32\libgcc.a(muldf3.o)
                0x80004c12                __muldf3
 .text          0x80005058      0x5f0 C:/sdk_env_v1.11.0/toolchains/rv32imac_zicsr_zifencei_multilib_b_ext-win/bin/../lib/gcc/riscv32-unknown-elf/13.2.0/rv32imac_zicsr_zifencei_zba_zbb_zbc_zbs/ilp32\libgcc.a(subdf3.o)
                0x80005058                __subdf3
 .text          0x80005648       0x62 C:/sdk_env_v1.11.0/toolchains/rv32imac_zicsr_zifencei_multilib_b_ext-win/bin/../lib/gcc/riscv32-unknown-elf/13.2.0/rv32imac_zicsr_zifencei_zba_zbb_zbc_zbs/ilp32\libgcc.a(fixdfsi.o)
                0x80005648                __fixdfsi
 .text          0x800056aa       0x60 C:/sdk_env_v1.11.0/toolchains/rv32imac_zicsr_zifencei_multilib_b_ext-win/bin/../lib/gcc/riscv32-unknown-elf/13.2.0/rv32imac_zicsr_zifencei_zba_zbb_zbc_zbs/ilp32\libgcc.a(fixunsdfsi.o)
                0x800056aa                __fixunsdfsi
 .text          0x8000570a       0x42 C:/sdk_env_v1.11.0/toolchains/rv32imac_zicsr_zifencei_multilib_b_ext-win/bin/../lib/gcc/riscv32-unknown-elf/13.2.0/rv32imac_zicsr_zifencei_zba_zbb_zbc_zbs/ilp32\libgcc.a(floatunsidf.o)
                0x8000570a                __floatunsidf
 .text          0x8000574c      0x112 C:/sdk_env_v1.11.0/toolchains/rv32imac_zicsr_zifencei_multilib_b_ext-win/bin/../lib/gcc/riscv32-unknown-elf/13.2.0/rv32imac_zicsr_zifencei_zba_zbb_zbc_zbs/ilp32\libgcc.a(truncdfsf2.o)
                0x8000574c                __truncdfsf2
 .text          0x8000585e       0x16 C:/sdk_env_v1.11.0/toolchains/rv32imac_zicsr_zifencei_multilib_b_ext-win/bin/../lib/gcc/riscv32-unknown-elf/13.2.0/../../../../riscv32-unknown-elf/lib/rv32imac_zicsr_zifencei_zba_zbb_zbc_zbs/ilp32\libg_nano.a(lib_a-memcpy-asm.o)
                0x8000585e                memcpy
 .text          0x80005874       0x26 C:/sdk_env_v1.11.0/toolchains/rv32imac_zicsr_zifencei_multilib_b_ext-win/bin/../lib/gcc/riscv32-unknown-elf/13.2.0/../../../../riscv32-unknown-elf/lib/rv32imac_zicsr_zifencei_zba_zbb_zbc_zbs/ilp32\libg_nano.a(lib_a-memmove.o)
                0x80005874                memmove
 .text          0x8000589a       0x10 C:/sdk_env_v1.11.0/toolchains/rv32imac_zicsr_zifencei_multilib_b_ext-win/bin/../lib/gcc/riscv32-unknown-elf/13.2.0/../../../../riscv32-unknown-elf/lib/rv32imac_zicsr_zifencei_zba_zbb_zbc_zbs/ilp32\libg_nano.a(lib_a-memset.o)
                0x8000589a                memset
 .text          0x800058aa       0x6a C:/sdk_env_v1.11.0/toolchains/rv32imac_zicsr_zifencei_multilib_b_ext-win/bin/../lib/gcc/riscv32-unknown-elf/13.2.0/rv32imac_zicsr_zifencei_zba_zbb_zbc_zbs/ilp32\libgcc.a(eqdf2.o)
                0x800058aa                __nedf2
                0x800058aa                __eqdf2
 .text          0x80005914       0x38 C:/sdk_env_v1.11.0/toolchains/rv32imac_zicsr_zifencei_multilib_b_ext-win/bin/../lib/gcc/riscv32-unknown-elf/13.2.0/rv32imac_zicsr_zifencei_zba_zbb_zbc_zbs/ilp32\libgcc.a(unorddf2.o)
                0x80005914                __unorddf2
 .text          0x8000594c       0x54 C:/sdk_env_v1.11.0/toolchains/rv32imac_zicsr_zifencei_multilib_b_ext-win/bin/../lib/gcc/riscv32-unknown-elf/13.2.0/rv32imac_zicsr_zifencei_zba_zbb_zbc_zbs/ilp32\libgcc.a(floatsidf.o)
                0x8000594c                __floatsidf
 .text          0x800059a0       0x98 C:/sdk_env_v1.11.0/toolchains/rv32imac_zicsr_zifencei_multilib_b_ext-win/bin/../lib/gcc/riscv32-unknown-elf/13.2.0/rv32imac_zicsr_zifencei_zba_zbb_zbc_zbs/ilp32\libgcc.a(fixdfdi.o)
                0x800059a0                __fixdfdi
 .text          0x80005a38      0x154 C:/sdk_env_v1.11.0/toolchains/rv32imac_zicsr_zifencei_multilib_b_ext-win/bin/../lib/gcc/riscv32-unknown-elf/13.2.0/rv32imac_zicsr_zifencei_zba_zbb_zbc_zbs/ilp32\libgcc.a(floatdidf.o)
                0x80005a38                __floatdidf
 .text          0x80005b8c      0x152 C:/sdk_env_v1.11.0/toolchains/rv32imac_zicsr_zifencei_multilib_b_ext-win/bin/../lib/gcc/riscv32-unknown-elf/13.2.0/rv32imac_zicsr_zifencei_zba_zbb_zbc_zbs/ilp32\libgcc.a(extenddftf2.o)
                0x80005b8c                __extenddftf2
 .text          0x80005cde      0x240 C:/sdk_env_v1.11.0/toolchains/rv32imac_zicsr_zifencei_multilib_b_ext-win/bin/../lib/gcc/riscv32-unknown-elf/13.2.0/rv32imac_zicsr_zifencei_zba_zbb_zbc_zbs/ilp32\libgcc.a(trunctfdf2.o)
                0x80005cde                __trunctfdf2
 .text          0x80005f1e       0x28 C:/sdk_env_v1.11.0/toolchains/rv32imac_zicsr_zifencei_multilib_b_ext-win/bin/../lib/gcc/riscv32-unknown-elf/13.2.0/rv32imac_zicsr_zifencei_zba_zbb_zbc_zbs/ilp32\libgcc.a(_lshrdi3.o)
                0x80005f1e                __lshrdi3
 .text          0x80005f46       0x28 C:/sdk_env_v1.11.0/toolchains/rv32imac_zicsr_zifencei_multilib_b_ext-win/bin/../lib/gcc/riscv32-unknown-elf/13.2.0/rv32imac_zicsr_zifencei_zba_zbb_zbc_zbs/ilp32\libgcc.a(_ashldi3.o)
                0x80005f46                __ashldi3
 *(EXCLUDE_FILE(nx*.o*) .text*)
 .text.main     0x80005f6e       0xf0 CMakeFiles/app.dir/ecat.c.obj
                0x80005f6e                main
 .text.__libc_init_array
                0x8000605e       0x6e lib/libhpm_sdk_gcc_startup_lib.a(initfini.c.obj)
                0x8000605e                __libc_init_array
 .text._clean_up
                0x800060cc       0xaa lib/libhpm_sdk_gcc_lib.a(reset.c.obj)
                0x800060cc                _clean_up
 .text.c_startup
                0x80006176      0x23a lib/libhpm_sdk_gcc_lib.a(reset.c.obj)
                0x80006176                c_startup
 .text.reset_handler
                0x800063b0       0x16 lib/libhpm_sdk_gcc_lib.a(reset.c.obj)
                0x800063b0                reset_handler
 .text._init    0x800063c6        0x4 lib/libhpm_sdk_gcc_lib.a(reset.c.obj)
                0x800063c6                _init
 .text.mchtmr_isr
                0x800063ca        0x4 lib/libhpm_sdk_gcc_lib.a(trap.c.obj)
                0x800063ca                mchtmr_isr
 .text.swi_isr  0x800063ce        0x4 lib/libhpm_sdk_gcc_lib.a(trap.c.obj)
                0x800063ce                swi_isr
 .text.syscall_handler
                0x800063d2       0x12 lib/libhpm_sdk_gcc_lib.a(trap.c.obj)
                0x800063d2                syscall_handler
 .text.exception_handler
                0x800063e4       0x2c lib/libhpm_sdk_gcc_lib.a(trap.c.obj)
                0x800063e4                exception_handler
 .text.exception_s_handler
                0x80006410        0xe lib/libhpm_sdk_gcc_lib.a(trap.c.obj)
                0x80006410                exception_s_handler
 .text.swi_s_isr
                0x8000641e        0x4 lib/libhpm_sdk_gcc_lib.a(trap.c.obj)
                0x8000641e                swi_s_isr
 .text.mchtmr_s_isr
                0x80006422        0x4 lib/libhpm_sdk_gcc_lib.a(trap.c.obj)
                0x80006422                mchtmr_s_isr
 .text.l1c_op   0x80006426       0x52 lib/libhpm_sdk_lib.a(hpm_l1c_drv.c.obj)
 .text.l1c_dc_enable
                0x80006478       0x34 lib/libhpm_sdk_lib.a(hpm_l1c_drv.c.obj)
                0x80006478                l1c_dc_enable
 .text.l1c_ic_enable
                0x800064ac       0x2e lib/libhpm_sdk_lib.a(hpm_l1c_drv.c.obj)
                0x800064ac                l1c_ic_enable
 .text.l1c_dc_invalidate_all
                0x800064da       0x18 lib/libhpm_sdk_lib.a(hpm_l1c_drv.c.obj)
                0x800064da                l1c_dc_invalidate_all
 .text.l1c_dc_invalidate
                0x800064f2       0x68 lib/libhpm_sdk_lib.a(hpm_l1c_drv.c.obj)
                0x800064f2                l1c_dc_invalidate
 .text.l1c_dc_enable_writearound
                0x8000655a        0xa lib/libhpm_sdk_lib.a(hpm_l1c_drv.c.obj)
                0x8000655a                l1c_dc_enable_writearound
 .text.init_uart0_pins
                0x80006564       0x14 lib/libhpm_sdk_lib.a(pinmux.c.obj)
                0x80006564                init_uart0_pins
 .text.init_uart4_pins
                0x80006578       0x18 lib/libhpm_sdk_lib.a(pinmux.c.obj)
                0x80006578                init_uart4_pins
 .text.init_esc_pins
                0x80006590      0x1f0 lib/libhpm_sdk_lib.a(pinmux.c.obj)
                0x80006590                init_esc_pins
 .text.init_esc_in_out_pin
                0x80006780       0x24 lib/libhpm_sdk_lib.a(pinmux.c.obj)
                0x80006780                init_esc_in_out_pin
 .text.sysctl_clock_set_preset
                0x800067a4       0x28 lib/libhpm_sdk_lib.a(board.c.obj)
 .text.gptmr_check_status
                0x800067cc       0x24 lib/libhpm_sdk_lib.a(board.c.obj)
 .text.gptmr_clear_status
                0x800067f0       0x14 lib/libhpm_sdk_lib.a(board.c.obj)
 .text.gpio_set_pin_input
                0x80006804       0x2c lib/libhpm_sdk_lib.a(board.c.obj)
 .text.pllctlv2_xtal_set_rampup_time
                0x80006830       0x26 lib/libhpm_sdk_lib.a(board.c.obj)
 .text.board_init_console
                0x80006856       0x4e lib/libhpm_sdk_lib.a(board.c.obj)
                0x80006856                board_init_console
 .text.board_print_clock_freq
                0x800068a4      0x100 lib/libhpm_sdk_lib.a(board.c.obj)
                0x800068a4                board_print_clock_freq
 .text.board_print_banner
                0x800069a4       0x3e lib/libhpm_sdk_lib.a(board.c.obj)
                0x800069a4                board_print_banner
 .text.board_init
                0x800069e2       0x16 lib/libhpm_sdk_lib.a(board.c.obj)
                0x800069e2                board_init
 .text.board_delay_ms
                0x800069f8       0x14 lib/libhpm_sdk_lib.a(board.c.obj)
                0x800069f8                board_delay_ms
 .text.board_init_pmp
                0x80006a0c      0x18c lib/libhpm_sdk_lib.a(board.c.obj)
                0x80006a0c                board_init_pmp
 .text.board_init_clock
                0x80006b98      0x1bc lib/libhpm_sdk_lib.a(board.c.obj)
                0x80006b98                board_init_clock
 .text.board_init_ethercat
                0x80006d54       0x48 lib/libhpm_sdk_lib.a(board.c.obj)
                0x80006d54                board_init_ethercat
 .text.board_init_switch_led
                0x80006d9c       0x40 lib/libhpm_sdk_lib.a(board.c.obj)
                0x80006d9c                board_init_switch_led
 .text.init_uart_pins
                0x80006ddc       0x2c lib/libhpm_sdk_lib.a(board.c.obj)
                0x80006ddc                init_uart_pins
 .text.enable_plic_feature
                0x80006e08       0x2c lib/libhpm_sdk_lib.a(system.c.obj)
                0x80006e08                enable_plic_feature
 .text.system_init
                0x80006e34       0x54 lib/libhpm_sdk_lib.a(system.c.obj)
                0x80006e34                system_init
 .text.sysctl_resource_target_is_busy
                0x80006e88       0x24 lib/libhpm_sdk_lib.a(hpm_sysctl_drv.c.obj)
 .text.sysctl_clock_target_is_busy
                0x80006eac       0x28 lib/libhpm_sdk_lib.a(hpm_sysctl_drv.c.obj)
 .text.sysctl_enable_group_resource
                0x80006ed4       0x9c lib/libhpm_sdk_lib.a(hpm_sysctl_drv.c.obj)
                0x80006ed4                sysctl_enable_group_resource
 .text.sysctl_config_clock
                0x80006f70       0x7a lib/libhpm_sdk_lib.a(hpm_sysctl_drv.c.obj)
                0x80006f70                sysctl_config_clock
 .text.hpm_csr_get_core_cycle
                0x80006fea       0x7a lib/libhpm_sdk_lib.a(hpm_clock_drv.c.obj)
 .text.clock_get_frequency
                0x80007064       0x9e lib/libhpm_sdk_lib.a(hpm_clock_drv.c.obj)
                0x80007064                clock_get_frequency
 .text.get_frequency_for_source
                0x80007102       0xae lib/libhpm_sdk_lib.a(hpm_clock_drv.c.obj)
                0x80007102                get_frequency_for_source
 .text.get_frequency_for_ip_in_common_group
                0x800071b0       0x64 lib/libhpm_sdk_lib.a(hpm_clock_drv.c.obj)
 .text.get_frequency_for_adc
                0x80007214       0x7e lib/libhpm_sdk_lib.a(hpm_clock_drv.c.obj)
 .text.get_frequency_for_ewdg
                0x80007292       0x36 lib/libhpm_sdk_lib.a(hpm_clock_drv.c.obj)
 .text.get_frequency_for_pewdg
                0x800072c8       0x28 lib/libhpm_sdk_lib.a(hpm_clock_drv.c.obj)
 .text.clock_set_source_divider
                0x800072f0       0xb6 lib/libhpm_sdk_lib.a(hpm_clock_drv.c.obj)
                0x800072f0                clock_set_source_divider
 .text.clock_add_to_group
                0x800073a6       0x32 lib/libhpm_sdk_lib.a(hpm_clock_drv.c.obj)
                0x800073a6                clock_add_to_group
 .text.clock_connect_group_to_cpu
                0x800073d8       0x2c lib/libhpm_sdk_lib.a(hpm_clock_drv.c.obj)
                0x800073d8                clock_connect_group_to_cpu
 .text.clock_get_core_clock_ticks_per_ms
                0x80007404       0x2c lib/libhpm_sdk_lib.a(hpm_clock_drv.c.obj)
                0x80007404                clock_get_core_clock_ticks_per_ms
 .text.clock_cpu_delay_ms
                0x80007430       0x90 lib/libhpm_sdk_lib.a(hpm_clock_drv.c.obj)
                0x80007430                clock_cpu_delay_ms
 .text.clock_update_core_clock
                0x800074c0       0x1a lib/libhpm_sdk_lib.a(hpm_clock_drv.c.obj)
                0x800074c0                clock_update_core_clock
 .text.uart_modem_config
                0x800074da       0x3c lib/libhpm_sdk_lib.a(hpm_uart_drv.c.obj)
 .text.uart_disable_irq
                0x80007516       0x1c lib/libhpm_sdk_lib.a(hpm_uart_drv.c.obj)
 .text.uart_enable_irq
                0x80007532       0x18 lib/libhpm_sdk_lib.a(hpm_uart_drv.c.obj)
 .text.uart_default_config
                0x8000754a       0x94 lib/libhpm_sdk_lib.a(hpm_uart_drv.c.obj)
                0x8000754a                uart_default_config
 .text.uart_calculate_baudrate
                0x800075de      0x25e lib/libhpm_sdk_lib.a(hpm_uart_drv.c.obj)
 .text.uart_init
                0x8000783c      0x1ca lib/libhpm_sdk_lib.a(hpm_uart_drv.c.obj)
                0x8000783c                uart_init
 .text.uart_send_byte
                0x80007a06       0x4e lib/libhpm_sdk_lib.a(hpm_uart_drv.c.obj)
                0x80007a06                uart_send_byte
 .text.uart_flush
                0x80007a54       0x40 lib/libhpm_sdk_lib.a(hpm_uart_drv.c.obj)
                0x80007a54                uart_flush
 .text.uart_receive_byte
                0x80007a94       0x4e lib/libhpm_sdk_lib.a(hpm_uart_drv.c.obj)
                0x80007a94                uart_receive_byte
 .text.uart_init_rxline_idle_detection
                0x80007ae2       0x60 lib/libhpm_sdk_lib.a(hpm_uart_drv.c.obj)
                0x80007ae2                uart_init_rxline_idle_detection
 .text.uart_init_txline_idle_detection
                0x80007b42       0x76 lib/libhpm_sdk_lib.a(hpm_uart_drv.c.obj)
                0x80007b42                uart_init_txline_idle_detection
 .text.read_pmp_cfg
                0x80007bb8       0x6e lib/libhpm_sdk_lib.a(hpm_pmp_drv.c.obj)
                0x80007bb8                read_pmp_cfg
 .text.write_pmp_cfg
                0x80007c26       0x5c lib/libhpm_sdk_lib.a(hpm_pmp_drv.c.obj)
                0x80007c26                write_pmp_cfg
 .text.write_pmp_addr
                0x80007c82       0xaa lib/libhpm_sdk_lib.a(hpm_pmp_drv.c.obj)
                0x80007c82                write_pmp_addr
 .text.read_pma_cfg
                0x80007d2c       0x6e lib/libhpm_sdk_lib.a(hpm_pmp_drv.c.obj)
                0x80007d2c                read_pma_cfg
 .text.write_pma_cfg
                0x80007d9a       0x5c lib/libhpm_sdk_lib.a(hpm_pmp_drv.c.obj)
                0x80007d9a                write_pma_cfg
 .text.write_pma_addr
                0x80007df6       0xaa lib/libhpm_sdk_lib.a(hpm_pmp_drv.c.obj)
                0x80007df6                write_pma_addr
 .text.pmp_config
                0x80007ea0       0xf8 lib/libhpm_sdk_lib.a(hpm_pmp_drv.c.obj)
                0x80007ea0                pmp_config
 .text.gpio_set_pin_output_with_initial
                0x80007f98       0x6e lib/libhpm_sdk_lib.a(hpm_gpio_drv.c.obj)
                0x80007f98                gpio_set_pin_output_with_initial
 .text.gptmr_channel_reset_count
                0x80008006       0x4a lib/libhpm_sdk_lib.a(hpm_gptmr_drv.c.obj)
 .text.gptmr_channel_set_capmode
                0x80008050       0x36 lib/libhpm_sdk_lib.a(hpm_gptmr_drv.c.obj)
 .text.gptmr_update_cmp
                0x80008086       0x42 lib/libhpm_sdk_lib.a(hpm_gptmr_drv.c.obj)
 .text.gptmr_channel_config_update_reload
                0x800080c8       0x32 lib/libhpm_sdk_lib.a(hpm_gptmr_drv.c.obj)
 .text.gptmr_channel_enable_monitor
                0x800080fa       0x2c lib/libhpm_sdk_lib.a(hpm_gptmr_drv.c.obj)
 .text.gptmr_channel_disable_monitor
                0x80008126       0x2e lib/libhpm_sdk_lib.a(hpm_gptmr_drv.c.obj)
 .text.gptmr_channel_set_monitor_type
                0x80008154       0x3e lib/libhpm_sdk_lib.a(hpm_gptmr_drv.c.obj)
 .text.gptmr_channel_get_default_config
                0x80008192       0x94 lib/libhpm_sdk_lib.a(hpm_gptmr_drv.c.obj)
                0x80008192                gptmr_channel_get_default_config
 .text.gptmr_channel_config
                0x80008226      0x1ba lib/libhpm_sdk_lib.a(hpm_gptmr_drv.c.obj)
                0x80008226                gptmr_channel_config
 .text.gptmr_channel_get_default_monitor_config
                0x800083e0       0x1e lib/libhpm_sdk_lib.a(hpm_gptmr_drv.c.obj)
                0x800083e0                gptmr_channel_get_default_monitor_config
 .text.gptmr_channel_monitor_config
                0x800083fe       0xa6 lib/libhpm_sdk_lib.a(hpm_gptmr_drv.c.obj)
                0x800083fe                gptmr_channel_monitor_config
 .text.pllctlv2_pll_is_stable
                0x800084a4       0x40 lib/libhpm_sdk_lib.a(hpm_pllctlv2_drv.c.obj)
 .text.pllctlv2_pll_clk_is_stable
                0x800084e4       0x4c lib/libhpm_sdk_lib.a(hpm_pllctlv2_drv.c.obj)
 .text.pllctlv2_init_pll_with_freq
                0x80008530       0x9c lib/libhpm_sdk_lib.a(hpm_pllctlv2_drv.c.obj)
                0x80008530                pllctlv2_init_pll_with_freq
 .text.pllctlv2_set_postdiv
                0x800085cc       0x70 lib/libhpm_sdk_lib.a(hpm_pllctlv2_drv.c.obj)
                0x800085cc                pllctlv2_set_postdiv
 .text.pllctlv2_get_pll_freq_in_hz
                0x8000863c      0x13a lib/libhpm_sdk_lib.a(hpm_pllctlv2_drv.c.obj)
                0x8000863c                pllctlv2_get_pll_freq_in_hz
 .text.pllctlv2_get_pll_postdiv_freq_in_hz
                0x80008776       0x78 lib/libhpm_sdk_lib.a(hpm_pllctlv2_drv.c.obj)
                0x80008776                pllctlv2_get_pll_postdiv_freq_in_hz
 .text.pcfg_dcdc_set_voltage
                0x800087ee       0x48 lib/libhpm_sdk_lib.a(hpm_pcfg_drv.c.obj)
                0x800087ee                pcfg_dcdc_set_voltage
 .text.pcfg_dcdc_switch_to_dcm_mode
                0x80008836       0xd0 lib/libhpm_sdk_lib.a(hpm_pcfg_drv.c.obj)
                0x80008836                pcfg_dcdc_switch_to_dcm_mode
 .text.esc_mdio_write
                0x80008906       0xec lib/libhpm_sdk_lib.a(hpm_esc_drv.c.obj)
                0x80008906                esc_mdio_write
 .text.esc_check_eeprom_loading
                0x800089f2       0x84 lib/libhpm_sdk_lib.a(hpm_esc_drv.c.obj)
                0x800089f2                esc_check_eeprom_loading
 .text._sbrk    0x80008a76       0x74 lib/libhpm_sdk_lib.a(hpm_sbrk.c.obj)
                0x80008a76                _sbrk
 .text.crc32    0x80008aea       0x70 lib/libhpm_sdk_lib.a(hpm_crc32.c.obj)
                0x80008aea                crc32
 .text.console_init
                0x80008b5a       0x96 lib/libhpm_sdk_lib.a(hpm_debug_console.c.obj)
                0x80008b5a                console_init
 .text._write   0x80008bf0       0x80 lib/libhpm_sdk_lib.a(hpm_debug_console.c.obj)
                0x80008bf0                _write
 .text._read    0x80008c70       0x2a lib/libhpm_sdk_lib.a(hpm_debug_console.c.obj)
                0x80008c70                _read
 .text._fstat   0x80008c9a       0x14 lib/libhpm_sdk_lib.a(hpm_debug_console.c.obj)
                0x80008c9a                _fstat
 .text.rom_xpi_nor_get_property
                0x80008cae       0x2c lib/libhpm_sdk_lib.a(hpm_nor_flash.c.obj)
 .text.e2p_enter_critical
                0x80008cda       0x1a lib/libhpm_sdk_lib.a(hpm_nor_flash.c.obj)
                0x80008cda                e2p_enter_critical
 .text.e2p_exit_critical
                0x80008cf4       0x14 lib/libhpm_sdk_lib.a(hpm_nor_flash.c.obj)
                0x80008cf4                e2p_exit_critical
 .text.Read0x10F8
                0x80008d08       0x68 lib/libhpm_sdk_lib.a(coeappl.c.obj)
                0x80008d08                Read0x10F8
 .text.COE_SyncTimeStamp
                0x80008d70       0xe0 lib/libhpm_sdk_lib.a(coeappl.c.obj)
                0x80008d70                COE_SyncTimeStamp
 .text.COE_GetObjectDictionary
                0x80008e50        0xc lib/libhpm_sdk_lib.a(coeappl.c.obj)
                0x80008e50                COE_GetObjectDictionary
 .text.COE_UpdateSyncErrorStatus
                0x80008e5c       0xd2 lib/libhpm_sdk_lib.a(coeappl.c.obj)
                0x80008e5c                COE_UpdateSyncErrorStatus
 .text.COE_ObjInit
                0x80008f2e      0x428 lib/libhpm_sdk_lib.a(coeappl.c.obj)
                0x80008f2e                COE_ObjInit
 .text.COE_AddObjectToDic
                0x80009356       0xfe lib/libhpm_sdk_lib.a(coeappl.c.obj)
                0x80009356                COE_AddObjectToDic
 .text.COE_RemoveDicEntry
                0x80009454       0x82 lib/libhpm_sdk_lib.a(coeappl.c.obj)
                0x80009454                COE_RemoveDicEntry
 .text.COE_ClearObjDictionary
                0x800094d6       0x40 lib/libhpm_sdk_lib.a(coeappl.c.obj)
                0x800094d6                COE_ClearObjDictionary
 .text.AddObjectsToObjDictionary
                0x80009516       0x48 lib/libhpm_sdk_lib.a(coeappl.c.obj)
                0x80009516                AddObjectsToObjDictionary
 .text.COE_ObjDictionaryInit
                0x8000955e       0x48 lib/libhpm_sdk_lib.a(coeappl.c.obj)
                0x8000955e                COE_ObjDictionaryInit
 .text.COE_Main
                0x800095a6      0x106 lib/libhpm_sdk_lib.a(coeappl.c.obj)
                0x800095a6                COE_Main
 .text.PDO_InputMapping
                0x800096ac      0x15a lib/libhpm_sdk_lib.a(ecatappl.c.obj)
                0x800096ac                PDO_InputMapping
 .text.PDO_OutputMapping
                0x80009806      0x15c lib/libhpm_sdk_lib.a(ecatappl.c.obj)
                0x80009806                PDO_OutputMapping
 .text.ECAT_CheckTimer
                0x80009962      0x140 lib/libhpm_sdk_lib.a(ecatappl.c.obj)
                0x80009962                ECAT_CheckTimer
 .text.HandleCycleTimeMeasurement
                0x80009aa2      0x1a4 lib/libhpm_sdk_lib.a(ecatappl.c.obj)
                0x80009aa2                HandleCycleTimeMeasurement
 .text.GetSystemTimeDelay
                0x80009c46       0x6e lib/libhpm_sdk_lib.a(ecatappl.c.obj)
                0x80009c46                GetSystemTimeDelay
 .text.PDI_Isr  0x80009cb4      0x31c lib/libhpm_sdk_lib.a(ecatappl.c.obj)
                0x80009cb4                PDI_Isr
 .text.Sync0_Isr
                0x80009fd0      0x296 lib/libhpm_sdk_lib.a(ecatappl.c.obj)
                0x80009fd0                Sync0_Isr
 .text.Sync1_Isr
                0x8000a266       0x60 lib/libhpm_sdk_lib.a(ecatappl.c.obj)
                0x8000a266                Sync1_Isr
 .text.MainInit
                0x8000a2c6      0x14e lib/libhpm_sdk_lib.a(ecatappl.c.obj)
                0x8000a2c6                MainInit
 .text.MainLoop
                0x8000a414       0xf6 lib/libhpm_sdk_lib.a(ecatappl.c.obj)
                0x8000a414                MainLoop
 .text.ECAT_Application
                0x8000a50a       0x56 lib/libhpm_sdk_lib.a(ecatappl.c.obj)
                0x8000a50a                ECAT_Application
 .text.EEPROM_CommandHandler
                0x8000a560      0x33e lib/libhpm_sdk_lib.a(ecatappl.c.obj)
                0x8000a560                EEPROM_CommandHandler
 .text.COE_Init
                0x8000a89e       0x14 lib/libhpm_sdk_lib.a(ecatcoe.c.obj)
                0x8000a89e                COE_Init
 .text.COE_ServiceInd
                0x8000a8b2       0x7e lib/libhpm_sdk_lib.a(ecatcoe.c.obj)
                0x8000a8b2                COE_ServiceInd
 .text.COE_ContinueInd
                0x8000a930       0x62 lib/libhpm_sdk_lib.a(ecatcoe.c.obj)
                0x8000a930                COE_ContinueInd
 .text.ResetALEventMask
                0x8000a992       0x46 lib/libhpm_sdk_lib.a(ecatslv.c.obj)
                0x8000a992                ResetALEventMask
 .text.SetALEventMask
                0x8000a9d8       0x46 lib/libhpm_sdk_lib.a(ecatslv.c.obj)
                0x8000a9d8                SetALEventMask
 .text.UpdateEEPROMLoadedState
                0x8000aa1e       0x44 lib/libhpm_sdk_lib.a(ecatslv.c.obj)
                0x8000aa1e                UpdateEEPROMLoadedState
 .text.GetSyncMan
                0x8000aa62       0x3e lib/libhpm_sdk_lib.a(ecatslv.c.obj)
                0x8000aa62                GetSyncMan
 .text.DisableSyncManChannel
                0x8000aaa0       0x6e lib/libhpm_sdk_lib.a(ecatslv.c.obj)
                0x8000aaa0                DisableSyncManChannel
 .text.EnableSyncManChannel
                0x8000ab0e       0x6a lib/libhpm_sdk_lib.a(ecatslv.c.obj)
                0x8000ab0e                EnableSyncManChannel
 .text.CheckSmSettings
                0x8000ab78      0x69e lib/libhpm_sdk_lib.a(ecatslv.c.obj)
                0x8000ab78                CheckSmSettings
 .text.StartInputHandler
                0x8000b216      0xcfe lib/libhpm_sdk_lib.a(ecatslv.c.obj)
                0x8000b216                StartInputHandler
 .text.StartOutputHandler
                0x8000bf14       0xd4 lib/libhpm_sdk_lib.a(ecatslv.c.obj)
                0x8000bf14                StartOutputHandler
 .text.StopOutputHandler
                0x8000bfe8       0x14 lib/libhpm_sdk_lib.a(ecatslv.c.obj)
                0x8000bfe8                StopOutputHandler
 .text.StopInputHandler
                0x8000bffc      0x170 lib/libhpm_sdk_lib.a(ecatslv.c.obj)
                0x8000bffc                StopInputHandler
 .text.BackToInitTransition
                0x8000c16c        0xc lib/libhpm_sdk_lib.a(ecatslv.c.obj)
                0x8000c16c                BackToInitTransition
 .text.SetALStatus
                0x8000c178      0x206 lib/libhpm_sdk_lib.a(ecatslv.c.obj)
                0x8000c178                SetALStatus
 .text.AL_ControlInd
                0x8000c37e      0x65e lib/libhpm_sdk_lib.a(ecatslv.c.obj)
                0x8000c37e                AL_ControlInd
 .text.AL_ControlRes
                0x8000c9dc      0x39c lib/libhpm_sdk_lib.a(ecatslv.c.obj)
                0x8000c9dc                AL_ControlRes
 .text.DC_CheckWatchdog
                0x8000cd78      0x182 lib/libhpm_sdk_lib.a(ecatslv.c.obj)
                0x8000cd78                DC_CheckWatchdog
 .text.CheckIfEcatError
                0x8000cefa       0x90 lib/libhpm_sdk_lib.a(ecatslv.c.obj)
                0x8000cefa                CheckIfEcatError
 .text.ECAT_Init
                0x8000cf8a      0x150 lib/libhpm_sdk_lib.a(ecatslv.c.obj)
                0x8000cf8a                ECAT_Init
 .text.ECAT_Main
                0x8000d0da      0x242 lib/libhpm_sdk_lib.a(ecatslv.c.obj)
                0x8000d0da                ECAT_Main
 .text.PutInMbxQueue
                0x8000d31c       0x58 lib/libhpm_sdk_lib.a(mailbox.c.obj)
                0x8000d31c                PutInMbxQueue
 .text.GetOutOfMbxQueue
                0x8000d374       0x62 lib/libhpm_sdk_lib.a(mailbox.c.obj)
                0x8000d374                GetOutOfMbxQueue
 .text.MBX_Init
                0x8000d3d6      0x10e lib/libhpm_sdk_lib.a(mailbox.c.obj)
                0x8000d3d6                MBX_Init
 .text.MBX_StartMailboxHandler
                0x8000d4e4      0x1a8 lib/libhpm_sdk_lib.a(mailbox.c.obj)
                0x8000d4e4                MBX_StartMailboxHandler
 .text.MBX_StopMailboxHandler
                0x8000d68c      0x168 lib/libhpm_sdk_lib.a(mailbox.c.obj)
                0x8000d68c                MBX_StopMailboxHandler
 .text.MailboxServiceInd
                0x8000d7f4       0x38 lib/libhpm_sdk_lib.a(mailbox.c.obj)
                0x8000d7f4                MailboxServiceInd
 .text.MBX_MailboxWriteInd
                0x8000d82c      0x164 lib/libhpm_sdk_lib.a(mailbox.c.obj)
                0x8000d82c                MBX_MailboxWriteInd
 .text.MBX_MailboxReadInd
                0x8000d990       0xfa lib/libhpm_sdk_lib.a(mailbox.c.obj)
                0x8000d990                MBX_MailboxReadInd
 .text.MBX_MailboxRepeatReq
                0x8000da8a       0x7e lib/libhpm_sdk_lib.a(mailbox.c.obj)
                0x8000da8a                MBX_MailboxRepeatReq
 .text.MBX_MailboxSendReq
                0x8000db08      0x118 lib/libhpm_sdk_lib.a(mailbox.c.obj)
                0x8000db08                MBX_MailboxSendReq
 .text.MBX_CheckAndCopyMailbox
                0x8000dc20      0x1dc lib/libhpm_sdk_lib.a(mailbox.c.obj)
                0x8000dc20                MBX_CheckAndCopyMailbox
 .text.MBX_CopyToSendMailbox
                0x8000ddfc      0x1e6 lib/libhpm_sdk_lib.a(mailbox.c.obj)
                0x8000ddfc                MBX_CopyToSendMailbox
 .text.MBX_Main
                0x8000dfe2       0xc2 lib/libhpm_sdk_lib.a(mailbox.c.obj)
                0x8000dfe2                MBX_Main
 .text.OBJ_GetObjectHandle
                0x8000e0a4       0x38 lib/libhpm_sdk_lib.a(objdef.c.obj)
                0x8000e0a4                OBJ_GetObjectHandle
 .text.OBJ_GetObjectLength
                0x8000e0dc      0x18e lib/libhpm_sdk_lib.a(objdef.c.obj)
                0x8000e0dc                OBJ_GetObjectLength
 .text.OBJ_CopyNumberToString
                0x8000e26a       0x96 lib/libhpm_sdk_lib.a(objdef.c.obj)
                0x8000e26a                OBJ_CopyNumberToString
 .text.OBJ_GetNoOfObjects
                0x8000e300       0xc6 lib/libhpm_sdk_lib.a(objdef.c.obj)
                0x8000e300                OBJ_GetNoOfObjects
 .text.OBJ_GetObjectList
                0x8000e3c6      0x13a lib/libhpm_sdk_lib.a(objdef.c.obj)
                0x8000e3c6                OBJ_GetObjectList
 .text.OBJ_GetDesc
                0x8000e500      0x14c lib/libhpm_sdk_lib.a(objdef.c.obj)
                0x8000e500                OBJ_GetDesc
 .text.OBJ_GetEntryDesc
                0x8000e64c       0x5a lib/libhpm_sdk_lib.a(objdef.c.obj)
                0x8000e64c                OBJ_GetEntryDesc
 .text.OBJ_GetObjDesc
                0x8000e6a6        0xe lib/libhpm_sdk_lib.a(objdef.c.obj)
                0x8000e6a6                OBJ_GetObjDesc
 .text.OBJ_GetEntryOffset
                0x8000e6b4      0x278 lib/libhpm_sdk_lib.a(objdef.c.obj)
                0x8000e6b4                OBJ_GetEntryOffset
 .text.CheckSyncTypeValue
                0x8000e92c      0x16c lib/libhpm_sdk_lib.a(objdef.c.obj)
                0x8000e92c                CheckSyncTypeValue
 .text.OBJ_Read
                0x8000ea98      0x82a lib/libhpm_sdk_lib.a(objdef.c.obj)
                0x8000ea98                OBJ_Read
 .text.OBJ_Write
                0x8000f2c2      0xa9e lib/libhpm_sdk_lib.a(objdef.c.obj)
                0x8000f2c2                OBJ_Write
 .text.SdoDownloadSegmentInd
                0x8000fd60      0x37c lib/libhpm_sdk_lib.a(sdoserv.c.obj)
 .text.SdoUploadSegmentInd
                0x800100dc      0x258 lib/libhpm_sdk_lib.a(sdoserv.c.obj)
 .text.SdoRes   0x80010334      0x3a2 lib/libhpm_sdk_lib.a(sdoserv.c.obj)
                0x80010334                SdoRes
 .text.SDOS_SdoInd
                0x800106d6      0x6d2 lib/libhpm_sdk_lib.a(sdoserv.c.obj)
                0x800106d6                SDOS_SdoInd
 .text.SDOS_SdoRes
                0x80010da8      0x150 lib/libhpm_sdk_lib.a(sdoserv.c.obj)
                0x80010da8                SDOS_SdoRes
 .text.SDOS_ClearPendingResponse
                0x80010ef8       0xd2 lib/libhpm_sdk_lib.a(sdoserv.c.obj)
                0x80010ef8                SDOS_ClearPendingResponse
 .text.SDOS_SdoInfoInd
                0x80010fca      0x7d8 lib/libhpm_sdk_lib.a(sdoserv.c.obj)
                0x80010fca                SDOS_SdoInfoInd
 .text.gptmr_enable_irq
                0x800117a2       0x1c lib/libhpm_sdk_lib.a(hpm_ecat_hw.c.obj)
 .text.gptmr_check_status
                0x800117be       0x24 lib/libhpm_sdk_lib.a(hpm_ecat_hw.c.obj)
 .text.gptmr_clear_status
                0x800117e2       0x14 lib/libhpm_sdk_lib.a(hpm_ecat_hw.c.obj)
 .text.gptmr_channel_is_opmode
                0x800117f6       0x2e lib/libhpm_sdk_lib.a(hpm_ecat_hw.c.obj)
 .text.gptmr_start_counter
                0x80011824       0x5c lib/libhpm_sdk_lib.a(hpm_ecat_hw.c.obj)
 .text.esc_core_enable_clock
                0x80011880       0x42 lib/libhpm_sdk_lib.a(hpm_ecat_hw.c.obj)
 .text.esc_phy_enable_clock
                0x800118c2       0x40 lib/libhpm_sdk_lib.a(hpm_ecat_hw.c.obj)
 .text.esc_config_eeprom_and_clock
                0x80011902       0x84 lib/libhpm_sdk_lib.a(hpm_ecat_hw.c.obj)
 .text.esc_config_ctrl_signal_function
                0x80011986       0x3e lib/libhpm_sdk_lib.a(hpm_ecat_hw.c.obj)
 .text.esc_config_nmii_link_source
                0x800119c4      0x102 lib/libhpm_sdk_lib.a(hpm_ecat_hw.c.obj)
 .text.esc_set_phy_offset
                0x80011ac6       0x30 lib/libhpm_sdk_lib.a(hpm_ecat_hw.c.obj)
 .text.esc_get_eeprom_cmd
                0x80011af6       0x20 lib/libhpm_sdk_lib.a(hpm_ecat_hw.c.obj)
 .text.esc_eeprom_emulation_ack
                0x80011b16       0x62 lib/libhpm_sdk_lib.a(hpm_ecat_hw.c.obj)
 .text.esc_read_eeprom_data
                0x80011b78       0x16 lib/libhpm_sdk_lib.a(hpm_ecat_hw.c.obj)
 .text.esc_write_eeprom_data
                0x80011b8e       0x1c lib/libhpm_sdk_lib.a(hpm_ecat_hw.c.obj)
 .text.esc_enable_irq
                0x80011baa       0x26 lib/libhpm_sdk_lib.a(hpm_ecat_hw.c.obj)
 .text.esc_enable_sync_irq_to_pdi_irq
                0x80011bd0       0x46 lib/libhpm_sdk_lib.a(hpm_ecat_hw.c.obj)
 .text.ppor_sw_reset
                0x80011c16       0x12 lib/libhpm_sdk_lib.a(hpm_ecat_hw.c.obj)
 .text.ecat_hardware_init
                0x80011c28      0x114 lib/libhpm_sdk_lib.a(hpm_ecat_hw.c.obj)
                0x80011c28                ecat_hardware_init
 .text.ecat_timer_ms_enable
                0x80011d3c       0xe2 lib/libhpm_sdk_lib.a(hpm_ecat_hw.c.obj)
                0x80011d3c                ecat_timer_ms_enable
 .text.HW_Init  0x80011e1e       0x12 lib/libhpm_sdk_lib.a(hpm_ecat_hw.c.obj)
                0x80011e1e                HW_Init
 .text.DISABLE_ESC_INT
                0x80011e30      0x1aa lib/libhpm_sdk_lib.a(hpm_ecat_hw.c.obj)
                0x80011e30                DISABLE_ESC_INT
 .text.ENABLE_ESC_INT
                0x80011fda      0x29e lib/libhpm_sdk_lib.a(hpm_ecat_hw.c.obj)
                0x80011fda                ENABLE_ESC_INT
 .text.ecat_eeprom_emulation_store
                0x80012278        0x4 lib/libhpm_sdk_lib.a(hpm_ecat_hw.c.obj)
                0x80012278                ecat_eeprom_emulation_store
 .text.HW_EepromReload
                0x8001227c        0x6 lib/libhpm_sdk_lib.a(hpm_ecat_hw.c.obj)
                0x8001227c                HW_EepromReload
 .text.gpio_write_pin
                0x80012282       0x52 lib/libhpm_sdk_lib.a(hpm_ecat_phy.c.obj)
 .text.ecat_phy_reset
                0x800122d4       0x6c lib/libhpm_sdk_lib.a(hpm_ecat_phy.c.obj)
                0x800122d4                ecat_phy_reset
 .text.ecat_phy_keep_reset
                0x80012340       0x3c lib/libhpm_sdk_lib.a(hpm_ecat_phy.c.obj)
                0x80012340                ecat_phy_keep_reset
 .text.ecat_jl1111_phy_config_led_mode
                0x8001237c       0x64 lib/libhpm_sdk_lib.a(hpm_ecat_phy.c.obj)
 .text.ecat_jl1111_phy_disable_broadcast_response
                0x800123e0       0xa0 lib/libhpm_sdk_lib.a(hpm_ecat_phy.c.obj)
 .text.ecat_phy_config
                0x80012480       0x82 lib/libhpm_sdk_lib.a(hpm_ecat_phy.c.obj)
                0x80012480                ecat_phy_config
 .text.flash_read
                0x80012502       0x2a lib/libhpm_sdk_lib.a(hpm_ecat_e2p_emulation.c.obj)
 .text.flash_write
                0x8001252c       0x2a lib/libhpm_sdk_lib.a(hpm_ecat_e2p_emulation.c.obj)
 .text.flash_erase
                0x80012556       0x24 lib/libhpm_sdk_lib.a(hpm_ecat_e2p_emulation.c.obj)
 .text.ecat_flash_eeprom_check_configuration_area
                0x8001257a       0x76 lib/libhpm_sdk_lib.a(hpm_ecat_e2p_emulation.c.obj)
 .text.ecat_flash_eeprom_init
                0x800125f0      0x392 lib/libhpm_sdk_lib.a(hpm_ecat_e2p_emulation.c.obj)
                0x800125f0                ecat_flash_eeprom_init
 .text.ecat_flash_eeprom_write
                0x80012982       0x40 lib/libhpm_sdk_lib.a(hpm_ecat_e2p_emulation.c.obj)
                0x80012982                ecat_flash_eeprom_write
 .text.ecat_flash_eeprom_read
                0x800129c2       0x22 lib/libhpm_sdk_lib.a(hpm_ecat_e2p_emulation.c.obj)
                0x800129c2                ecat_flash_eeprom_read
 .text.gpio_read_pin
                0x800129e4       0x34 lib/libhpm_sdk_lib.a(digital_io.c.obj)
 .text.gpio_write_pin
                0x80012a18       0x52 lib/libhpm_sdk_lib.a(digital_io.c.obj)
 .text.APPL_AckErrorInd
                0x80012a6a        0xe lib/libhpm_sdk_lib.a(digital_io.c.obj)
                0x80012a6a                APPL_AckErrorInd
 .text.APPL_StartMailboxHandler
                0x80012a78        0x6 lib/libhpm_sdk_lib.a(digital_io.c.obj)
                0x80012a78                APPL_StartMailboxHandler
 .text.APPL_StopMailboxHandler
                0x80012a7e        0x6 lib/libhpm_sdk_lib.a(digital_io.c.obj)
                0x80012a7e                APPL_StopMailboxHandler
 .text.APPL_StartInputHandler
                0x80012a84        0xc lib/libhpm_sdk_lib.a(digital_io.c.obj)
                0x80012a84                APPL_StartInputHandler
 .text.APPL_StopInputHandler
                0x80012a90        0x6 lib/libhpm_sdk_lib.a(digital_io.c.obj)
                0x80012a90                APPL_StopInputHandler
 .text.APPL_StartOutputHandler
                0x80012a96        0x6 lib/libhpm_sdk_lib.a(digital_io.c.obj)
                0x80012a96                APPL_StartOutputHandler
 .text.APPL_StopOutputHandler
                0x80012a9c        0x6 lib/libhpm_sdk_lib.a(digital_io.c.obj)
                0x80012a9c                APPL_StopOutputHandler
 .text.APPL_GenerateMapping
                0x80012aa2      0x1ca lib/libhpm_sdk_lib.a(digital_io.c.obj)
                0x80012aa2                APPL_GenerateMapping
 .text.APPL_InputMapping
                0x80012c6c       0x1a lib/libhpm_sdk_lib.a(digital_io.c.obj)
                0x80012c6c                APPL_InputMapping
 .text.APPL_OutputMapping
                0x80012c86       0x1a lib/libhpm_sdk_lib.a(digital_io.c.obj)
                0x80012c86                APPL_OutputMapping
 .text.APPL_Application
                0x80012ca0       0xea lib/libhpm_sdk_lib.a(digital_io.c.obj)
                0x80012ca0                APPL_Application
 .text.APPL_GetDeviceID
                0x80012d8a        0x6 lib/libhpm_sdk_lib.a(digital_io.c.obj)
                0x80012d8a                APPL_GetDeviceID
 .text.APPL_SetLed
                0x80012d90       0x4c lib/libhpm_sdk_lib.a(digital_io.c.obj)
                0x80012d90                APPL_SetLed
 .text.APPL_GetDipSw
                0x80012ddc       0x40 lib/libhpm_sdk_lib.a(digital_io.c.obj)
                0x80012ddc                APPL_GetDipSw
 .text.uart_write_byte
                0x80012e1c       0x18 lib/libhpm_sdk_lib.a(rs485_hal.c.obj)
 .text.uart_read_byte
                0x80012e34       0x12 lib/libhpm_sdk_lib.a(rs485_hal.c.obj)
 .text.uart_enable_irq
                0x80012e46       0x18 lib/libhpm_sdk_lib.a(rs485_hal.c.obj)
 .text.uart_get_irq_id
                0x80012e5e       0x18 lib/libhpm_sdk_lib.a(rs485_hal.c.obj)
 .text.uart_check_status
                0x80012e76       0x1c lib/libhpm_sdk_lib.a(rs485_hal.c.obj)
 .text.gpio_write_pin
                0x80012e92       0x52 lib/libhpm_sdk_lib.a(rs485_hal.c.obj)
 .text.gpio_set_pin_output
                0x80012ee4       0x2c lib/libhpm_sdk_lib.a(rs485_hal.c.obj)
 .text.RS485_SetMode_TX
                0x80012f10       0x1a lib/libhpm_sdk_lib.a(rs485_hal.c.obj)
 .text.RS485_SetMode_RX
                0x80012f2a       0x1a lib/libhpm_sdk_lib.a(rs485_hal.c.obj)
 .text.RS485_Init
                0x80012f44      0x102 lib/libhpm_sdk_lib.a(rs485_hal.c.obj)
                0x80012f44                RS485_Init
 .text.RS485_SendData
                0x80013046       0x62 lib/libhpm_sdk_lib.a(rs485_hal.c.obj)
                0x80013046                RS485_SendData
 .text.RS485_ReadData
                0x800130a8       0xec lib/libhpm_sdk_lib.a(rs485_hal.c.obj)
                0x800130a8                RS485_ReadData
 .text.__assert_func
                0x80013194       0x3c C:/sdk_env_v1.11.0/toolchains/rv32imac_zicsr_zifencei_multilib_b_ext-win/bin/../lib/gcc/riscv32-unknown-elf/13.2.0/../../../../riscv32-unknown-elf/lib/rv32imac_zicsr_zifencei_zba_zbb_zbc_zbs/ilp32\libg_nano.a(lib_a-assert.o)
                0x80013194                __assert_func
 .text.__errno  0x800131d0        0x6 C:/sdk_env_v1.11.0/toolchains/rv32imac_zicsr_zifencei_multilib_b_ext-win/bin/../lib/gcc/riscv32-unknown-elf/13.2.0/../../../../riscv32-unknown-elf/lib/rv32imac_zicsr_zifencei_zba_zbb_zbc_zbs/ilp32\libg_nano.a(lib_a-errno.o)
                0x800131d0                __errno
 .text.fprintf  0x800131d6       0x26 C:/sdk_env_v1.11.0/toolchains/rv32imac_zicsr_zifencei_multilib_b_ext-win/bin/../lib/gcc/riscv32-unknown-elf/13.2.0/../../../../riscv32-unknown-elf/lib/rv32imac_zicsr_zifencei_zba_zbb_zbc_zbs/ilp32\libg_nano.a(lib_a-fprintf.o)
                0x800131d6                fiprintf
                0x800131d6                fprintf
 .text.malloc   0x800131fc        0x8 C:/sdk_env_v1.11.0/toolchains/rv32imac_zicsr_zifencei_multilib_b_ext-win/bin/../lib/gcc/riscv32-unknown-elf/13.2.0/../../../../riscv32-unknown-elf/lib/rv32imac_zicsr_zifencei_zba_zbb_zbc_zbs/ilp32\libg_nano.a(lib_a-malloc.o)
                0x800131fc                malloc
 .text.free     0x80013204        0x8 C:/sdk_env_v1.11.0/toolchains/rv32imac_zicsr_zifencei_multilib_b_ext-win/bin/../lib/gcc/riscv32-unknown-elf/13.2.0/../../../../riscv32-unknown-elf/lib/rv32imac_zicsr_zifencei_zba_zbb_zbc_zbs/ilp32\libg_nano.a(lib_a-malloc.o)
                0x80013204                free
 .text._free_r  0x8001320c       0xa6 C:/sdk_env_v1.11.0/toolchains/rv32imac_zicsr_zifencei_multilib_b_ext-win/bin/../lib/gcc/riscv32-unknown-elf/13.2.0/../../../../riscv32-unknown-elf/lib/rv32imac_zicsr_zifencei_zba_zbb_zbc_zbs/ilp32\libg_nano.a(lib_a-nano-freer.o)
                0x8001320c                _free_r
 .text._malloc_r
                0x800132b2       0xe4 C:/sdk_env_v1.11.0/toolchains/rv32imac_zicsr_zifencei_multilib_b_ext-win/bin/../lib/gcc/riscv32-unknown-elf/13.2.0/../../../../riscv32-unknown-elf/lib/rv32imac_zicsr_zifencei_zba_zbb_zbc_zbs/ilp32\libg_nano.a(lib_a-nano-mallocr.o)
                0x800132b2                _malloc_r
 .text.__cvt    0x80013396       0xee C:/sdk_env_v1.11.0/toolchains/rv32imac_zicsr_zifencei_multilib_b_ext-win/bin/../lib/gcc/riscv32-unknown-elf/13.2.0/../../../../riscv32-unknown-elf/lib/rv32imac_zicsr_zifencei_zba_zbb_zbc_zbs/ilp32\libg_nano.a(lib_a-nano-vfprintf_float.o)
                0x80013396                __cvt
 .text.__exponent
                0x80013484       0x9c C:/sdk_env_v1.11.0/toolchains/rv32imac_zicsr_zifencei_multilib_b_ext-win/bin/../lib/gcc/riscv32-unknown-elf/13.2.0/../../../../riscv32-unknown-elf/lib/rv32imac_zicsr_zifencei_zba_zbb_zbc_zbs/ilp32\libg_nano.a(lib_a-nano-vfprintf_float.o)
                0x80013484                __exponent
 .text._printf_float
                0x80013520      0x4ae C:/sdk_env_v1.11.0/toolchains/rv32imac_zicsr_zifencei_multilib_b_ext-win/bin/../lib/gcc/riscv32-unknown-elf/13.2.0/../../../../riscv32-unknown-elf/lib/rv32imac_zicsr_zifencei_zba_zbb_zbc_zbs/ilp32\libg_nano.a(lib_a-nano-vfprintf_float.o)
                0x80013520                _printf_float
 .text._printf_common
                0x800139ce      0x108 C:/sdk_env_v1.11.0/toolchains/rv32imac_zicsr_zifencei_multilib_b_ext-win/bin/../lib/gcc/riscv32-unknown-elf/13.2.0/../../../../riscv32-unknown-elf/lib/rv32imac_zicsr_zifencei_zba_zbb_zbc_zbs/ilp32\libg_nano.a(lib_a-nano-vfprintf_i.o)
                0x800139ce                _printf_common
 .text._printf_i
                0x80013ad6      0x25c C:/sdk_env_v1.11.0/toolchains/rv32imac_zicsr_zifencei_multilib_b_ext-win/bin/../lib/gcc/riscv32-unknown-elf/13.2.0/../../../../riscv32-unknown-elf/lib/rv32imac_zicsr_zifencei_zba_zbb_zbc_zbs/ilp32\libg_nano.a(lib_a-nano-vfprintf_i.o)
                0x80013ad6                _printf_i
 .text.__sfputc_r
                0x80013d32       0x2a C:/sdk_env_v1.11.0/toolchains/rv32imac_zicsr_zifencei_multilib_b_ext-win/bin/../lib/gcc/riscv32-unknown-elf/13.2.0/../../../../riscv32-unknown-elf/lib/rv32imac_zicsr_zifencei_zba_zbb_zbc_zbs/ilp32\libg_nano.a(lib_a-nano-vfprintf.o)
 .text.__sfputs_r
                0x80013d5c       0x44 C:/sdk_env_v1.11.0/toolchains/rv32imac_zicsr_zifencei_multilib_b_ext-win/bin/../lib/gcc/riscv32-unknown-elf/13.2.0/../../../../riscv32-unknown-elf/lib/rv32imac_zicsr_zifencei_zba_zbb_zbc_zbs/ilp32\libg_nano.a(lib_a-nano-vfprintf.o)
                0x80013d5c                __sfputs_r
 .text._vfprintf_r
                0x80013da0      0x2a4 C:/sdk_env_v1.11.0/toolchains/rv32imac_zicsr_zifencei_multilib_b_ext-win/bin/../lib/gcc/riscv32-unknown-elf/13.2.0/../../../../riscv32-unknown-elf/lib/rv32imac_zicsr_zifencei_zba_zbb_zbc_zbs/ilp32\libg_nano.a(lib_a-nano-vfprintf.o)
                0x80013da0                _vfprintf_r
                0x80013da0                _vfiprintf_r
 .text._scanf_float
                0x80014044      0x480 C:/sdk_env_v1.11.0/toolchains/rv32imac_zicsr_zifencei_multilib_b_ext-win/bin/../lib/gcc/riscv32-unknown-elf/13.2.0/../../../../riscv32-unknown-elf/lib/rv32imac_zicsr_zifencei_zba_zbb_zbc_zbs/ilp32\libg_nano.a(lib_a-nano-vfscanf_float.o)
                0x80014044                _scanf_float
 .text.printf   0x800144c4       0x3c C:/sdk_env_v1.11.0/toolchains/rv32imac_zicsr_zifencei_multilib_b_ext-win/bin/../lib/gcc/riscv32-unknown-elf/13.2.0/../../../../riscv32-unknown-elf/lib/rv32imac_zicsr_zifencei_zba_zbb_zbc_zbs/ilp32\libg_nano.a(lib_a-printf.o)
                0x800144c4                iprintf
                0x800144c4                printf
 .text._sbrk_r  0x80014500       0x30 C:/sdk_env_v1.11.0/toolchains/rv32imac_zicsr_zifencei_multilib_b_ext-win/bin/../lib/gcc/riscv32-unknown-elf/13.2.0/../../../../riscv32-unknown-elf/lib/rv32imac_zicsr_zifencei_zba_zbb_zbc_zbs/ilp32\libg_nano.a(lib_a-sbrkr.o)
                0x80014500                _sbrk_r
 .text.setvbuf  0x80014530      0x18c C:/sdk_env_v1.11.0/toolchains/rv32imac_zicsr_zifencei_multilib_b_ext-win/bin/../lib/gcc/riscv32-unknown-elf/13.2.0/../../../../riscv32-unknown-elf/lib/rv32imac_zicsr_zifencei_zba_zbb_zbc_zbs/ilp32\libg_nano.a(lib_a-setvbuf.o)
                0x80014530                setvbuf
 .text.nanf     0x800146bc        0xa C:/sdk_env_v1.11.0/toolchains/rv32imac_zicsr_zifencei_multilib_b_ext-win/bin/../lib/gcc/riscv32-unknown-elf/13.2.0/../../../../riscv32-unknown-elf/lib/rv32imac_zicsr_zifencei_zba_zbb_zbc_zbs/ilp32\libg_nano.a(lib_a-sf_nan.o)
                0x800146bc                nanf
 .text.sprintf  0x800146c6       0x42 C:/sdk_env_v1.11.0/toolchains/rv32imac_zicsr_zifencei_multilib_b_ext-win/bin/../lib/gcc/riscv32-unknown-elf/13.2.0/../../../../riscv32-unknown-elf/lib/rv32imac_zicsr_zifencei_zba_zbb_zbc_zbs/ilp32\libg_nano.a(lib_a-sprintf.o)
                0x800146c6                siprintf
                0x800146c6                sprintf
 .text.strlen   0x80014708       0x12 C:/sdk_env_v1.11.0/toolchains/rv32imac_zicsr_zifencei_multilib_b_ext-win/bin/../lib/gcc/riscv32-unknown-elf/13.2.0/../../../../riscv32-unknown-elf/lib/rv32imac_zicsr_zifencei_zba_zbb_zbc_zbs/ilp32\libg_nano.a(lib_a-strlen.o)
                0x80014708                strlen
 .text.sulp     0x8001471a       0x50 C:/sdk_env_v1.11.0/toolchains/rv32imac_zicsr_zifencei_multilib_b_ext-win/bin/../lib/gcc/riscv32-unknown-elf/13.2.0/../../../../riscv32-unknown-elf/lib/rv32imac_zicsr_zifencei_zba_zbb_zbc_zbs/ilp32\libg_nano.a(lib_a-strtod.o)
 .text._strtod_l
                0x8001476a      0xc5c C:/sdk_env_v1.11.0/toolchains/rv32imac_zicsr_zifencei_multilib_b_ext-win/bin/../lib/gcc/riscv32-unknown-elf/13.2.0/../../../../riscv32-unknown-elf/lib/rv32imac_zicsr_zifencei_zba_zbb_zbc_zbs/ilp32\libg_nano.a(lib_a-strtod.o)
                0x8001476a                _strtod_l
 .text._strtod_r
                0x800153c6        0x8 C:/sdk_env_v1.11.0/toolchains/rv32imac_zicsr_zifencei_multilib_b_ext-win/bin/../lib/gcc/riscv32-unknown-elf/13.2.0/../../../../riscv32-unknown-elf/lib/rv32imac_zicsr_zifencei_zba_zbb_zbc_zbs/ilp32\libg_nano.a(lib_a-strtod.o)
                0x800153c6                _strtod_r
 .text._strtol_l.isra.0
                0x800153ce      0x136 C:/sdk_env_v1.11.0/toolchains/rv32imac_zicsr_zifencei_multilib_b_ext-win/bin/../lib/gcc/riscv32-unknown-elf/13.2.0/../../../../riscv32-unknown-elf/lib/rv32imac_zicsr_zifencei_zba_zbb_zbc_zbs/ilp32\libg_nano.a(lib_a-strtol.o)
 .text._strtol_r
                0x80015504        0x4 C:/sdk_env_v1.11.0/toolchains/rv32imac_zicsr_zifencei_multilib_b_ext-win/bin/../lib/gcc/riscv32-unknown-elf/13.2.0/../../../../riscv32-unknown-elf/lib/rv32imac_zicsr_zifencei_zba_zbb_zbc_zbs/ilp32\libg_nano.a(lib_a-strtol.o)
                0x80015504                _strtol_r
 .text.__swbuf_r
                0x80015508       0xc6 C:/sdk_env_v1.11.0/toolchains/rv32imac_zicsr_zifencei_multilib_b_ext-win/bin/../lib/gcc/riscv32-unknown-elf/13.2.0/../../../../riscv32-unknown-elf/lib/rv32imac_zicsr_zifencei_zba_zbb_zbc_zbs/ilp32\libg_nano.a(lib_a-wbuf.o)
                0x80015508                __swbuf_r
 .text.__swsetup_r
                0x800155ce      0x102 C:/sdk_env_v1.11.0/toolchains/rv32imac_zicsr_zifencei_multilib_b_ext-win/bin/../lib/gcc/riscv32-unknown-elf/13.2.0/../../../../riscv32-unknown-elf/lib/rv32imac_zicsr_zifencei_zba_zbb_zbc_zbs/ilp32\libg_nano.a(lib_a-wsetup.o)
                0x800155ce                __swsetup_r
 .text.abort    0x800156d0       0x10 C:/sdk_env_v1.11.0/toolchains/rv32imac_zicsr_zifencei_multilib_b_ext-win/bin/../lib/gcc/riscv32-unknown-elf/13.2.0/../../../../riscv32-unknown-elf/lib/rv32imac_zicsr_zifencei_zba_zbb_zbc_zbs/ilp32\libg_nano.a(lib_a-abort.o)
                0x800156d0                abort
 .text.quorem   0x800156e0      0x12c C:/sdk_env_v1.11.0/toolchains/rv32imac_zicsr_zifencei_multilib_b_ext-win/bin/../lib/gcc/riscv32-unknown-elf/13.2.0/../../../../riscv32-unknown-elf/lib/rv32imac_zicsr_zifencei_zba_zbb_zbc_zbs/ilp32\libg_nano.a(lib_a-dtoa.o)
 .text._dtoa_r  0x8001580c      0xc1a C:/sdk_env_v1.11.0/toolchains/rv32imac_zicsr_zifencei_multilib_b_ext-win/bin/../lib/gcc/riscv32-unknown-elf/13.2.0/../../../../riscv32-unknown-elf/lib/rv32imac_zicsr_zifencei_zba_zbb_zbc_zbs/ilp32\libg_nano.a(lib_a-dtoa.o)
                0x8001580c                _dtoa_r
 .text.__sflush_r
                0x80016426      0x13a C:/sdk_env_v1.11.0/toolchains/rv32imac_zicsr_zifencei_multilib_b_ext-win/bin/../lib/gcc/riscv32-unknown-elf/13.2.0/../../../../riscv32-unknown-elf/lib/rv32imac_zicsr_zifencei_zba_zbb_zbc_zbs/ilp32\libg_nano.a(lib_a-fflush.o)
                0x80016426                __sflush_r
 .text._fflush_r
                0x80016560       0x66 C:/sdk_env_v1.11.0/toolchains/rv32imac_zicsr_zifencei_multilib_b_ext-win/bin/../lib/gcc/riscv32-unknown-elf/13.2.0/../../../../riscv32-unknown-elf/lib/rv32imac_zicsr_zifencei_zba_zbb_zbc_zbs/ilp32\libg_nano.a(lib_a-fflush.o)
                0x80016560                _fflush_r
 .text.std      0x800165c6       0x6a C:/sdk_env_v1.11.0/toolchains/rv32imac_zicsr_zifencei_multilib_b_ext-win/bin/../lib/gcc/riscv32-unknown-elf/13.2.0/../../../../riscv32-unknown-elf/lib/rv32imac_zicsr_zifencei_zba_zbb_zbc_zbs/ilp32\libg_nano.a(lib_a-findfp.o)
 .text._cleanup_r
                0x80016630        0xa C:/sdk_env_v1.11.0/toolchains/rv32imac_zicsr_zifencei_multilib_b_ext-win/bin/../lib/gcc/riscv32-unknown-elf/13.2.0/../../../../riscv32-unknown-elf/lib/rv32imac_zicsr_zifencei_zba_zbb_zbc_zbs/ilp32\libg_nano.a(lib_a-findfp.o)
                0x80016630                _cleanup_r
 .text.__sfmoreglue
                0x8001663a       0x48 C:/sdk_env_v1.11.0/toolchains/rv32imac_zicsr_zifencei_multilib_b_ext-win/bin/../lib/gcc/riscv32-unknown-elf/13.2.0/../../../../riscv32-unknown-elf/lib/rv32imac_zicsr_zifencei_zba_zbb_zbc_zbs/ilp32\libg_nano.a(lib_a-findfp.o)
                0x8001663a                __sfmoreglue
 .text.__sinit  0x80016682       0x70 C:/sdk_env_v1.11.0/toolchains/rv32imac_zicsr_zifencei_multilib_b_ext-win/bin/../lib/gcc/riscv32-unknown-elf/13.2.0/../../../../riscv32-unknown-elf/lib/rv32imac_zicsr_zifencei_zba_zbb_zbc_zbs/ilp32\libg_nano.a(lib_a-findfp.o)
                0x80016682                __sinit
 .text.__sfp    0x800166f2       0xa2 C:/sdk_env_v1.11.0/toolchains/rv32imac_zicsr_zifencei_multilib_b_ext-win/bin/../lib/gcc/riscv32-unknown-elf/13.2.0/../../../../riscv32-unknown-elf/lib/rv32imac_zicsr_zifencei_zba_zbb_zbc_zbs/ilp32\libg_nano.a(lib_a-findfp.o)
                0x800166f2                __sfp
 .text._fwalk_reent
                0x80016794       0x6a C:/sdk_env_v1.11.0/toolchains/rv32imac_zicsr_zifencei_multilib_b_ext-win/bin/../lib/gcc/riscv32-unknown-elf/13.2.0/../../../../riscv32-unknown-elf/lib/rv32imac_zicsr_zifencei_zba_zbb_zbc_zbs/ilp32\libg_nano.a(lib_a-fwalk.o)
                0x80016794                _fwalk_reent
 .text.rshift   0x800167fe       0xb2 C:/sdk_env_v1.11.0/toolchains/rv32imac_zicsr_zifencei_multilib_b_ext-win/bin/../lib/gcc/riscv32-unknown-elf/13.2.0/../../../../riscv32-unknown-elf/lib/rv32imac_zicsr_zifencei_zba_zbb_zbc_zbs/ilp32\libg_nano.a(lib_a-gdtoa-gethex.o)
 .text.__hexdig_fun
                0x800168b0       0x42 C:/sdk_env_v1.11.0/toolchains/rv32imac_zicsr_zifencei_multilib_b_ext-win/bin/../lib/gcc/riscv32-unknown-elf/13.2.0/../../../../riscv32-unknown-elf/lib/rv32imac_zicsr_zifencei_zba_zbb_zbc_zbs/ilp32\libg_nano.a(lib_a-gdtoa-gethex.o)
                0x800168b0                __hexdig_fun
 .text.__gethex
                0x800168f2      0x4d4 C:/sdk_env_v1.11.0/toolchains/rv32imac_zicsr_zifencei_multilib_b_ext-win/bin/../lib/gcc/riscv32-unknown-elf/13.2.0/../../../../riscv32-unknown-elf/lib/rv32imac_zicsr_zifencei_zba_zbb_zbc_zbs/ilp32\libg_nano.a(lib_a-gdtoa-gethex.o)
                0x800168f2                __gethex
 .text.L_shift  0x80016dc6       0x2a C:/sdk_env_v1.11.0/toolchains/rv32imac_zicsr_zifencei_multilib_b_ext-win/bin/../lib/gcc/riscv32-unknown-elf/13.2.0/../../../../riscv32-unknown-elf/lib/rv32imac_zicsr_zifencei_zba_zbb_zbc_zbs/ilp32\libg_nano.a(lib_a-gdtoa-hexnan.o)
 .text.__match  0x80016df0       0x30 C:/sdk_env_v1.11.0/toolchains/rv32imac_zicsr_zifencei_multilib_b_ext-win/bin/../lib/gcc/riscv32-unknown-elf/13.2.0/../../../../riscv32-unknown-elf/lib/rv32imac_zicsr_zifencei_zba_zbb_zbc_zbs/ilp32\libg_nano.a(lib_a-gdtoa-hexnan.o)
                0x80016df0                __match
 .text.__hexnan
                0x80016e20      0x176 C:/sdk_env_v1.11.0/toolchains/rv32imac_zicsr_zifencei_multilib_b_ext-win/bin/../lib/gcc/riscv32-unknown-elf/13.2.0/../../../../riscv32-unknown-elf/lib/rv32imac_zicsr_zifencei_zba_zbb_zbc_zbs/ilp32\libg_nano.a(lib_a-gdtoa-hexnan.o)
                0x80016e20                __hexnan
 .text._localeconv_r
                0x80016f96        0x6 C:/sdk_env_v1.11.0/toolchains/rv32imac_zicsr_zifencei_multilib_b_ext-win/bin/../lib/gcc/riscv32-unknown-elf/13.2.0/../../../../riscv32-unknown-elf/lib/rv32imac_zicsr_zifencei_zba_zbb_zbc_zbs/ilp32\libg_nano.a(lib_a-localeconv.o)
                0x80016f96                _localeconv_r
 .text.__swhatbuf_r
                0x80016f9c       0x5c C:/sdk_env_v1.11.0/toolchains/rv32imac_zicsr_zifencei_multilib_b_ext-win/bin/../lib/gcc/riscv32-unknown-elf/13.2.0/../../../../riscv32-unknown-elf/lib/rv32imac_zicsr_zifencei_zba_zbb_zbc_zbs/ilp32\libg_nano.a(lib_a-makebuf.o)
                0x80016f9c                __swhatbuf_r
 .text.__smakebuf_r
                0x80016ff8       0xac C:/sdk_env_v1.11.0/toolchains/rv32imac_zicsr_zifencei_multilib_b_ext-win/bin/../lib/gcc/riscv32-unknown-elf/13.2.0/../../../../riscv32-unknown-elf/lib/rv32imac_zicsr_zifencei_zba_zbb_zbc_zbs/ilp32\libg_nano.a(lib_a-makebuf.o)
                0x80016ff8                __smakebuf_r
 .text.__ascii_mbtowc
                0x800170a4       0x3a C:/sdk_env_v1.11.0/toolchains/rv32imac_zicsr_zifencei_multilib_b_ext-win/bin/../lib/gcc/riscv32-unknown-elf/13.2.0/../../../../riscv32-unknown-elf/lib/rv32imac_zicsr_zifencei_zba_zbb_zbc_zbs/ilp32\libg_nano.a(lib_a-mbtowc_r.o)
                0x800170a4                __ascii_mbtowc
 .text.memchr   0x800170de       0x1a C:/sdk_env_v1.11.0/toolchains/rv32imac_zicsr_zifencei_multilib_b_ext-win/bin/../lib/gcc/riscv32-unknown-elf/13.2.0/../../../../riscv32-unknown-elf/lib/rv32imac_zicsr_zifencei_zba_zbb_zbc_zbs/ilp32\libg_nano.a(lib_a-memchr.o)
                0x800170de                memchr
 .text.__malloc_lock
                0x800170f8        0x2 C:/sdk_env_v1.11.0/toolchains/rv32imac_zicsr_zifencei_multilib_b_ext-win/bin/../lib/gcc/riscv32-unknown-elf/13.2.0/../../../../riscv32-unknown-elf/lib/rv32imac_zicsr_zifencei_zba_zbb_zbc_zbs/ilp32\libg_nano.a(lib_a-mlock.o)
                0x800170f8                __malloc_lock
 .text.__malloc_unlock
                0x800170fa        0x2 C:/sdk_env_v1.11.0/toolchains/rv32imac_zicsr_zifencei_multilib_b_ext-win/bin/../lib/gcc/riscv32-unknown-elf/13.2.0/../../../../riscv32-unknown-elf/lib/rv32imac_zicsr_zifencei_zba_zbb_zbc_zbs/ilp32\libg_nano.a(lib_a-mlock.o)
                0x800170fa                __malloc_unlock
 .text._Balloc  0x800170fc       0xaa C:/sdk_env_v1.11.0/toolchains/rv32imac_zicsr_zifencei_multilib_b_ext-win/bin/../lib/gcc/riscv32-unknown-elf/13.2.0/../../../../riscv32-unknown-elf/lib/rv32imac_zicsr_zifencei_zba_zbb_zbc_zbs/ilp32\libg_nano.a(lib_a-mprec.o)
                0x800170fc                _Balloc
 .text._Bfree   0x800171a6       0x60 C:/sdk_env_v1.11.0/toolchains/rv32imac_zicsr_zifencei_multilib_b_ext-win/bin/../lib/gcc/riscv32-unknown-elf/13.2.0/../../../../riscv32-unknown-elf/lib/rv32imac_zicsr_zifencei_zba_zbb_zbc_zbs/ilp32\libg_nano.a(lib_a-mprec.o)
                0x800171a6                _Bfree
 .text.__multadd
                0x80017206       0xba C:/sdk_env_v1.11.0/toolchains/rv32imac_zicsr_zifencei_multilib_b_ext-win/bin/../lib/gcc/riscv32-unknown-elf/13.2.0/../../../../riscv32-unknown-elf/lib/rv32imac_zicsr_zifencei_zba_zbb_zbc_zbs/ilp32\libg_nano.a(lib_a-mprec.o)
                0x80017206                __multadd
 .text.__s2b    0x800172c0       0xc2 C:/sdk_env_v1.11.0/toolchains/rv32imac_zicsr_zifencei_multilib_b_ext-win/bin/../lib/gcc/riscv32-unknown-elf/13.2.0/../../../../riscv32-unknown-elf/lib/rv32imac_zicsr_zifencei_zba_zbb_zbc_zbs/ilp32\libg_nano.a(lib_a-mprec.o)
                0x800172c0                __s2b
 .text.__hi0bits
                0x80017382       0x46 C:/sdk_env_v1.11.0/toolchains/rv32imac_zicsr_zifencei_multilib_b_ext-win/bin/../lib/gcc/riscv32-unknown-elf/13.2.0/../../../../riscv32-unknown-elf/lib/rv32imac_zicsr_zifencei_zba_zbb_zbc_zbs/ilp32\libg_nano.a(lib_a-mprec.o)
                0x80017382                __hi0bits
 .text.__lo0bits
                0x800173c8       0x68 C:/sdk_env_v1.11.0/toolchains/rv32imac_zicsr_zifencei_multilib_b_ext-win/bin/../lib/gcc/riscv32-unknown-elf/13.2.0/../../../../riscv32-unknown-elf/lib/rv32imac_zicsr_zifencei_zba_zbb_zbc_zbs/ilp32\libg_nano.a(lib_a-mprec.o)
                0x800173c8                __lo0bits
 .text.__i2b    0x80017430       0x38 C:/sdk_env_v1.11.0/toolchains/rv32imac_zicsr_zifencei_multilib_b_ext-win/bin/../lib/gcc/riscv32-unknown-elf/13.2.0/../../../../riscv32-unknown-elf/lib/rv32imac_zicsr_zifencei_zba_zbb_zbc_zbs/ilp32\libg_nano.a(lib_a-mprec.o)
                0x80017430                __i2b
 .text.__multiply
                0x80017468      0x178 C:/sdk_env_v1.11.0/toolchains/rv32imac_zicsr_zifencei_multilib_b_ext-win/bin/../lib/gcc/riscv32-unknown-elf/13.2.0/../../../../riscv32-unknown-elf/lib/rv32imac_zicsr_zifencei_zba_zbb_zbc_zbs/ilp32\libg_nano.a(lib_a-mprec.o)
                0x80017468                __multiply
 .text.__pow5mult
                0x800175e0       0xda C:/sdk_env_v1.11.0/toolchains/rv32imac_zicsr_zifencei_multilib_b_ext-win/bin/../lib/gcc/riscv32-unknown-elf/13.2.0/../../../../riscv32-unknown-elf/lib/rv32imac_zicsr_zifencei_zba_zbb_zbc_zbs/ilp32\libg_nano.a(lib_a-mprec.o)
                0x800175e0                __pow5mult
 .text.__lshift
                0x800176ba      0x102 C:/sdk_env_v1.11.0/toolchains/rv32imac_zicsr_zifencei_multilib_b_ext-win/bin/../lib/gcc/riscv32-unknown-elf/13.2.0/../../../../riscv32-unknown-elf/lib/rv32imac_zicsr_zifencei_zba_zbb_zbc_zbs/ilp32\libg_nano.a(lib_a-mprec.o)
                0x800176ba                __lshift
 .text.__mcmp   0x800177bc       0x36 C:/sdk_env_v1.11.0/toolchains/rv32imac_zicsr_zifencei_multilib_b_ext-win/bin/../lib/gcc/riscv32-unknown-elf/13.2.0/../../../../riscv32-unknown-elf/lib/rv32imac_zicsr_zifencei_zba_zbb_zbc_zbs/ilp32\libg_nano.a(lib_a-mprec.o)
                0x800177bc                __mcmp
 .text.__mdiff  0x800177f2      0x16a C:/sdk_env_v1.11.0/toolchains/rv32imac_zicsr_zifencei_multilib_b_ext-win/bin/../lib/gcc/riscv32-unknown-elf/13.2.0/../../../../riscv32-unknown-elf/lib/rv32imac_zicsr_zifencei_zba_zbb_zbc_zbs/ilp32\libg_nano.a(lib_a-mprec.o)
                0x800177f2                __mdiff
 .text.__ulp    0x8001795c       0x44 C:/sdk_env_v1.11.0/toolchains/rv32imac_zicsr_zifencei_multilib_b_ext-win/bin/../lib/gcc/riscv32-unknown-elf/13.2.0/../../../../riscv32-unknown-elf/lib/rv32imac_zicsr_zifencei_zba_zbb_zbc_zbs/ilp32\libg_nano.a(lib_a-mprec.o)
                0x8001795c                __ulp
 .text.__b2d    0x800179a0       0xb6 C:/sdk_env_v1.11.0/toolchains/rv32imac_zicsr_zifencei_multilib_b_ext-win/bin/../lib/gcc/riscv32-unknown-elf/13.2.0/../../../../riscv32-unknown-elf/lib/rv32imac_zicsr_zifencei_zba_zbb_zbc_zbs/ilp32\libg_nano.a(lib_a-mprec.o)
                0x800179a0                __b2d
 .text.__d2b    0x80017a56       0xdc C:/sdk_env_v1.11.0/toolchains/rv32imac_zicsr_zifencei_multilib_b_ext-win/bin/../lib/gcc/riscv32-unknown-elf/13.2.0/../../../../riscv32-unknown-elf/lib/rv32imac_zicsr_zifencei_zba_zbb_zbc_zbs/ilp32\libg_nano.a(lib_a-mprec.o)
                0x80017a56                __d2b
 .text.__ratio  0x80017b32       0x72 C:/sdk_env_v1.11.0/toolchains/rv32imac_zicsr_zifencei_multilib_b_ext-win/bin/../lib/gcc/riscv32-unknown-elf/13.2.0/../../../../riscv32-unknown-elf/lib/rv32imac_zicsr_zifencei_zba_zbb_zbc_zbs/ilp32\libg_nano.a(lib_a-mprec.o)
                0x80017b32                __ratio
 .text.__copybits
                0x80017ba4       0x4c C:/sdk_env_v1.11.0/toolchains/rv32imac_zicsr_zifencei_multilib_b_ext-win/bin/../lib/gcc/riscv32-unknown-elf/13.2.0/../../../../riscv32-unknown-elf/lib/rv32imac_zicsr_zifencei_zba_zbb_zbc_zbs/ilp32\libg_nano.a(lib_a-mprec.o)
                0x80017ba4                __copybits
 .text.__any_on
                0x80017bf0       0x44 C:/sdk_env_v1.11.0/toolchains/rv32imac_zicsr_zifencei_multilib_b_ext-win/bin/../lib/gcc/riscv32-unknown-elf/13.2.0/../../../../riscv32-unknown-elf/lib/rv32imac_zicsr_zifencei_zba_zbb_zbc_zbs/ilp32\libg_nano.a(lib_a-mprec.o)
                0x80017bf0                __any_on
 .text._calloc_r
                0x80017c34       0x36 C:/sdk_env_v1.11.0/toolchains/rv32imac_zicsr_zifencei_multilib_b_ext-win/bin/../lib/gcc/riscv32-unknown-elf/13.2.0/../../../../riscv32-unknown-elf/lib/rv32imac_zicsr_zifencei_zba_zbb_zbc_zbs/ilp32\libg_nano.a(lib_a-nano-callocr.o)
                0x80017c34                _calloc_r
 .text._realloc_r
                0x80017c6a       0x78 C:/sdk_env_v1.11.0/toolchains/rv32imac_zicsr_zifencei_multilib_b_ext-win/bin/../lib/gcc/riscv32-unknown-elf/13.2.0/../../../../riscv32-unknown-elf/lib/rv32imac_zicsr_zifencei_zba_zbb_zbc_zbs/ilp32\libg_nano.a(lib_a-nano-reallocr.o)
                0x80017c6a                _realloc_r
 .text.__ssputs_r
                0x80017ce2       0xe8 C:/sdk_env_v1.11.0/toolchains/rv32imac_zicsr_zifencei_multilib_b_ext-win/bin/../lib/gcc/riscv32-unknown-elf/13.2.0/../../../../riscv32-unknown-elf/lib/rv32imac_zicsr_zifencei_zba_zbb_zbc_zbs/ilp32\libg_nano.a(lib_a-nano-svfprintf.o)
                0x80017ce2                __ssputs_r
 .text._svfprintf_r
                0x80017dca      0x278 C:/sdk_env_v1.11.0/toolchains/rv32imac_zicsr_zifencei_multilib_b_ext-win/bin/../lib/gcc/riscv32-unknown-elf/13.2.0/../../../../riscv32-unknown-elf/lib/rv32imac_zicsr_zifencei_zba_zbb_zbc_zbs/ilp32\libg_nano.a(lib_a-nano-svfprintf.o)
                0x80017dca                _svfiprintf_r
                0x80017dca                _svfprintf_r
 .text._raise_r
                0x80018042       0x5e C:/sdk_env_v1.11.0/toolchains/rv32imac_zicsr_zifencei_multilib_b_ext-win/bin/../lib/gcc/riscv32-unknown-elf/13.2.0/../../../../riscv32-unknown-elf/lib/rv32imac_zicsr_zifencei_zba_zbb_zbc_zbs/ilp32\libg_nano.a(lib_a-signal.o)
                0x80018042                _raise_r
 .text.raise    0x800180a0        0xa C:/sdk_env_v1.11.0/toolchains/rv32imac_zicsr_zifencei_multilib_b_ext-win/bin/../lib/gcc/riscv32-unknown-elf/13.2.0/../../../../riscv32-unknown-elf/lib/rv32imac_zicsr_zifencei_zba_zbb_zbc_zbs/ilp32\libg_nano.a(lib_a-signal.o)
                0x800180a0                raise
 .text._kill_r  0x800180aa       0x30 C:/sdk_env_v1.11.0/toolchains/rv32imac_zicsr_zifencei_multilib_b_ext-win/bin/../lib/gcc/riscv32-unknown-elf/13.2.0/../../../../riscv32-unknown-elf/lib/rv32imac_zicsr_zifencei_zba_zbb_zbc_zbs/ilp32\libg_nano.a(lib_a-signalr.o)
                0x800180aa                _kill_r
 .text._getpid_r
                0x800180da        0x2 C:/sdk_env_v1.11.0/toolchains/rv32imac_zicsr_zifencei_multilib_b_ext-win/bin/../lib/gcc/riscv32-unknown-elf/13.2.0/../../../../riscv32-unknown-elf/lib/rv32imac_zicsr_zifencei_zba_zbb_zbc_zbs/ilp32\libg_nano.a(lib_a-signalr.o)
                0x800180da                _getpid_r
 .text.nan      0x800180dc        0xe C:/sdk_env_v1.11.0/toolchains/rv32imac_zicsr_zifencei_multilib_b_ext-win/bin/../lib/gcc/riscv32-unknown-elf/13.2.0/../../../../riscv32-unknown-elf/lib/rv32imac_zicsr_zifencei_zba_zbb_zbc_zbs/ilp32\libg_nano.a(lib_a-s_nan.o)
                0x800180dc                nan
 .text.__sread  0x800180ea       0x2e C:/sdk_env_v1.11.0/toolchains/rv32imac_zicsr_zifencei_multilib_b_ext-win/bin/../lib/gcc/riscv32-unknown-elf/13.2.0/../../../../riscv32-unknown-elf/lib/rv32imac_zicsr_zifencei_zba_zbb_zbc_zbs/ilp32\libg_nano.a(lib_a-stdio.o)
                0x800180ea                __sread
 .text.__swrite
                0x80018118       0x4c C:/sdk_env_v1.11.0/toolchains/rv32imac_zicsr_zifencei_multilib_b_ext-win/bin/../lib/gcc/riscv32-unknown-elf/13.2.0/../../../../riscv32-unknown-elf/lib/rv32imac_zicsr_zifencei_zba_zbb_zbc_zbs/ilp32\libg_nano.a(lib_a-stdio.o)
                0x80018118                __swrite
 .text.__sseek  0x80018164       0x34 C:/sdk_env_v1.11.0/toolchains/rv32imac_zicsr_zifencei_multilib_b_ext-win/bin/../lib/gcc/riscv32-unknown-elf/13.2.0/../../../../riscv32-unknown-elf/lib/rv32imac_zicsr_zifencei_zba_zbb_zbc_zbs/ilp32\libg_nano.a(lib_a-stdio.o)
                0x80018164                __sseek
 .text.__sclose
                0x80018198        0x6 C:/sdk_env_v1.11.0/toolchains/rv32imac_zicsr_zifencei_multilib_b_ext-win/bin/../lib/gcc/riscv32-unknown-elf/13.2.0/../../../../riscv32-unknown-elf/lib/rv32imac_zicsr_zifencei_zba_zbb_zbc_zbs/ilp32\libg_nano.a(lib_a-stdio.o)
                0x80018198                __sclose
 .text.strncmp  0x8001819e       0x2c C:/sdk_env_v1.11.0/toolchains/rv32imac_zicsr_zifencei_multilib_b_ext-win/bin/../lib/gcc/riscv32-unknown-elf/13.2.0/../../../../riscv32-unknown-elf/lib/rv32imac_zicsr_zifencei_zba_zbb_zbc_zbs/ilp32\libg_nano.a(lib_a-strncmp.o)
                0x8001819e                strncmp
 .text.__ascii_wctomb
                0x800181ca       0x20 C:/sdk_env_v1.11.0/toolchains/rv32imac_zicsr_zifencei_multilib_b_ext-win/bin/../lib/gcc/riscv32-unknown-elf/13.2.0/../../../../riscv32-unknown-elf/lib/rv32imac_zicsr_zifencei_zba_zbb_zbc_zbs/ilp32\libg_nano.a(lib_a-wctomb_r.o)
                0x800181ca                __ascii_wctomb
 .text._write_r
                0x800181ea       0x34 C:/sdk_env_v1.11.0/toolchains/rv32imac_zicsr_zifencei_multilib_b_ext-win/bin/../lib/gcc/riscv32-unknown-elf/13.2.0/../../../../riscv32-unknown-elf/lib/rv32imac_zicsr_zifencei_zba_zbb_zbc_zbs/ilp32\libg_nano.a(lib_a-writer.o)
                0x800181ea                _write_r
 .text._close_r
                0x8001821e       0x2e C:/sdk_env_v1.11.0/toolchains/rv32imac_zicsr_zifencei_multilib_b_ext-win/bin/../lib/gcc/riscv32-unknown-elf/13.2.0/../../../../riscv32-unknown-elf/lib/rv32imac_zicsr_zifencei_zba_zbb_zbc_zbs/ilp32\libg_nano.a(lib_a-closer.o)
                0x8001821e                _close_r
 .text._fstat_r
                0x8001824c       0x32 C:/sdk_env_v1.11.0/toolchains/rv32imac_zicsr_zifencei_multilib_b_ext-win/bin/../lib/gcc/riscv32-unknown-elf/13.2.0/../../../../riscv32-unknown-elf/lib/rv32imac_zicsr_zifencei_zba_zbb_zbc_zbs/ilp32\libg_nano.a(lib_a-fstatr.o)
                0x8001824c                _fstat_r
 .text._isatty_r
                0x8001827e       0x2e C:/sdk_env_v1.11.0/toolchains/rv32imac_zicsr_zifencei_multilib_b_ext-win/bin/../lib/gcc/riscv32-unknown-elf/13.2.0/../../../../riscv32-unknown-elf/lib/rv32imac_zicsr_zifencei_zba_zbb_zbc_zbs/ilp32\libg_nano.a(lib_a-isattyr.o)
                0x8001827e                _isatty_r
 .text._lseek_r
                0x800182ac       0x32 C:/sdk_env_v1.11.0/toolchains/rv32imac_zicsr_zifencei_multilib_b_ext-win/bin/../lib/gcc/riscv32-unknown-elf/13.2.0/../../../../riscv32-unknown-elf/lib/rv32imac_zicsr_zifencei_zba_zbb_zbc_zbs/ilp32\libg_nano.a(lib_a-lseekr.o)
                0x800182ac                _lseek_r
 .text._malloc_usable_size_r
                0x800182de       0x14 C:/sdk_env_v1.11.0/toolchains/rv32imac_zicsr_zifencei_multilib_b_ext-win/bin/../lib/gcc/riscv32-unknown-elf/13.2.0/../../../../riscv32-unknown-elf/lib/rv32imac_zicsr_zifencei_zba_zbb_zbc_zbs/ilp32\libg_nano.a(lib_a-nano-msizer.o)
                0x800182de                _malloc_usable_size_r
 .text._read_r  0x800182f2       0x34 C:/sdk_env_v1.11.0/toolchains/rv32imac_zicsr_zifencei_multilib_b_ext-win/bin/../lib/gcc/riscv32-unknown-elf/13.2.0/../../../../riscv32-unknown-elf/lib/rv32imac_zicsr_zifencei_zba_zbb_zbc_zbs/ilp32\libg_nano.a(lib_a-readr.o)
                0x800182f2                _read_r
 .text._close   0x80018326       0x2a C:/sdk_env_v1.11.0/toolchains/rv32imac_zicsr_zifencei_multilib_b_ext-win/bin/../lib/gcc/riscv32-unknown-elf/13.2.0/../../../../riscv32-unknown-elf/lib/rv32imac_zicsr_zifencei_zba_zbb_zbc_zbs/ilp32\libgloss_nano.a(sys_close.o)
                0x80018326                _close
 .text._exit    0x80018350       0x22 C:/sdk_env_v1.11.0/toolchains/rv32imac_zicsr_zifencei_multilib_b_ext-win/bin/../lib/gcc/riscv32-unknown-elf/13.2.0/../../../../riscv32-unknown-elf/lib/rv32imac_zicsr_zifencei_zba_zbb_zbc_zbs/ilp32\libgloss_nano.a(sys_exit.o)
                0x80018350                _exit
 .text._getpid  0x80018372        0x4 C:/sdk_env_v1.11.0/toolchains/rv32imac_zicsr_zifencei_multilib_b_ext-win/bin/../lib/gcc/riscv32-unknown-elf/13.2.0/../../../../riscv32-unknown-elf/lib/rv32imac_zicsr_zifencei_zba_zbb_zbc_zbs/ilp32\libgloss_nano.a(sys_getpid.o)
                0x80018372                _getpid
 .text._isatty  0x80018376       0x20 C:/sdk_env_v1.11.0/toolchains/rv32imac_zicsr_zifencei_multilib_b_ext-win/bin/../lib/gcc/riscv32-unknown-elf/13.2.0/../../../../riscv32-unknown-elf/lib/rv32imac_zicsr_zifencei_zba_zbb_zbc_zbs/ilp32\libgloss_nano.a(sys_isatty.o)
                0x80018376                _isatty
 .text._kill    0x80018396       0x14 C:/sdk_env_v1.11.0/toolchains/rv32imac_zicsr_zifencei_multilib_b_ext-win/bin/../lib/gcc/riscv32-unknown-elf/13.2.0/../../../../riscv32-unknown-elf/lib/rv32imac_zicsr_zifencei_zba_zbb_zbc_zbs/ilp32\libgloss_nano.a(sys_kill.o)
                0x80018396                _kill
 .text._lseek   0x800183aa       0x2a C:/sdk_env_v1.11.0/toolchains/rv32imac_zicsr_zifencei_multilib_b_ext-win/bin/../lib/gcc/riscv32-unknown-elf/13.2.0/../../../../riscv32-unknown-elf/lib/rv32imac_zicsr_zifencei_zba_zbb_zbc_zbs/ilp32\libgloss_nano.a(sys_lseek.o)
                0x800183aa                _lseek
 *(EXCLUDE_FILE(nx*.o*) .rodata)
 .rodata        0x800183d4       0x51 CMakeFiles/app.dir/ecat.c.obj
 *fill*         0x80018425        0x3 
 .rodata        0x80018428       0x83 lib/libhpm_sdk_lib.a(hpm_l1c_drv.c.obj)
 *fill*         0x800184ab        0x1 
 .rodata        0x800184ac      0x43b lib/libhpm_sdk_lib.a(board.c.obj)
 *fill*         0x800188e7        0x1 
 .rodata        0x800188e8       0x62 lib/libhpm_sdk_lib.a(hpm_pllctlv2_drv.c.obj)
 *fill*         0x8001894a        0x2 
 .rodata        0x8001894c       0x20 lib/libhpm_sdk_lib.a(hpm_pcfg_drv.c.obj)
 .rodata        0x8001896c       0xba lib/libhpm_sdk_lib.a(eeprom_emulation.c.obj)
 *fill*         0x80018a26        0x2 
 .rodata        0x80018a28      0x1a7 lib/libhpm_sdk_lib.a(hpm_ecat_hw.c.obj)
 *fill*         0x80018bcf        0x1 
 .rodata        0x80018bd0       0xed lib/libhpm_sdk_lib.a(hpm_ecat_e2p_emulation.c.obj)
 *fill*         0x80018cbd        0x3 
 .rodata        0x80018cc0       0x62 lib/libhpm_sdk_lib.a(digital_io.c.obj)
 *fill*         0x80018d22        0x2 
 .rodata        0x80018d24       0x3c C:/sdk_env_v1.11.0/toolchains/rv32imac_zicsr_zifencei_multilib_b_ext-win/bin/../lib/gcc/riscv32-unknown-elf/13.2.0/rv32imac_zicsr_zifencei_zba_zbb_zbc_zbs/ilp32\libgcc.a(divdf3.o)
 .rodata        0x80018d60      0x100 C:/sdk_env_v1.11.0/toolchains/rv32imac_zicsr_zifencei_multilib_b_ext-win/bin/../lib/gcc/riscv32-unknown-elf/13.2.0/rv32imac_zicsr_zifencei_zba_zbb_zbc_zbs/ilp32\libgcc.a(_clz.o)
                0x80018d60                __clz_tab
 *(EXCLUDE_FILE(nx*.o*) .rodata*)
 .rodata.exception_handler
                0x80018e60       0x40 lib/libhpm_sdk_gcc_lib.a(trap.c.obj)
 .rodata.__func__.5
                0x80018ea0       0x12 lib/libhpm_sdk_lib.a(hpm_l1c_drv.c.obj)
 *fill*         0x80018eb2        0x2 
 .rodata.__func__.0
                0x80018eb4        0xf lib/libhpm_sdk_lib.a(board.c.obj)
 *fill*         0x80018ec3        0x1 
 .rodata.clock_get_frequency
                0x80018ec4       0x2c lib/libhpm_sdk_lib.a(hpm_clock_drv.c.obj)
 .rodata.get_frequency_for_source
                0x80018ef0       0x20 lib/libhpm_sdk_lib.a(hpm_clock_drv.c.obj)
 .rodata.clock_set_source_divider
                0x80018f10       0x2c lib/libhpm_sdk_lib.a(hpm_clock_drv.c.obj)
 .rodata.uart_init
                0x80018f3c       0x14 lib/libhpm_sdk_lib.a(hpm_uart_drv.c.obj)
 .rodata.write_pmp_addr
                0x80018f50       0x40 lib/libhpm_sdk_lib.a(hpm_pmp_drv.c.obj)
 .rodata.write_pma_addr
                0x80018f90       0x40 lib/libhpm_sdk_lib.a(hpm_pmp_drv.c.obj)
 .rodata.__func__.0
                0x80018fd0       0x1c lib/libhpm_sdk_lib.a(hpm_pllctlv2_drv.c.obj)
 .rodata.asEntryDesc0x1600
                0x80018fec       0x12 lib/libhpm_sdk_lib.a(coeappl.c.obj)
                0x80018fec                asEntryDesc0x1600
 *fill*         0x80018ffe        0x2 
 .rodata.aName0x1600
                0x80019000       0x3e lib/libhpm_sdk_lib.a(coeappl.c.obj)
                0x80019000                aName0x1600
 *fill*         0x8001903e        0x2 
 .rodata.asEntryDesc0x1A00
                0x80019040       0x12 lib/libhpm_sdk_lib.a(coeappl.c.obj)
                0x80019040                asEntryDesc0x1A00
 *fill*         0x80019052        0x2 
 .rodata.aName0x1A00
                0x80019054       0x3e lib/libhpm_sdk_lib.a(coeappl.c.obj)
                0x80019054                aName0x1A00
 *fill*         0x80019092        0x2 
 .rodata.asEntryDesc0x1C12
                0x80019094        0xc lib/libhpm_sdk_lib.a(coeappl.c.obj)
                0x80019094                asEntryDesc0x1C12
 .rodata.aName0x1C12
                0x800190a0       0x1b lib/libhpm_sdk_lib.a(coeappl.c.obj)
                0x800190a0                aName0x1C12
 *fill*         0x800190bb        0x1 
 .rodata.asEntryDesc0x1C13
                0x800190bc        0xc lib/libhpm_sdk_lib.a(coeappl.c.obj)
                0x800190bc                asEntryDesc0x1C13
 .rodata.aName0x1C13
                0x800190c8       0x1b lib/libhpm_sdk_lib.a(coeappl.c.obj)
                0x800190c8                aName0x1C13
 *fill*         0x800190e3        0x1 
 .rodata.asEntryDesc0x6000